Archive member included to satisfy reference by file (symbol)

h:/programs/atmel/studio/7.0/toolchain/avr8/avr8-gnu-toolchain/bin/../lib/gcc/avr/5.4.0/../../../../avr/lib/avr5\libm.a(addsf3.o)
                              Sketch.o (__addsf3)
h:/programs/atmel/studio/7.0/toolchain/avr8/avr8-gnu-toolchain/bin/../lib/gcc/avr/5.4.0/../../../../avr/lib/avr5\libm.a(addsf3x.o)
                              h:/programs/atmel/studio/7.0/toolchain/avr8/avr8-gnu-toolchain/bin/../lib/gcc/avr/5.4.0/../../../../avr/lib/avr5\libm.a(addsf3.o) (__addsf3x)
h:/programs/atmel/studio/7.0/toolchain/avr8/avr8-gnu-toolchain/bin/../lib/gcc/avr/5.4.0/../../../../avr/lib/avr5\libm.a(divsf3.o)
                              Sketch.o (__divsf3)
h:/programs/atmel/studio/7.0/toolchain/avr8/avr8-gnu-toolchain/bin/../lib/gcc/avr/5.4.0/../../../../avr/lib/avr5\libm.a(divsf3x.o)
                              h:/programs/atmel/studio/7.0/toolchain/avr8/avr8-gnu-toolchain/bin/../lib/gcc/avr/5.4.0/../../../../avr/lib/avr5\libm.a(divsf3.o) (__divsf3x)
h:/programs/atmel/studio/7.0/toolchain/avr8/avr8-gnu-toolchain/bin/../lib/gcc/avr/5.4.0/../../../../avr/lib/avr5\libm.a(fixsfsi.o)
                              Sketch.o (__fixsfsi)
h:/programs/atmel/studio/7.0/toolchain/avr8/avr8-gnu-toolchain/bin/../lib/gcc/avr/5.4.0/../../../../avr/lib/avr5\libm.a(fixunssfsi.o)
                              h:/programs/atmel/studio/7.0/toolchain/avr8/avr8-gnu-toolchain/bin/../lib/gcc/avr/5.4.0/../../../../avr/lib/avr5\libm.a(fixsfsi.o) (__fixunssfsi)
h:/programs/atmel/studio/7.0/toolchain/avr8/avr8-gnu-toolchain/bin/../lib/gcc/avr/5.4.0/../../../../avr/lib/avr5\libm.a(floatsisf.o)
                              Sketch.o (__floatunsisf)
h:/programs/atmel/studio/7.0/toolchain/avr8/avr8-gnu-toolchain/bin/../lib/gcc/avr/5.4.0/../../../../avr/lib/avr5\libm.a(fp_inf.o)
                              h:/programs/atmel/studio/7.0/toolchain/avr8/avr8-gnu-toolchain/bin/../lib/gcc/avr/5.4.0/../../../../avr/lib/avr5\libm.a(addsf3x.o) (__fp_inf)
h:/programs/atmel/studio/7.0/toolchain/avr8/avr8-gnu-toolchain/bin/../lib/gcc/avr/5.4.0/../../../../avr/lib/avr5\libm.a(fp_nan.o)
                              h:/programs/atmel/studio/7.0/toolchain/avr8/avr8-gnu-toolchain/bin/../lib/gcc/avr/5.4.0/../../../../avr/lib/avr5\libm.a(addsf3x.o) (__fp_nan)
h:/programs/atmel/studio/7.0/toolchain/avr8/avr8-gnu-toolchain/bin/../lib/gcc/avr/5.4.0/../../../../avr/lib/avr5\libm.a(fp_pscA.o)
                              h:/programs/atmel/studio/7.0/toolchain/avr8/avr8-gnu-toolchain/bin/../lib/gcc/avr/5.4.0/../../../../avr/lib/avr5\libm.a(addsf3x.o) (__fp_pscA)
h:/programs/atmel/studio/7.0/toolchain/avr8/avr8-gnu-toolchain/bin/../lib/gcc/avr/5.4.0/../../../../avr/lib/avr5\libm.a(fp_pscB.o)
                              h:/programs/atmel/studio/7.0/toolchain/avr8/avr8-gnu-toolchain/bin/../lib/gcc/avr/5.4.0/../../../../avr/lib/avr5\libm.a(addsf3x.o) (__fp_pscB)
h:/programs/atmel/studio/7.0/toolchain/avr8/avr8-gnu-toolchain/bin/../lib/gcc/avr/5.4.0/../../../../avr/lib/avr5\libm.a(fp_round.o)
                              h:/programs/atmel/studio/7.0/toolchain/avr8/avr8-gnu-toolchain/bin/../lib/gcc/avr/5.4.0/../../../../avr/lib/avr5\libm.a(addsf3.o) (__fp_round)
h:/programs/atmel/studio/7.0/toolchain/avr8/avr8-gnu-toolchain/bin/../lib/gcc/avr/5.4.0/../../../../avr/lib/avr5\libm.a(fp_split3.o)
                              h:/programs/atmel/studio/7.0/toolchain/avr8/avr8-gnu-toolchain/bin/../lib/gcc/avr/5.4.0/../../../../avr/lib/avr5\libm.a(addsf3x.o) (__fp_split3)
h:/programs/atmel/studio/7.0/toolchain/avr8/avr8-gnu-toolchain/bin/../lib/gcc/avr/5.4.0/../../../../avr/lib/avr5\libm.a(fp_zero.o)
                              h:/programs/atmel/studio/7.0/toolchain/avr8/avr8-gnu-toolchain/bin/../lib/gcc/avr/5.4.0/../../../../avr/lib/avr5\libm.a(addsf3x.o) (__fp_zero)
h:/programs/atmel/studio/7.0/toolchain/avr8/avr8-gnu-toolchain/bin/../lib/gcc/avr/5.4.0/../../../../avr/lib/avr5\libm.a(mulsf3.o)
                              Sketch.o (__mulsf3)
h:/programs/atmel/studio/7.0/toolchain/avr8/avr8-gnu-toolchain/bin/../lib/gcc/avr/5.4.0/../../../../avr/lib/avr5\libm.a(mulsf3x.o)
                              h:/programs/atmel/studio/7.0/toolchain/avr8/avr8-gnu-toolchain/bin/../lib/gcc/avr/5.4.0/../../../../avr/lib/avr5\libm.a(mulsf3.o) (__mulsf3x)
H:\WORKSP~1\ElectronicsProjects\TestAndMeasurement\AD9833~1\AD9833~1\Software\DDSVCO~1\DDSVCO~1\DDSVCO~1\ARDUIN~1\Debug\libArduinoCore.a(HardwareSerial.o)
                              Sketch.o (_ZN14HardwareSerial5writeEh)
H:\WORKSP~1\ElectronicsProjects\TestAndMeasurement\AD9833~1\AD9833~1\Software\DDSVCO~1\DDSVCO~1\DDSVCO~1\ARDUIN~1\Debug\libArduinoCore.a(HardwareSerial0.o)
                              Sketch.o (Serial)
H:\WORKSP~1\ElectronicsProjects\TestAndMeasurement\AD9833~1\AD9833~1\Software\DDSVCO~1\DDSVCO~1\DDSVCO~1\ARDUIN~1\Debug\libArduinoCore.a(main.o)
[...]
Memory Configuration

Name             Origin             Length             Attributes
text             0x00000000         0x00020000         xr
data             0x00800060         0x0000ffa0         rw !x
eeprom           0x00810000         0x00010000         rw !x
fuse             0x00820000         0x00000003         rw !x
lock             0x00830000         0x00000400         rw !x
signature        0x00840000         0x00000400         rw !x
user_signatures  0x00850000         0x00000400         rw !x
*default*        0x00000000         0xffffffff

Linker script and memory map

Address of section .data set to 0x800100
LOAD H:/Programs/Atmel/Studio/7.0/Packs/Atmel/ATmega_DFP/1.2.272/gcc/dev/atmega328p/avr5/crtatmega328p.o
LOAD Sketch.o
START GROUP
LOAD h:/programs/atmel/studio/7.0/toolchain/avr8/avr8-gnu-toolchain/bin/../lib/gcc/avr/5.4.0/../../../../avr/lib/avr5\libm.a
LOAD H:\WORKSP~1\ElectronicsProjects\TestAndMeasurement\AD9833~1\AD9833~1\Software\DDSVCO~1\DDSVCO~1\DDSVCO~1\ARDUIN~1\Debug\libArduinoCore.a
END GROUP
LOAD h:/programs/atmel/studio/7.0/toolchain/avr8/avr8-gnu-toolchain/bin/../lib/gcc/avr/5.4.0/avr5\libgcc.a
LOAD h:/programs/atmel/studio/7.0/toolchain/avr8/avr8-gnu-toolchain/bin/../lib/gcc/avr/5.4.0/../../../../avr/lib/avr5\libm.a
START GROUP
LOAD h:/programs/atmel/studio/7.0/toolchain/avr8/avr8-gnu-toolchain/bin/../lib/gcc/avr/5.4.0/avr5\libgcc.a
LOAD h:/programs/atmel/studio/7.0/toolchain/avr8/avr8-gnu-toolchain/bin/../lib/gcc/avr/5.4.0/../../../../avr/lib/avr5\libm.a
LOAD h:/programs/atmel/studio/7.0/toolchain/avr8/avr8-gnu-toolchain/bin/../lib/gcc/avr/5.4.0/../../../../avr/lib/avr5\libc.a
LOAD H:/Programs/Atmel/Studio/7.0/Packs/Atmel/ATmega_DFP/1.2.272/gcc/dev/atmega328p/avr5\libatmega328p.a
END GROUP
                0x00020000                __TEXT_REGION_LENGTH__ = DEFINED (__TEXT_REGION_LENGTH__)?__TEXT_REGION_LENGTH__:0x20000
                0x0000ffa0                __DATA_REGION_LENGTH__ = DEFINED (__DATA_REGION_LENGTH__)?__DATA_REGION_LENGTH__:0xffa0
                0x00010000                __EEPROM_REGION_LENGTH__ = DEFINED (__EEPROM_REGION_LENGTH__)?__EEPROM_REGION_LENGTH__:0x10000
                [0x00000003]                __FUSE_REGION_LENGTH__ = DEFINED (__FUSE_REGION_LENGTH__)?__FUSE_REGION_LENGTH__:0x400
                0x00000400                __LOCK_REGION_LENGTH__ = DEFINED (__LOCK_REGION_LENGTH__)?__LOCK_REGION_LENGTH__:0x400
                0x00000400                __SIGNATURE_REGION_LENGTH__ = DEFINED (__SIGNATURE_REGION_LENGTH__)?__SIGNATURE_REGION_LENGTH__:0x400
                0x00000400                __USER_SIGNATURE_REGION_LENGTH__ = DEFINED (__USER_SIGNATURE_REGION_LENGTH__)?__USER_SIGNATURE_REGION_LENGTH__:0x400

.hash
 *(.hash)

.dynsym
 *(.dynsym)

.dynstr
 *(.dynstr)

.gnu.version
 *(.gnu.version)

.gnu.version_d
 *(.gnu.version_d)

.gnu.version_r
 *(.gnu.version_r)

.rel.init
 *(.rel.init)

.rela.init
 *(.rela.init)

.rel.text
 *(.rel.text)
 *(.rel.text.*)
 *(.rel.gnu.linkonce.t*)

.rela.text
 *(.rela.text)
 *(.rela.text.*)
 *(.rela.gnu.linkonce.t*)

.rel.fini
 *(.rel.fini)

.rela.fini
 *(.rela.fini)

.rel.rodata
 *(.rel.rodata)
 *(.rel.rodata.*)
 *(.rel.gnu.linkonce.r*)

.rela.rodata
 *(.rela.rodata)
 *(.rela.rodata.*)
 *(.rela.gnu.linkonce.r*)

.rel.data
 *(.rel.data)
 *(.rel.data.*)
 *(.rel.gnu.linkonce.d*)

.rela.data
 *(.rela.data)
 *(.rela.data.*)
 *(.rela.gnu.linkonce.d*)

.rel.ctors
 *(.rel.ctors)

.rela.ctors
 *(.rela.ctors)

.rel.dtors
 *(.rel.dtors)

.rela.dtors
 *(.rela.dtors)

.rel.got
 *(.rel.got)

.rela.got
 *(.rela.got)

.rel.bss
 *(.rel.bss)

.rela.bss
 *(.rela.bss)

.rel.plt
 *(.rel.plt)

.rela.plt
 *(.rela.plt)

.text           0x00000000     0x461e
 *(.vectors)
 .vectors       0x00000000       0x68 H:/Programs/Atmel/Studio/7.0/Packs/Atmel/ATmega_DFP/1.2.272/gcc/dev/atmega328p/avr5/crtatmega328p.o
                0x00000000                __vector_default
                0x00000000                __vectors
 *(.vectors)
 *(.progmem.gcc*)
                0x00000068                . = ALIGN (0x2)
                0x00000068                __trampolines_start = .
 *(.trampolines)
 .trampolines   0x00000068        0x0 linker stubs
 *(.trampolines*)
                0x00000068                __trampolines_end = .
 *libprintf_flt.a:*(.progmem.data)
 *libc.a:*(.progmem.data)
 *(.progmem*)
 .progmem.data._ZL34digital_pin_to_port_bit_number_PGM
                0x00000068       0x14 Sketch.o
 .progmem.data.digital_pin_to_timer_PGM
                0x0000007c       0x14 H:\WORKSP~1\ElectronicsProjects\TestAndMeasurement\AD9833~1\AD9833~1\Software\DDSVCO~1\DDSVCO~1\DDSVCO~1\ARDUIN~1\Debug\libArduinoCore.a(wiring_digital.o)
                0x0000007c                digital_pin_to_timer_PGM
 .progmem.data.digital_pin_to_bit_mask_PGM
                0x00000090       0x14 H:\WORKSP~1\ElectronicsProjects\TestAndMeasurement\AD9833~1\AD9833~1\Software\DDSVCO~1\DDSVCO~1\DDSVCO~1\ARDUIN~1\Debug\libArduinoCore.a(wiring_digital.o)
                0x00000090                digital_pin_to_bit_mask_PGM
 .progmem.data.digital_pin_to_port_PGM
                0x000000a4       0x14 H:\WORKSP~1\ElectronicsProjects\TestAndMeasurement\AD9833~1\AD9833~1\Software\DDSVCO~1\DDSVCO~1\DDSVCO~1\ARDUIN~1\Debug\libArduinoCore.a(wiring_digital.o)
                0x000000a4                digital_pin_to_port_PGM
 .progmem.data.port_to_input_PGM
                0x000000b8        0xa H:\WORKSP~1\ElectronicsProjects\TestAndMeasurement\AD9833~1\AD9833~1\Software\DDSVCO~1\DDSVCO~1\DDSVCO~1\ARDUIN~1\Debug\libArduinoCore.a(wiring_digital.o)
                0x000000b8                port_to_input_PGM
 .progmem.data.port_to_output_PGM
                0x000000c2        0xa H:\WORKSP~1\ElectronicsProjects\TestAndMeasurement\AD9833~1\AD9833~1\Software\DDSVCO~1\DDSVCO~1\DDSVCO~1\ARDUIN~1\Debug\libArduinoCore.a(wiring_digital.o)
                0x000000c2                port_to_output_PGM
 .progmem.data.port_to_mode_PGM
                0x000000cc        0xa H:\WORKSP~1\ElectronicsProjects\TestAndMeasurement\AD9833~1\AD9833~1\Software\DDSVCO~1\DDSVCO~1\DDSVCO~1\ARDUIN~1\Debug\libArduinoCore.a(wiring_digital.o)
                0x000000cc                port_to_mode_PGM
 .progmem.data._ZL4font
                0x000000d6      0x500 H:\WORKSP~1\ElectronicsProjects\TestAndMeasurement\AD9833~1\AD9833~1\Software\DDSVCO~1\DDSVCO~1\DDSVCO~1\ARDUIN~1\Debug\libArduinoCore.a(Adafruit_GFX.o)
                0x000005d6                . = ALIGN (0x2)
 *(.jumptables)
 *(.jumptables*)
 *(.lowtext)
 *(.lowtext*)
                0x000005d6                __ctors_start = .
 *(.ctors)
 .ctors         0x000005d6        0x2 Sketch.o
 .ctors         0x000005d8        0x2 H:\WORKSP~1\ElectronicsProjects\TestAndMeasurement\AD9833~1\AD9833~1\Software\DDSVCO~1\DDSVCO~1\DDSVCO~1\ARDUIN~1\Debug\libArduinoCore.a(HardwareSerial0.o)
 .ctors         0x000005da        0x2 H:\WORKSP~1\ElectronicsProjects\TestAndMeasurement\AD9833~1\AD9833~1\Software\DDSVCO~1\DDSVCO~1\DDSVCO~1\ARDUIN~1\Debug\libArduinoCore.a(Wire.o)
                0x000005dc                __ctors_end = .
                0x000005dc                __dtors_start = .
 *(.dtors)
                0x000005dc                __dtors_end = .
 SORT(*)(.ctors)
 SORT(*)(.dtors)
 *(.init0)
 .init0         0x000005dc        0x0 H:/Programs/Atmel/Studio/7.0/Packs/Atmel/ATmega_DFP/1.2.272/gcc/dev/atmega328p/avr5/crtatmega328p.o
                0x000005dc                __init
 *(.init0)
 *(.init1)
 *(.init1)
 *(.init2)
 .init2         0x000005dc        0xc H:/Programs/Atmel/Studio/7.0/Packs/Atmel/ATmega_DFP/1.2.272/gcc/dev/atmega328p/avr5/crtatmega328p.o
 *(.init2)
 *(.init3)
 *(.init3)
 *(.init4)
 .init4         0x000005e8       0x16 h:/programs/atmel/studio/7.0/toolchain/avr8/avr8-gnu-toolchain/bin/../lib/gcc/avr/5.4.0/avr5\libgcc.a(_copy_data.o)
                0x000005e8                __do_copy_data
 .init4         0x000005fe       0x10 h:/programs/atmel/studio/7.0/toolchain/avr8/avr8-gnu-toolchain/bin/../lib/gcc/avr/5.4.0/avr5\libgcc.a(_clear_bss.o)
                0x000005fe                __do_clear_bss
 *(.init4)
 *(.init5)
 *(.init5)
 *(.init6)
 .init6         0x0000060e       0x16 h:/programs/atmel/studio/7.0/toolchain/avr8/avr8-gnu-toolchain/bin/../lib/gcc/avr/5.4.0/avr5\libgcc.a(_ctors.o)
                0x0000060e                __do_global_ctors
 *(.init6)
 *(.init7)
 *(.init7)
 *(.init8)
 *(.init8)
 *(.init9)
 .init9         0x00000624        0x8 H:/Programs/Atmel/Studio/7.0/Packs/Atmel/ATmega_DFP/1.2.272/gcc/dev/atmega328p/avr5/crtatmega328p.o
 *(.init9)
 *(.text)
 .text          0x0000062c        0x4 H:/Programs/Atmel/Studio/7.0/Packs/Atmel/ATmega_DFP/1.2.272/gcc/dev/atmega328p/avr5/crtatmega328p.o
                0x0000062c                __vector_22
                0x0000062c                __vector_12
                0x0000062c                __bad_interrupt
                0x0000062c                __vector_6
                0x0000062c                __vector_23
                0x0000062c                __vector_25
                0x0000062c                __vector_11
                0x0000062c                __vector_17
                0x0000062c                __vector_7
                0x0000062c                __vector_9
                0x0000062c                __vector_15
                0x0000062c                __vector_8
                0x0000062c                __vector_14
                0x0000062c                __vector_10
                0x0000062c                __vector_20
                0x00000630                . = ALIGN (0x2)
 *(.text.*)
 .text._Z8doPD2Intv
                0x00000630       0x90 Sketch.o
                0x00000630                _Z8doPD2Intv
 .text._Z8doPD5Intv
                0x000006c0       0xd2 Sketch.o
                0x000006c0                _Z8doPD5Intv
 .text._Z8doPD6Intv
                0x00000792       0x16 Sketch.o
                0x00000792                _Z8doPD6Intv
 .text._ZN8SPIClass14endTransactionEv.part.0
                0x000007a8       0x1a Sketch.o
 .text._Z9adc_setupv
                0x000007c2       0x2c Sketch.o
                0x000007c2                _Z9adc_setupv
 .text.__vector_21
                0x000007ee      0x11e Sketch.o
                0x000007ee                __vector_21
 .text._ZN8SPIClass16beginTransactionE11SPISettings
                0x0000090c       0x34 Sketch.o
                0x0000090c                _ZN8SPIClass16beginTransactionE11SPISettings
 .text._ZN8SPIClass8transferEh
                0x00000940        0xe Sketch.o
                0x00000940                _ZN8SPIClass8transferEh
 .text._ZN8SPIClass10transfer16Ej
                0x0000094e       0x3a Sketch.o
                0x0000094e                _ZN8SPIClass10transfer16Ej
 .text._Z17digipot_write_spiiih
                0x00000988       0x42 Sketch.o
                0x00000988                _Z17digipot_write_spiiih
 .text._Z8doPD3Intv
                0x000009ca       0xda Sketch.o
                0x000009ca                _Z8doPD3Intv
 .text._Z13write_dds_spiv
                0x00000aa4       0x56 Sketch.o
                0x00000aa4                _Z13write_dds_spiv
 .text._Z15setDDSFrequencyl
                0x00000afa       0xfc Sketch.o
                0x00000afa                _Z15setDDSFrequencyl
 .text._Z17dds_callback_funcv
                0x00000bf6      0x374 Sketch.o
                0x00000bf6                _Z17dds_callback_funcv
 .text._Z11doTimer1Intv
                0x00000f6a        0x4 Sketch.o
                0x00000f6a                _Z11doTimer1Intv
 .text._Z15enableInterrupthPFvvEh
                0x00000f6e      0x1a0 Sketch.o
                0x00000f6e                _Z15enableInterrupthPFvvEh
 .text.__vector_1
                0x0000110e       0x4e Sketch.o
                0x0000110e                __vector_1
 .text.__vector_2
                0x0000115c       0x4e Sketch.o
                0x0000115c                __vector_2
 .text.__vector_3
                0x000011aa       0xc6 Sketch.o
                0x000011aa                __vector_3
 .text.__vector_4
                0x00001270       0xc6 Sketch.o
                0x00001270                __vector_4
 .text.__vector_5
                0x00001336       0xe2 Sketch.o
                0x00001336                __vector_5
 .text._Z11setup_pcintv
                0x00001418       0x30 Sketch.o
                0x00001418                _Z11setup_pcintv
 .text._Z10oled_setupv
                0x00001448       0x1e Sketch.o
                0x00001448                _Z10oled_setupv
 .text._Z13oled_set_textii
                0x00001466       0x1e Sketch.o
                0x00001466                _Z13oled_set_textii
 .text._Z10oled_resetv
                0x00001484       0x18 Sketch.o
                0x00001484                _Z10oled_resetv
 .text._Z16printCurrentFreqv
                0x0000149c       0x78 Sketch.o
                0x0000149c                _Z16printCurrentFreqv
 .text._Z14printLowerFreqv
                0x00001514       0x78 Sketch.o
                0x00001514                _Z14printLowerFreqv
 .text._Z14printUpperFreqv
                0x0000158c       0x78 Sketch.o
                0x0000158c                _Z14printUpperFreqv
 .text._Z9oled_drawv
                0x00001604      0x116 Sketch.o
                0x00001604                _Z9oled_drawv
 .text.setup    0x0000171a      0x188 Sketch.o
                0x0000171a                setup
 .text.loop     0x000018a2        0x4 Sketch.o
                0x000018a2                loop
 .text.startup._GLOBAL__sub_I__Z17printBinaryNIBBLEh
                0x000018a6       0x1a Sketch.o
 .text.avr-libc.fplib
                0x000018c0        0xe h:/programs/atmel/studio/7.0/toolchain/avr8/avr8-gnu-toolchain/bin/../lib/gcc/avr/5.4.0/../../../../avr/lib/avr5\libm.a(addsf3.o)
                0x000018c0                __subsf3
                0x000018c2                __addsf3
 .text.avr-libc.fplib
                0x000018ce       0xcc h:/programs/atmel/studio/7.0/toolchain/avr8/avr8-gnu-toolchain/bin/../lib/gcc/avr/5.4.0/../../../../avr/lib/avr5\libm.a(addsf3x.o)
                0x000018f0                __addsf3x
 .text.avr-libc.fplib
                0x0000199a        0x8 h:/programs/atmel/studio/7.0/toolchain/avr8/avr8-gnu-toolchain/bin/../lib/gcc/avr/5.4.0/../../../../avr/lib/avr5\libm.a(divsf3.o)
                0x0000199a                __divsf3
 .text.avr-libc.fplib
                0x000019a2       0xdc h:/programs/atmel/studio/7.0/toolchain/avr8/avr8-gnu-toolchain/bin/../lib/gcc/avr/5.4.0/../../../../avr/lib/avr5\libm.a(divsf3x.o)
                0x000019c2                __divsf3x
                0x000019c8                __divsf3_pse
 .text.avr-libc.fplib
                0x00001a7e        0xe h:/programs/atmel/studio/7.0/toolchain/avr8/avr8-gnu-toolchain/bin/../lib/gcc/avr/5.4.0/../../../../avr/lib/avr5\libm.a(fixsfsi.o)
                0x00001a7e                __fixsfsi
 .text.avr-libc.fplib
                0x00001a8c       0x5e h:/programs/atmel/studio/7.0/toolchain/avr8/avr8-gnu-toolchain/bin/../lib/gcc/avr/5.4.0/../../../../avr/lib/avr5\libm.a(fixunssfsi.o)
                0x00001a8c                __fixunssfsi
 .text.avr-libc.fplib
                0x00001aea       0x7a h:/programs/atmel/studio/7.0/toolchain/avr8/avr8-gnu-toolchain/bin/../lib/gcc/avr/5.4.0/../../../../avr/lib/avr5\libm.a(floatsisf.o)
                0x00001aea                __floatunsisf
                0x00001aee                __floatsisf
 .text.avr-libc.fplib
                0x00001b64        0xc h:/programs/atmel/studio/7.0/toolchain/avr8/avr8-gnu-toolchain/bin/../lib/gcc/avr/5.4.0/../../../../avr/lib/avr5\libm.a(fp_inf.o)
                0x00001b64                __fp_inf
 .text.avr-libc.fplib
                0x00001b70        0x6 h:/programs/atmel/studio/7.0/toolchain/avr8/avr8-gnu-toolchain/bin/../lib/gcc/avr/5.4.0/../../../../avr/lib/avr5\libm.a(fp_nan.o)
                0x00001b70                __fp_nan
 .text.avr-libc.fplib
                0x00001b76        0xe h:/programs/atmel/studio/7.0/toolchain/avr8/avr8-gnu-toolchain/bin/../lib/gcc/avr/5.4.0/../../../../avr/lib/avr5\libm.a(fp_pscA.o)
                0x00001b76                __fp_pscA
 .text.avr-libc.fplib
                0x00001b84        0xe h:/programs/atmel/studio/7.0/toolchain/avr8/avr8-gnu-toolchain/bin/../lib/gcc/avr/5.4.0/../../../../avr/lib/avr5\libm.a(fp_pscB.o)
                0x00001b84                __fp_pscB
 .text.avr-libc.fplib
                0x00001b92       0x22 h:/programs/atmel/studio/7.0/toolchain/avr8/avr8-gnu-toolchain/bin/../lib/gcc/avr/5.4.0/../../../../avr/lib/avr5\libm.a(fp_round.o)
                0x00001b92                __fp_round
 .text.avr-libc.fplib
                0x00001bb4       0x44 h:/programs/atmel/studio/7.0/toolchain/avr8/avr8-gnu-toolchain/bin/../lib/gcc/avr/5.4.0/../../../../avr/lib/avr5\libm.a(fp_split3.o)
                0x00001bb4                __fp_split3
                0x00001bc4                __fp_splitA
 .text.avr-libc.fplib
                0x00001bf8        0xe h:/programs/atmel/studio/7.0/toolchain/avr8/avr8-gnu-toolchain/bin/../lib/gcc/avr/5.4.0/../../../../avr/lib/avr5\libm.a(fp_zero.o)
                0x00001bf8                __fp_zero
                0x00001bfa                __fp_szero
 .text.avr-libc.fplib
                0x00001c06        0x8 h:/programs/atmel/studio/7.0/toolchain/avr8/avr8-gnu-toolchain/bin/../lib/gcc/avr/5.4.0/../../../../avr/lib/avr5\libm.a(mulsf3.o)
                0x00001c06                __mulsf3
 .text.avr-libc.fplib
                0x00001c0e       0xd2 h:/programs/atmel/studio/7.0/toolchain/avr8/avr8-gnu-toolchain/bin/../lib/gcc/avr/5.4.0/../../../../avr/lib/avr5\libm.a(mulsf3x.o)
                0x00001c2c                __mulsf3x
                0x00001c32                __mulsf3_pse
 .text._ZN14HardwareSerial9availableEv
                0x00001ce0       0x18 H:\WORKSP~1\ElectronicsProjects\TestAndMeasurement\AD9833~1\AD9833~1\Software\DDSVCO~1\DDSVCO~1\DDSVCO~1\ARDUIN~1\Debug\libArduinoCore.a(HardwareSerial.o)
                0x00001ce0                _ZN14HardwareSerial9availableEv
 .text._ZN14HardwareSerial4peekEv
                0x00001cf8       0x1c H:\WORKSP~1\ElectronicsProjects\TestAndMeasurement\AD9833~1\AD9833~1\Software\DDSVCO~1\DDSVCO~1\DDSVCO~1\ARDUIN~1\Debug\libArduinoCore.a(HardwareSerial.o)
                0x00001cf8                _ZN14HardwareSerial4peekEv
 .text._ZN14HardwareSerial4readEv
                0x00001d14       0x28 H:\WORKSP~1\ElectronicsProjects\TestAndMeasurement\AD9833~1\AD9833~1\Software\DDSVCO~1\DDSVCO~1\DDSVCO~1\ARDUIN~1\Debug\libArduinoCore.a(HardwareSerial.o)
                0x00001d14                _ZN14HardwareSerial4readEv
 .text._ZN14HardwareSerial17availableForWriteEv
                0x00001d3c       0x1e H:\WORKSP~1\ElectronicsProjects\TestAndMeasurement\AD9833~1\AD9833~1\Software\DDSVCO~1\DDSVCO~1\DDSVCO~1\ARDUIN~1\Debug\libArduinoCore.a(HardwareSerial.o)
                0x00001d3c                _ZN14HardwareSerial17availableForWriteEv
 .text._Z14serialEventRunv
                0x00001d5a       0x1c H:\WORKSP~1\ElectronicsProjects\TestAndMeasurement\AD9833~1\AD9833~1\Software\DDSVCO~1\DDSVCO~1\DDSVCO~1\ARDUIN~1\Debug\libArduinoCore.a(HardwareSerial.o)
                0x00001d5a                _Z14serialEventRunv
 .text._ZN14HardwareSerial17_tx_udr_empty_irqEv
                0x00001d76       0x42 H:\WORKSP~1\ElectronicsProjects\TestAndMeasurement\AD9833~1\AD9833~1\Software\DDSVCO~1\DDSVCO~1\DDSVCO~1\ARDUIN~1\Debug\libArduinoCore.a(HardwareSerial.o)
                0x00001d76                _ZN14HardwareSerial17_tx_udr_empty_irqEv
 .text._ZN14HardwareSerial5writeEh
                0x00001db8       0x8e H:\WORKSP~1\ElectronicsProjects\TestAndMeasurement\AD9833~1\AD9833~1\Software\DDSVCO~1\DDSVCO~1\DDSVCO~1\ARDUIN~1\Debug\libArduinoCore.a(HardwareSerial.o)
                0x00001db8                _ZN14HardwareSerial5writeEh
 .text._ZN14HardwareSerial5flushEv
                0x00001e46       0x44 H:\WORKSP~1\ElectronicsProjects\TestAndMeasurement\AD9833~1\AD9833~1\Software\DDSVCO~1\DDSVCO~1\DDSVCO~1\ARDUIN~1\Debug\libArduinoCore.a(HardwareSerial.o)
                0x00001e46                _ZN14HardwareSerial5flushEv
 .text._ZN14HardwareSerial5beginEmh
                0x00001e8a       0xca H:\WORKSP~1\ElectronicsProjects\TestAndMeasurement\AD9833~1\AD9833~1\Software\DDSVCO~1\DDSVCO~1\DDSVCO~1\ARDUIN~1\Debug\libArduinoCore.a(HardwareSerial.o)
                0x00001e8a                _ZN14HardwareSerial5beginEmh
 .text._ZN5Print17availableForWriteEv
                0x00001f54        0x6 H:\WORKSP~1\ElectronicsProjects\TestAndMeasurement\AD9833~1\AD9833~1\Software\DDSVCO~1\DDSVCO~1\DDSVCO~1\ARDUIN~1\Debug\libArduinoCore.a(HardwareSerial0.o)
                0x00001f54                _ZN5Print17availableForWriteEv
 .text._ZN5Print5flushEv
                0x00001f5a        0x2 H:\WORKSP~1\ElectronicsProjects\TestAndMeasurement\AD9833~1\AD9833~1\Software\DDSVCO~1\DDSVCO~1\DDSVCO~1\ARDUIN~1\Debug\libArduinoCore.a(HardwareSerial0.o)
                0x00001f5a                _ZN5Print5flushEv
 .text.__vector_18
                0x00001f5c       0x64 H:\WORKSP~1\ElectronicsProjects\TestAndMeasurement\AD9833~1\AD9833~1\Software\DDSVCO~1\DDSVCO~1\DDSVCO~1\ARDUIN~1\Debug\libArduinoCore.a(HardwareSerial0.o)
                0x00001f5c                __vector_18
 .text.__vector_19
                0x00001fc0       0x4c H:\WORKSP~1\ElectronicsProjects\TestAndMeasurement\AD9833~1\AD9833~1\Software\DDSVCO~1\DDSVCO~1\DDSVCO~1\ARDUIN~1\Debug\libArduinoCore.a(HardwareSerial0.o)
                0x00001fc0                __vector_19
 .text._Z17Serial0_availablev
                0x0000200c       0x14 H:\WORKSP~1\ElectronicsProjects\TestAndMeasurement\AD9833~1\AD9833~1\Software\DDSVCO~1\DDSVCO~1\DDSVCO~1\ARDUIN~1\Debug\libArduinoCore.a(HardwareSerial0.o)
                0x0000200c                _Z17Serial0_availablev
 .text.startup._GLOBAL__sub_I___vector_18
                0x00002020       0x5a H:\WORKSP~1\ElectronicsProjects\TestAndMeasurement\AD9833~1\AD9833~1\Software\DDSVCO~1\DDSVCO~1\DDSVCO~1\ARDUIN~1\Debug\libArduinoCore.a(HardwareSerial0.o)
 .text.initVariant
                0x0000207a        0x2 H:\WORKSP~1\ElectronicsProjects\TestAndMeasurement\AD9833~1\AD9833~1\Software\DDSVCO~1\DDSVCO~1\DDSVCO~1\ARDUIN~1\Debug\libArduinoCore.a(main.o)
                0x0000207a                initVariant
 .text.startup.main
                0x0000207c       0x1e H:\WORKSP~1\ElectronicsProjects\TestAndMeasurement\AD9833~1\AD9833~1\Software\DDSVCO~1\DDSVCO~1\DDSVCO~1\ARDUIN~1\Debug\libArduinoCore.a(main.o)
                0x0000207c                main
 .text._ZN5Print5writeEPKhj
                0x0000209a       0x54 H:\WORKSP~1\ElectronicsProjects\TestAndMeasurement\AD9833~1\AD9833~1\Software\DDSVCO~1\DDSVCO~1\DDSVCO~1\ARDUIN~1\Debug\libArduinoCore.a(Print.o)
                0x0000209a                _ZN5Print5writeEPKhj
 .text._ZN5Print5writeEPKc
                0x000020ee       0x2a H:\WORKSP~1\ElectronicsProjects\TestAndMeasurement\AD9833~1\AD9833~1\Software\DDSVCO~1\DDSVCO~1\DDSVCO~1\ARDUIN~1\Debug\libArduinoCore.a(Print.o)
                0x000020ee                _ZN5Print5writeEPKc
 .text._ZN5Print5printEPKc
                0x00002118        0x4 H:\WORKSP~1\ElectronicsProjects\TestAndMeasurement\AD9833~1\AD9833~1\Software\DDSVCO~1\DDSVCO~1\DDSVCO~1\ARDUIN~1\Debug\libArduinoCore.a(Print.o)
                0x00002118                _ZN5Print5printEPKc
 .text._ZN5Print5printEc
                0x0000211c        0xe H:\WORKSP~1\ElectronicsProjects\TestAndMeasurement\AD9833~1\AD9833~1\Software\DDSVCO~1\DDSVCO~1\DDSVCO~1\ARDUIN~1\Debug\libArduinoCore.a(Print.o)
                0x0000211c                _ZN5Print5printEc
 .text._ZN5Print11printNumberEmh
                0x0000212a       0x92 H:\WORKSP~1\ElectronicsProjects\TestAndMeasurement\AD9833~1\AD9833~1\Software\DDSVCO~1\DDSVCO~1\DDSVCO~1\ARDUIN~1\Debug\libArduinoCore.a(Print.o)
                0x0000212a                _ZN5Print11printNumberEmh
 .text._ZN5Print5printEmi
                0x000021bc       0x1a H:\WORKSP~1\ElectronicsProjects\TestAndMeasurement\AD9833~1\AD9833~1\Software\DDSVCO~1\DDSVCO~1\DDSVCO~1\ARDUIN~1\Debug\libArduinoCore.a(Print.o)
                0x000021bc                _ZN5Print5printEmi
 .text._ZN5Print5printEji
                0x000021d6        0xc H:\WORKSP~1\ElectronicsProjects\TestAndMeasurement\AD9833~1\AD9833~1\Software\DDSVCO~1\DDSVCO~1\DDSVCO~1\ARDUIN~1\Debug\libArduinoCore.a(Print.o)
                0x000021d6                _ZN5Print5printEji
 .text._ZN5Print5printEli
                0x000021e2       0x90 H:\WORKSP~1\ElectronicsProjects\TestAndMeasurement\AD9833~1\AD9833~1\Software\DDSVCO~1\DDSVCO~1\DDSVCO~1\ARDUIN~1\Debug\libArduinoCore.a(Print.o)
                0x000021e2                _ZN5Print5printEli
 .text._ZN5Print5printEii
                0x00002272        0xe H:\WORKSP~1\ElectronicsProjects\TestAndMeasurement\AD9833~1\AD9833~1\Software\DDSVCO~1\DDSVCO~1\DDSVCO~1\ARDUIN~1\Debug\libArduinoCore.a(Print.o)
                0x00002272                _ZN5Print5printEii
 .text._ZN5Print10printFloatEdh
                0x00002280      0x1b6 H:\WORKSP~1\ElectronicsProjects\TestAndMeasurement\AD9833~1\AD9833~1\Software\DDSVCO~1\DDSVCO~1\DDSVCO~1\ARDUIN~1\Debug\libArduinoCore.a(Print.o)
                0x00002280                _ZN5Print10printFloatEdh
 .text._ZN5Print5printEdi
                0x00002436        0x4 H:\WORKSP~1\ElectronicsProjects\TestAndMeasurement\AD9833~1\AD9833~1\Software\DDSVCO~1\DDSVCO~1\DDSVCO~1\ARDUIN~1\Debug\libArduinoCore.a(Print.o)
                0x00002436                _ZN5Print5printEdi
 .text.__vector_16
                0x0000243a       0x94 H:\WORKSP~1\ElectronicsProjects\TestAndMeasurement\AD9833~1\AD9833~1\Software\DDSVCO~1\DDSVCO~1\DDSVCO~1\ARDUIN~1\Debug\libArduinoCore.a(wiring.o)
                0x0000243a                __vector_16
 .text.millis   0x000024ce       0x18 H:\WORKSP~1\ElectronicsProjects\TestAndMeasurement\AD9833~1\AD9833~1\Software\DDSVCO~1\DDSVCO~1\DDSVCO~1\ARDUIN~1\Debug\libArduinoCore.a(wiring.o)
                0x000024ce                millis
 .text.micros   0x000024e6       0x4a H:\WORKSP~1\ElectronicsProjects\TestAndMeasurement\AD9833~1\AD9833~1\Software\DDSVCO~1\DDSVCO~1\DDSVCO~1\ARDUIN~1\Debug\libArduinoCore.a(wiring.o)
                0x000024e6                micros
 .text.delay    0x00002530       0x78 H:\WORKSP~1\ElectronicsProjects\TestAndMeasurement\AD9833~1\AD9833~1\Software\DDSVCO~1\DDSVCO~1\DDSVCO~1\ARDUIN~1\Debug\libArduinoCore.a(wiring.o)
                0x00002530                delay
 .text.init     0x000025a8       0x76 H:\WORKSP~1\ElectronicsProjects\TestAndMeasurement\AD9833~1\AD9833~1\Software\DDSVCO~1\DDSVCO~1\DDSVCO~1\ARDUIN~1\Debug\libArduinoCore.a(wiring.o)
                0x000025a8                init
 .text.turnOffPWM
                0x0000261e       0x52 H:\WORKSP~1\ElectronicsProjects\TestAndMeasurement\AD9833~1\AD9833~1\Software\DDSVCO~1\DDSVCO~1\DDSVCO~1\ARDUIN~1\Debug\libArduinoCore.a(wiring_digital.o)
 .text.pinMode  0x00002670       0x78 H:\WORKSP~1\ElectronicsProjects\TestAndMeasurement\AD9833~1\AD9833~1\Software\DDSVCO~1\DDSVCO~1\DDSVCO~1\ARDUIN~1\Debug\libArduinoCore.a(wiring_digital.o)
                0x00002670                pinMode
 .text.digitalWrite
                0x000026e8       0x5e H:\WORKSP~1\ElectronicsProjects\TestAndMeasurement\AD9833~1\AD9833~1\Software\DDSVCO~1\DDSVCO~1\DDSVCO~1\ARDUIN~1\Debug\libArduinoCore.a(wiring_digital.o)
                0x000026e8                digitalWrite
 .text._Z3maplllll
                0x00002746       0x82 H:\WORKSP~1\ElectronicsProjects\TestAndMeasurement\AD9833~1\AD9833~1\Software\DDSVCO~1\DDSVCO~1\DDSVCO~1\ARDUIN~1\Debug\libArduinoCore.a(WMath.o)
                0x00002746                _Z3maplllll
 .text._ZN12Adafruit_GFX9writeLineEiiiij
                0x000027c8      0x164 H:\WORKSP~1\ElectronicsProjects\TestAndMeasurement\AD9833~1\AD9833~1\Software\DDSVCO~1\DDSVCO~1\DDSVCO~1\ARDUIN~1\Debug\libArduinoCore.a(Adafruit_GFX.o)
                0x000027c8                _ZN12Adafruit_GFX9writeLineEiiiij
 .text._ZN12Adafruit_GFX10writePixelEiij
                0x0000292c        0xe H:\WORKSP~1\ElectronicsProjects\TestAndMeasurement\AD9833~1\AD9833~1\Software\DDSVCO~1\DDSVCO~1\DDSVCO~1\ARDUIN~1\Debug\libArduinoCore.a(Adafruit_GFX.o)
                0x0000292c                _ZN12Adafruit_GFX10writePixelEiij
 .text._ZN12Adafruit_GFX14writeFastVLineEiiij
                0x0000293a       0x18 H:\WORKSP~1\ElectronicsProjects\TestAndMeasurement\AD9833~1\AD9833~1\Software\DDSVCO~1\DDSVCO~1\DDSVCO~1\ARDUIN~1\Debug\libArduinoCore.a(Adafruit_GFX.o)
                0x0000293a                _ZN12Adafruit_GFX14writeFastVLineEiiij
 .text._ZN12Adafruit_GFX14writeFastHLineEiiij
                0x00002952       0x18 H:\WORKSP~1\ElectronicsProjects\TestAndMeasurement\AD9833~1\AD9833~1\Software\DDSVCO~1\DDSVCO~1\DDSVCO~1\ARDUIN~1\Debug\libArduinoCore.a(Adafruit_GFX.o)
                0x00002952                _ZN12Adafruit_GFX14writeFastHLineEiiij
 .text._ZN12Adafruit_GFX13writeFillRectEiiiij
                0x0000296a       0x20 H:\WORKSP~1\ElectronicsProjects\TestAndMeasurement\AD9833~1\AD9833~1\Software\DDSVCO~1\DDSVCO~1\DDSVCO~1\ARDUIN~1\Debug\libArduinoCore.a(Adafruit_GFX.o)
                0x0000296a                _ZN12Adafruit_GFX13writeFillRectEiiiij
 .text._ZN12Adafruit_GFX8endWriteEv
                0x0000298a        0x2 H:\WORKSP~1\ElectronicsProjects\TestAndMeasurement\AD9833~1\AD9833~1\Software\DDSVCO~1\DDSVCO~1\DDSVCO~1\ARDUIN~1\Debug\libArduinoCore.a(Adafruit_GFX.o)
                0x0000298a                _ZN12Adafruit_GFX10startWriteEv
                0x0000298a                _ZN12Adafruit_GFX8endWriteEv
 .text._ZN12Adafruit_GFX13drawFastVLineEiiij
                0x0000298c       0x72 H:\WORKSP~1\ElectronicsProjects\TestAndMeasurement\AD9833~1\AD9833~1\Software\DDSVCO~1\DDSVCO~1\DDSVCO~1\ARDUIN~1\Debug\libArduinoCore.a(Adafruit_GFX.o)
                0x0000298c                _ZN12Adafruit_GFX13drawFastVLineEiiij
 .text._ZN12Adafruit_GFX13drawFastHLineEiiij
                0x000029fe       0x72 H:\WORKSP~1\ElectronicsProjects\TestAndMeasurement\AD9833~1\AD9833~1\Software\DDSVCO~1\DDSVCO~1\DDSVCO~1\ARDUIN~1\Debug\libArduinoCore.a(Adafruit_GFX.o)
                0x000029fe                _ZN12Adafruit_GFX13drawFastHLineEiiij
 .text._ZN12Adafruit_GFX8fillRectEiiiij
                0x00002a70       0x8a H:\WORKSP~1\ElectronicsProjects\TestAndMeasurement\AD9833~1\AD9833~1\Software\DDSVCO~1\DDSVCO~1\DDSVCO~1\ARDUIN~1\Debug\libArduinoCore.a(Adafruit_GFX.o)
                0x00002a70                _ZN12Adafruit_GFX8fillRectEiiiij
 .text._ZN12Adafruit_GFX10fillScreenEj
                0x00002afa       0x3a H:\WORKSP~1\ElectronicsProjects\TestAndMeasurement\AD9833~1\AD9833~1\Software\DDSVCO~1\DDSVCO~1\DDSVCO~1\ARDUIN~1\Debug\libArduinoCore.a(Adafruit_GFX.o)
                0x00002afa                _ZN12Adafruit_GFX10fillScreenEj
 .text._ZN12Adafruit_GFX8drawLineEiiiij
                0x00002b34       0xda H:\WORKSP~1\ElectronicsProjects\TestAndMeasurement\AD9833~1\AD9833~1\Software\DDSVCO~1\DDSVCO~1\DDSVCO~1\ARDUIN~1\Debug\libArduinoCore.a(Adafruit_GFX.o)
                0x00002b34                _ZN12Adafruit_GFX8drawLineEiiiij
 .text._ZN12Adafruit_GFX8drawRectEiiiij
                0x00002c0e       0xbe H:\WORKSP~1\ElectronicsProjects\TestAndMeasurement\AD9833~1\AD9833~1\Software\DDSVCO~1\DDSVCO~1\DDSVCO~1\ARDUIN~1\Debug\libArduinoCore.a(Adafruit_GFX.o)
                0x00002c0e                _ZN12Adafruit_GFX8drawRectEiiiij
 .text._ZN12Adafruit_GFX13invertDisplayEb
                0x00002ccc        0x2 H:\WORKSP~1\ElectronicsProjects\TestAndMeasurement\AD9833~1\AD9833~1\Software\DDSVCO~1\DDSVCO~1\DDSVCO~1\ARDUIN~1\Debug\libArduinoCore.a(Adafruit_GFX.o)
                0x00002ccc                _ZN12Adafruit_GFX13invertDisplayEb
 .text._ZN12Adafruit_GFX11setRotationEh
                0x00002cce       0x2a H:\WORKSP~1\ElectronicsProjects\TestAndMeasurement\AD9833~1\AD9833~1\Software\DDSVCO~1\DDSVCO~1\DDSVCO~1\ARDUIN~1\Debug\libArduinoCore.a(Adafruit_GFX.o)
                0x00002cce                _ZN12Adafruit_GFX11setRotationEh
 .text._ZN12Adafruit_GFXC2Eii
                0x00002cf8       0x42 H:\WORKSP~1\ElectronicsProjects\TestAndMeasurement\AD9833~1\AD9833~1\Software\DDSVCO~1\DDSVCO~1\DDSVCO~1\ARDUIN~1\Debug\libArduinoCore.a(Adafruit_GFX.o)
                0x00002cf8                _ZN12Adafruit_GFXC2Eii
                0x00002cf8                _ZN12Adafruit_GFXC1Eii
 .text._ZN12Adafruit_GFX8drawCharEiihjjh
                0x00002d3a      0x434 H:\WORKSP~1\ElectronicsProjects\TestAndMeasurement\AD9833~1\AD9833~1\Software\DDSVCO~1\DDSVCO~1\DDSVCO~1\ARDUIN~1\Debug\libArduinoCore.a(Adafruit_GFX.o)
                0x00002d3a                _ZN12Adafruit_GFX8drawCharEiihjjh
 .text._ZN12Adafruit_GFX5writeEh
                0x0000316e      0x1ac H:\WORKSP~1\ElectronicsProjects\TestAndMeasurement\AD9833~1\AD9833~1\Software\DDSVCO~1\DDSVCO~1\DDSVCO~1\ARDUIN~1\Debug\libArduinoCore.a(Adafruit_GFX.o)
                0x0000316e                _ZN12Adafruit_GFX5writeEh
 .text._ZN12Adafruit_GFX9setCursorEii
                0x0000331a        0xc H:\WORKSP~1\ElectronicsProjects\TestAndMeasurement\AD9833~1\AD9833~1\Software\DDSVCO~1\DDSVCO~1\DDSVCO~1\ARDUIN~1\Debug\libArduinoCore.a(Adafruit_GFX.o)
                0x0000331a                _ZN12Adafruit_GFX9setCursorEii
 .text._ZN12Adafruit_GFX11setTextSizeEh
                0x00003326        0xc H:\WORKSP~1\ElectronicsProjects\TestAndMeasurement\AD9833~1\AD9833~1\Software\DDSVCO~1\DDSVCO~1\DDSVCO~1\ARDUIN~1\Debug\libArduinoCore.a(Adafruit_GFX.o)
                0x00003326                _ZN12Adafruit_GFX11setTextSizeEh
 .text._ZN12Adafruit_GFX12setTextColorEj
                0x00003332        0xc H:\WORKSP~1\ElectronicsProjects\TestAndMeasurement\AD9833~1\AD9833~1\Software\DDSVCO~1\DDSVCO~1\DDSVCO~1\ARDUIN~1\Debug\libArduinoCore.a(Adafruit_GFX.o)
                0x00003332                _ZN12Adafruit_GFX12setTextColorEj
 .text._ZNK12Adafruit_GFX11getRotationEv
                0x0000333e        0x6 H:\WORKSP~1\ElectronicsProjects\TestAndMeasurement\AD9833~1\AD9833~1\Software\DDSVCO~1\DDSVCO~1\DDSVCO~1\ARDUIN~1\Debug\libArduinoCore.a(Adafruit_GFX.o)
                0x0000333e                _ZNK12Adafruit_GFX11getRotationEv
 .text._ZNK12Adafruit_GFX5widthEv
                0x00003344        0x8 H:\WORKSP~1\ElectronicsProjects\TestAndMeasurement\AD9833~1\AD9833~1\Software\DDSVCO~1\DDSVCO~1\DDSVCO~1\ARDUIN~1\Debug\libArduinoCore.a(Adafruit_GFX.o)
                0x00003344                _ZNK12Adafruit_GFX5widthEv
 .text._ZNK12Adafruit_GFX6heightEv
                0x0000334c        0x8 H:\WORKSP~1\ElectronicsProjects\TestAndMeasurement\AD9833~1\AD9833~1\Software\DDSVCO~1\DDSVCO~1\DDSVCO~1\ARDUIN~1\Debug\libArduinoCore.a(Adafruit_GFX.o)
                0x0000334c                _ZNK12Adafruit_GFX6heightEv
 .text._ZN16Adafruit_SSD130613drawFastHLineEiiij
                0x00003354      0x2b6 H:\WORKSP~1\ElectronicsProjects\TestAndMeasurement\AD9833~1\AD9833~1\Software\DDSVCO~1\DDSVCO~1\DDSVCO~1\ARDUIN~1\Debug\libArduinoCore.a(Adafruit_SSD1306.o)
                0x00003354                _ZN16Adafruit_SSD130613drawFastHLineEiiij
 .text._ZN16Adafruit_SSD130613drawFastVLineEiiij
                0x0000360a      0x2b4 H:\WORKSP~1\ElectronicsProjects\TestAndMeasurement\AD9833~1\AD9833~1\Software\DDSVCO~1\DDSVCO~1\DDSVCO~1\ARDUIN~1\Debug\libArduinoCore.a(Adafruit_SSD1306.o)
                0x0000360a                _ZN16Adafruit_SSD130613drawFastVLineEiiij
 .text._ZN16Adafruit_SSD13069drawPixelEiij
                0x000038be      0x16e H:\WORKSP~1\ElectronicsProjects\TestAndMeasurement\AD9833~1\AD9833~1\Software\DDSVCO~1\DDSVCO~1\DDSVCO~1\ARDUIN~1\Debug\libArduinoCore.a(Adafruit_SSD1306.o)
                0x000038be                _ZN16Adafruit_SSD13069drawPixelEiij
 .text._ZN16Adafruit_SSD1306C2Ea
                0x00003a2c       0x32 H:\WORKSP~1\ElectronicsProjects\TestAndMeasurement\AD9833~1\AD9833~1\Software\DDSVCO~1\DDSVCO~1\DDSVCO~1\ARDUIN~1\Debug\libArduinoCore.a(Adafruit_SSD1306.o)
                0x00003a2c                _ZN16Adafruit_SSD1306C2Ea
                0x00003a2c                _ZN16Adafruit_SSD1306C1Ea
 .text._ZN16Adafruit_SSD130612clearDisplayEv
                0x00003a5e       0x16 H:\WORKSP~1\ElectronicsProjects\TestAndMeasurement\AD9833~1\AD9833~1\Software\DDSVCO~1\DDSVCO~1\DDSVCO~1\ARDUIN~1\Debug\libArduinoCore.a(Adafruit_SSD1306.o)
                0x00003a5e                _ZN16Adafruit_SSD130612clearDisplayEv
 .text._ZN16Adafruit_SSD130612fastSPIwriteEh
                0x00003a74       0x5a H:\WORKSP~1\ElectronicsProjects\TestAndMeasurement\AD9833~1\AD9833~1\Software\DDSVCO~1\DDSVCO~1\DDSVCO~1\ARDUIN~1\Debug\libArduinoCore.a(Adafruit_SSD1306.o)
                0x00003a74                _ZN16Adafruit_SSD130612fastSPIwriteEh
 .text._ZN16Adafruit_SSD130615ssd1306_commandEh
                0x00003ace       0x84 H:\WORKSP~1\ElectronicsProjects\TestAndMeasurement\AD9833~1\AD9833~1\Software\DDSVCO~1\DDSVCO~1\DDSVCO~1\ARDUIN~1\Debug\libArduinoCore.a(Adafruit_SSD1306.o)
                0x00003ace                _ZN16Adafruit_SSD130615ssd1306_commandEh
 .text._ZN16Adafruit_SSD13065beginEhhb
                0x00003b52      0x262 H:\WORKSP~1\ElectronicsProjects\TestAndMeasurement\AD9833~1\AD9833~1\Software\DDSVCO~1\DDSVCO~1\DDSVCO~1\ARDUIN~1\Debug\libArduinoCore.a(Adafruit_SSD1306.o)
                0x00003b52                _ZN16Adafruit_SSD13065beginEhhb
 .text._ZN16Adafruit_SSD13067displayEv
                0x00003db4      0x112 H:\WORKSP~1\ElectronicsProjects\TestAndMeasurement\AD9833~1\AD9833~1\Software\DDSVCO~1\DDSVCO~1\DDSVCO~1\ARDUIN~1\Debug\libArduinoCore.a(Adafruit_SSD1306.o)
                0x00003db4                _ZN16Adafruit_SSD13067displayEv
 .text._ZN8SPIClass5beginEv
                0x00003ec6       0x6c H:\WORKSP~1\ElectronicsProjects\TestAndMeasurement\AD9833~1\AD9833~1\Software\DDSVCO~1\DDSVCO~1\DDSVCO~1\ARDUIN~1\Debug\libArduinoCore.a(SPI.o)
                0x00003ec6                _ZN8SPIClass5beginEv
 .text.__vector_13
                0x00003f32       0x4e H:\WORKSP~1\ElectronicsProjects\TestAndMeasurement\AD9833~1\AD9833~1\Software\DDSVCO~1\DDSVCO~1\DDSVCO~1\ARDUIN~1\Debug\libArduinoCore.a(TimerOne.o)
                0x00003f32                __vector_13
 .text._ZN7TwoWire9availableEv
                0x00003f80       0x10 H:\WORKSP~1\ElectronicsProjects\TestAndMeasurement\AD9833~1\AD9833~1\Software\DDSVCO~1\DDSVCO~1\DDSVCO~1\ARDUIN~1\Debug\libArduinoCore.a(Wire.o)
                0x00003f80                _ZN7TwoWire9availableEv
 .text._ZN7TwoWire4readEv
                0x00003f90       0x28 H:\WORKSP~1\ElectronicsProjects\TestAndMeasurement\AD9833~1\AD9833~1\Software\DDSVCO~1\DDSVCO~1\DDSVCO~1\ARDUIN~1\Debug\libArduinoCore.a(Wire.o)
                0x00003f90                _ZN7TwoWire4readEv
 .text._ZN7TwoWire4peekEv
                0x00003fb8       0x1e H:\WORKSP~1\ElectronicsProjects\TestAndMeasurement\AD9833~1\AD9833~1\Software\DDSVCO~1\DDSVCO~1\DDSVCO~1\ARDUIN~1\Debug\libArduinoCore.a(Wire.o)
                0x00003fb8                _ZN7TwoWire4peekEv
 .text._ZN7TwoWire5flushEv
                0x00003fd6        0x2 H:\WORKSP~1\ElectronicsProjects\TestAndMeasurement\AD9833~1\AD9833~1\Software\DDSVCO~1\DDSVCO~1\DDSVCO~1\ARDUIN~1\Debug\libArduinoCore.a(Wire.o)
                0x00003fd6                _ZN7TwoWire5flushEv
 .text._ZN7TwoWire5writeEPKhj
                0x00003fd8       0x5a H:\WORKSP~1\ElectronicsProjects\TestAndMeasurement\AD9833~1\AD9833~1\Software\DDSVCO~1\DDSVCO~1\DDSVCO~1\ARDUIN~1\Debug\libArduinoCore.a(Wire.o)
                0x00003fd8                _ZN7TwoWire5writeEPKhj
 .text._ZN7TwoWire5writeEh
                0x00004032       0x5e H:\WORKSP~1\ElectronicsProjects\TestAndMeasurement\AD9833~1\AD9833~1\Software\DDSVCO~1\DDSVCO~1\DDSVCO~1\ARDUIN~1\Debug\libArduinoCore.a(Wire.o)
                0x00004032                _ZN7TwoWire5writeEh
 .text._ZN7TwoWireC2Ev
                0x00004090       0x20 H:\WORKSP~1\ElectronicsProjects\TestAndMeasurement\AD9833~1\AD9833~1\Software\DDSVCO~1\DDSVCO~1\DDSVCO~1\ARDUIN~1\Debug\libArduinoCore.a(Wire.o)
                0x00004090                _ZN7TwoWireC1Ev
                0x00004090                _ZN7TwoWireC2Ev
 .text._ZN7TwoWire5beginEv
                0x000040b0       0x14 H:\WORKSP~1\ElectronicsProjects\TestAndMeasurement\AD9833~1\AD9833~1\Software\DDSVCO~1\DDSVCO~1\DDSVCO~1\ARDUIN~1\Debug\libArduinoCore.a(Wire.o)
                0x000040b0                _ZN7TwoWire5beginEv
 .text._ZN7TwoWire17beginTransmissionEh
                0x000040c4       0x14 H:\WORKSP~1\ElectronicsProjects\TestAndMeasurement\AD9833~1\AD9833~1\Software\DDSVCO~1\DDSVCO~1\DDSVCO~1\ARDUIN~1\Debug\libArduinoCore.a(Wire.o)
                0x000040c4                _ZN7TwoWire17beginTransmissionEh
 .text._ZN7TwoWire17beginTransmissionEi
                0x000040d8        0x4 H:\WORKSP~1\ElectronicsProjects\TestAndMeasurement\AD9833~1\AD9833~1\Software\DDSVCO~1\DDSVCO~1\DDSVCO~1\ARDUIN~1\Debug\libArduinoCore.a(Wire.o)
                0x000040d8                _ZN7TwoWire17beginTransmissionEi
 .text._ZN7TwoWire15endTransmissionEh
                0x000040dc       0x26 H:\WORKSP~1\ElectronicsProjects\TestAndMeasurement\AD9833~1\AD9833~1\Software\DDSVCO~1\DDSVCO~1\DDSVCO~1\ARDUIN~1\Debug\libArduinoCore.a(Wire.o)
                0x000040dc                _ZN7TwoWire15endTransmissionEh
 .text._ZN7TwoWire15endTransmissionEv
                0x00004102        0x6 H:\WORKSP~1\ElectronicsProjects\TestAndMeasurement\AD9833~1\AD9833~1\Software\DDSVCO~1\DDSVCO~1\DDSVCO~1\ARDUIN~1\Debug\libArduinoCore.a(Wire.o)
                0x00004102                _ZN7TwoWire15endTransmissionEv
 .text.startup._GLOBAL__sub_I__ZN7TwoWire8rxBufferE
                0x00004108        0x8 H:\WORKSP~1\ElectronicsProjects\TestAndMeasurement\AD9833~1\AD9833~1\Software\DDSVCO~1\DDSVCO~1\DDSVCO~1\ARDUIN~1\Debug\libArduinoCore.a(Wire.o)
 .text.__cxa_pure_virtual
                0x00004110        0x4 H:\WORKSP~1\ElectronicsProjects\TestAndMeasurement\AD9833~1\AD9833~1\Software\DDSVCO~1\DDSVCO~1\DDSVCO~1\ARDUIN~1\Debug\libArduinoCore.a(abi.o)
                0x00004110                __cxa_pure_virtual
 .text.__empty  0x00004114        0x2 H:\WORKSP~1\ElectronicsProjects\TestAndMeasurement\AD9833~1\AD9833~1\Software\DDSVCO~1\DDSVCO~1\DDSVCO~1\ARDUIN~1\Debug\libArduinoCore.a(hooks.o)
                0x00004114                yield
 .text.twi_init
                0x00004116       0x3c H:\WORKSP~1\ElectronicsProjects\TestAndMeasurement\AD9833~1\AD9833~1\Software\DDSVCO~1\DDSVCO~1\DDSVCO~1\ARDUIN~1\Debug\libArduinoCore.a(twi.o)
                0x00004116                twi_init
 .text.twi_writeTo
                0x00004152       0xac H:\WORKSP~1\ElectronicsProjects\TestAndMeasurement\AD9833~1\AD9833~1\Software\DDSVCO~1\DDSVCO~1\DDSVCO~1\ARDUIN~1\Debug\libArduinoCore.a(twi.o)
                0x00004152                twi_writeTo
 .text.twi_transmit
                0x000041fe       0x50 H:\WORKSP~1\ElectronicsProjects\TestAndMeasurement\AD9833~1\AD9833~1\Software\DDSVCO~1\DDSVCO~1\DDSVCO~1\ARDUIN~1\Debug\libArduinoCore.a(twi.o)
                0x000041fe                twi_transmit
 .text.twi_stop
                0x0000424e       0x14 H:\WORKSP~1\ElectronicsProjects\TestAndMeasurement\AD9833~1\AD9833~1\Software\DDSVCO~1\DDSVCO~1\DDSVCO~1\ARDUIN~1\Debug\libArduinoCore.a(twi.o)
                0x0000424e                twi_stop
 .text.twi_releaseBus
                0x00004262        0xc H:\WORKSP~1\ElectronicsProjects\TestAndMeasurement\AD9833~1\AD9833~1\Software\DDSVCO~1\DDSVCO~1\DDSVCO~1\ARDUIN~1\Debug\libArduinoCore.a(twi.o)
                0x00004262                twi_releaseBus
 .text.__vector_24
                0x0000426e      0x25a H:\WORKSP~1\ElectronicsProjects\TestAndMeasurement\AD9833~1\AD9833~1\Software\DDSVCO~1\DDSVCO~1\DDSVCO~1\ARDUIN~1\Debug\libArduinoCore.a(twi.o)
                0x0000426e                __vector_24
 .text.avr-libc.fplib
                0x000044c8        0xa h:/programs/atmel/studio/7.0/toolchain/avr8/avr8-gnu-toolchain/bin/../lib/gcc/avr/5.4.0/../../../../avr/lib/avr5\libm.a(cmpsf2.o)
                0x000044c8                __nesf2
                0x000044c8                __eqsf2
                0x000044c8                __cmpsf2
                0x000044c8                __ltsf2
                0x000044c8                __lesf2
 .text.avr-libc.fplib
                0x000044d2       0x48 h:/programs/atmel/studio/7.0/toolchain/avr8/avr8-gnu-toolchain/bin/../lib/gcc/avr/5.4.0/../../../../avr/lib/avr5\libm.a(fp_cmp.o)
                0x000044d2                __fp_cmp
 .text.avr-libc.fplib
                0x0000451a        0xa h:/programs/atmel/studio/7.0/toolchain/avr8/avr8-gnu-toolchain/bin/../lib/gcc/avr/5.4.0/../../../../avr/lib/avr5\libm.a(gesf2.o)
                0x0000451a                __gesf2
                0x0000451a                __gtsf2
 .text.avr-libc.fplib
                0x00004524        0xa h:/programs/atmel/studio/7.0/toolchain/avr8/avr8-gnu-toolchain/bin/../lib/gcc/avr/5.4.0/../../../../avr/lib/avr5\libm.a(unordsf2.o)
                0x00004524                __unordsf2
 .text.libgcc.mul
                0x0000452e       0x20 h:/programs/atmel/studio/7.0/toolchain/avr8/avr8-gnu-toolchain/bin/../lib/gcc/avr/5.4.0/avr5\libgcc.a(_mulsi3.o)
                0x0000452e                __mulsi3
 .text.libgcc.div
                0x0000454e       0x44 h:/programs/atmel/studio/7.0/toolchain/avr8/avr8-gnu-toolchain/bin/../lib/gcc/avr/5.4.0/avr5\libgcc.a(_udivmodsi4.o)
                0x0000454e                __udivmodsi4
 .text.libgcc.div
                0x00004592       0x2e h:/programs/atmel/studio/7.0/toolchain/avr8/avr8-gnu-toolchain/bin/../lib/gcc/avr/5.4.0/avr5\libgcc.a(_divmodsi4.o)
                0x00004592                __divmodsi4
 .text.libgcc.div
                0x000045c0       0x10 h:/programs/atmel/studio/7.0/toolchain/avr8/avr8-gnu-toolchain/bin/../lib/gcc/avr/5.4.0/avr5\libgcc.a(_negsi2.o)
                0x000045c0                __negsi2
 .text.libgcc.mul
                0x000045d0       0x16 h:/programs/atmel/studio/7.0/toolchain/avr8/avr8-gnu-toolchain/bin/../lib/gcc/avr/5.4.0/avr5\libgcc.a(_muluhisi3.o)
                0x000045d0                __muluhisi3
 .text.libgcc   0x000045e6        0xc h:/programs/atmel/studio/7.0/toolchain/avr8/avr8-gnu-toolchain/bin/../lib/gcc/avr/5.4.0/avr5\libgcc.a(_tablejump2.o)
                0x000045e6                __tablejump2__
 .text.libgcc.mul
                0x000045f2       0x1e h:/programs/atmel/studio/7.0/toolchain/avr8/avr8-gnu-toolchain/bin/../lib/gcc/avr/5.4.0/avr5\libgcc.a(_umulhisi3.o)
                0x000045f2                __umulhisi3
 .text.avr-libc
                0x00004610        0xa h:/programs/atmel/studio/7.0/toolchain/avr8/avr8-gnu-toolchain/bin/../lib/gcc/avr/5.4.0/../../../../avr/lib/avr5\libc.a(abort.o)
                0x00004610                abort
                0x0000461a                . = ALIGN (0x2)
 *(.fini9)
 .fini9         0x0000461a        0x0 h:/programs/atmel/studio/7.0/toolchain/avr8/avr8-gnu-toolchain/bin/../lib/gcc/avr/5.4.0/avr5\libgcc.a(_exit.o)
                0x0000461a                _exit
                0x0000461a                exit
 *(.fini9)
 *(.fini8)
 *(.fini8)
 *(.fini7)
 *(.fini7)
 *(.fini6)
 *(.fini6)
 *(.fini5)
 *(.fini5)
 *(.fini4)
 *(.fini4)
 *(.fini3)
 *(.fini3)
 *(.fini2)
 *(.fini2)
 *(.fini1)
 *(.fini1)
 *(.fini0)
 .fini0         0x0000461a        0x4 h:/programs/atmel/studio/7.0/toolchain/avr8/avr8-gnu-toolchain/bin/../lib/gcc/avr/5.4.0/avr5\libgcc.a(_exit.o)
 *(.fini0)
                0x0000461e                _etext = .

.data           0x00800100      0x2e0 load address 0x0000461e
                0x00800100                PROVIDE (__data_start, .)
 *(.data)
 *(.data*)
 .data.linespace
                0x00800100        0x2 Sketch.o
                0x00800100                linespace
 .data.gainCompensation
                0x00800102        0x4 Sketch.o
                0x00800102                gainCompensation
 .data.maxFreq  0x00800106        0x4 Sketch.o
                0x00800106                maxFreq
 .data.PHASE0   0x0080010a        0x2 Sketch.o
                0x0080010a                PHASE0
 .data.clkspeed
                0x0080010c        0x4 Sketch.o
                0x0080010c                clkspeed
 .data.maxclkspeed
                0x00800110        0x4 Sketch.o
                0x00800110                maxclkspeed
 .data.FREQZEROREG
                0x00800114        0x2 Sketch.o
                0x00800114                FREQZEROREG
 .data._ZZN16Adafruit_SSD130621drawFastVLineInternalEiiijE8postmask
                0x00800116        0x8 H:\WORKSP~1\ElectronicsProjects\TestAndMeasurement\AD9833~1\AD9833~1\Software\DDSVCO~1\DDSVCO~1\DDSVCO~1\ARDUIN~1\Debug\libArduinoCore.a(Adafruit_SSD1306.o)
                0x00800116                _ZZN16Adafruit_SSD130621drawFastVLineInternalEiiijE8postmask
 .data._ZZN16Adafruit_SSD130621drawFastVLineInternalEiiijE7premask
                0x0080011e        0x8 H:\WORKSP~1\ElectronicsProjects\TestAndMeasurement\AD9833~1\AD9833~1\Software\DDSVCO~1\DDSVCO~1\DDSVCO~1\ARDUIN~1\Debug\libArduinoCore.a(Adafruit_SSD1306.o)
                0x0080011e                _ZZN16Adafruit_SSD130621drawFastVLineInternalEiiijE7premask
 .data._ZL6buffer
                0x00800126      0x200 H:\WORKSP~1\ElectronicsProjects\TestAndMeasurement\AD9833~1\AD9833~1\Software\DDSVCO~1\DDSVCO~1\DDSVCO~1\ARDUIN~1\Debug\libArduinoCore.a(Adafruit_SSD1306.o)
 *(.gnu.linkonce.d*)
 *(.rodata)
 *(.rodata*)
 .rodata.str1.1
                0x00800326       0x2f Sketch.o
                                 0x34 (size before relaxing)
 .rodata._ZTV14HardwareSerial
                0x00800355       0x12 H:\WORKSP~1\ElectronicsProjects\TestAndMeasurement\AD9833~1\AD9833~1\Software\DDSVCO~1\DDSVCO~1\DDSVCO~1\ARDUIN~1\Debug\libArduinoCore.a(HardwareSerial.o)
                0x00800355                _ZTV14HardwareSerial
 .rodata.str1.1
                0x00800367        0xf H:\WORKSP~1\ElectronicsProjects\TestAndMeasurement\AD9833~1\AD9833~1\Software\DDSVCO~1\DDSVCO~1\DDSVCO~1\ARDUIN~1\Debug\libArduinoCore.a(Print.o)
 .rodata._ZTV12Adafruit_GFX
                0x00800376       0x2c H:\WORKSP~1\ElectronicsProjects\TestAndMeasurement\AD9833~1\AD9833~1\Software\DDSVCO~1\DDSVCO~1\DDSVCO~1\ARDUIN~1\Debug\libArduinoCore.a(Adafruit_GFX.o)
                0x00800376                _ZTV12Adafruit_GFX
 .rodata._ZTV16Adafruit_SSD1306
                0x008003a2       0x2c H:\WORKSP~1\ElectronicsProjects\TestAndMeasurement\AD9833~1\AD9833~1\Software\DDSVCO~1\DDSVCO~1\DDSVCO~1\ARDUIN~1\Debug\libArduinoCore.a(Adafruit_SSD1306.o)
                0x008003a2                _ZTV16Adafruit_SSD1306
 .rodata._ZTV7TwoWire
                0x008003ce       0x12 H:\WORKSP~1\ElectronicsProjects\TestAndMeasurement\AD9833~1\AD9833~1\Software\DDSVCO~1\DDSVCO~1\DDSVCO~1\ARDUIN~1\Debug\libArduinoCore.a(Wire.o)
                0x008003ce                _ZTV7TwoWire
 *(.gnu.linkonce.r*)
                0x008003e0                . = ALIGN (0x2)
                0x008003e0                _edata = .
                0x008003e0                PROVIDE (__data_end, .)

.bss            0x008003e0      0x20b
                0x008003e0                PROVIDE (__bss_start, .)
 *(.bss)
 *(.bss*)
 .bss.display   0x008003e0       0x2e Sketch.o
                0x008003e0                display
 .bss.pd5_last_interrupt_time
                0x0080040e        0x4 Sketch.o
                0x0080040e                pd5_last_interrupt_time
 .bss.pd6_last_interrupt_time
                0x00800412        0x4 Sketch.o
                0x00800412                pd6_last_interrupt_time
 .bss.pd3_last_interrupt_time
                0x00800416        0x4 Sketch.o
                0x00800416                pd3_last_interrupt_time
 .bss.pd2_last_interrupt_time
                0x0080041a        0x4 Sketch.o
                0x0080041a                pd2_last_interrupt_time
 .bss._ZL13portSnapshotD
                0x0080041e        0x1 Sketch.o
 .bss.fallingPinsPORTD
                0x0080041f        0x1 Sketch.o
                0x0080041f                fallingPinsPORTD
 .bss.risingPinsPORTD
                0x00800420        0x1 Sketch.o
                0x00800420                risingPinsPORTD
 .bss._ZL13portSnapshotC
                0x00800421        0x1 Sketch.o
 .bss.fallingPinsPORTC
                0x00800422        0x1 Sketch.o
                0x00800422                fallingPinsPORTC
 .bss.risingPinsPORTC
                0x00800423        0x1 Sketch.o
                0x00800423                risingPinsPORTC
 .bss._ZL13portSnapshotB
                0x00800424        0x1 Sketch.o
 .bss.fallingPinsPORTB
                0x00800425        0x1 Sketch.o
                0x00800425                fallingPinsPORTB
 .bss.risingPinsPORTB
                0x00800426        0x1 Sketch.o
                0x00800426                risingPinsPORTB
 .bss.portDFunctions
                0x00800427       0x10 Sketch.o
                0x00800427                portDFunctions
 .bss.portCFunctions
                0x00800437        0xc Sketch.o
                0x00800437                portCFunctions
 .bss.portBFunctions
                0x00800443        0xc Sketch.o
                0x00800443                portBFunctions
 .bss.functionPointerArrayEXTERNAL
                0x0080044f        0x4 Sketch.o
                0x0080044f                functionPointerArrayEXTERNAL
 .bss.pcmsk     0x00800453        0x2 Sketch.o
                0x00800453                pcmsk
 .bss.currentFreq
                0x00800455        0x4 Sketch.o
                0x00800455                currentFreq
 .bss.selectedLowerFreq
                0x00800459        0x4 Sketch.o
                0x00800459                selectedLowerFreq
 .bss.selectedUpperFreq
                0x0080045d        0x4 Sketch.o
                0x0080045d                selectedUpperFreq
 .bss.current_phase
                0x00800461        0x2 Sketch.o
                0x00800461                current_phase
 .bss.mode      0x00800463        0x1 Sketch.o
                0x00800463                mode
 .bss.sweepcounter
                0x00800464        0x4 Sketch.o
                0x00800464                sweepcounter
 .bss.sweep_direction
                0x00800468        0x1 Sketch.o
                0x00800468                sweep_direction
 .bss.func      0x00800469        0x1 Sketch.o
                0x00800469                func
 .bss.dds_out_data
                0x0080046a        0x4 Sketch.o
                0x0080046a                dds_out_data
 .bss.ADCInput6
                0x0080046e        0x2 Sketch.o
                0x0080046e                ADCInput6
 .bss.ADCInput3
                0x00800470        0x2 Sketch.o
                0x00800470                ADCInput3
 .bss.ADCInput2
                0x00800472        0x2 Sketch.o
                0x00800472                ADCInput2
 .bss.ADCInput1
                0x00800474        0x2 Sketch.o
                0x00800474                ADCInput1
 .bss.ADCInput  0x00800476        0x2 Sketch.o
                0x00800476                ADCInput
 .bss.rawAdcValue
                0x00800478        0x4 Sketch.o
                0x00800478                rawAdcValue
 .bss.Serial    0x0080047c       0x9d H:\WORKSP~1\ElectronicsProjects\TestAndMeasurement\AD9833~1\AD9833~1\Software\DDSVCO~1\DDSVCO~1\DDSVCO~1\ARDUIN~1\Debug\libArduinoCore.a(HardwareSerial0.o)
                0x0080047c                Serial
 .bss.timer0_fract
                0x00800519        0x1 H:\WORKSP~1\ElectronicsProjects\TestAndMeasurement\AD9833~1\AD9833~1\Software\DDSVCO~1\DDSVCO~1\DDSVCO~1\ARDUIN~1\Debug\libArduinoCore.a(wiring.o)
 .bss.timer0_millis
                0x0080051a        0x4 H:\WORKSP~1\ElectronicsProjects\TestAndMeasurement\AD9833~1\AD9833~1\Software\DDSVCO~1\DDSVCO~1\DDSVCO~1\ARDUIN~1\Debug\libArduinoCore.a(wiring.o)
                0x0080051a                timer0_millis
 .bss.timer0_overflow_count
                0x0080051e        0x4 H:\WORKSP~1\ElectronicsProjects\TestAndMeasurement\AD9833~1\AD9833~1\Software\DDSVCO~1\DDSVCO~1\DDSVCO~1\ARDUIN~1\Debug\libArduinoCore.a(wiring.o)
                0x0080051e                timer0_overflow_count
 .bss._ZN8SPIClass13interruptSaveE
                0x00800522        0x1 H:\WORKSP~1\ElectronicsProjects\TestAndMeasurement\AD9833~1\AD9833~1\Software\DDSVCO~1\DDSVCO~1\DDSVCO~1\ARDUIN~1\Debug\libArduinoCore.a(SPI.o)
                0x00800522                _ZN8SPIClass13interruptSaveE
 .bss._ZN8SPIClass13interruptMaskE
                0x00800523        0x1 H:\WORKSP~1\ElectronicsProjects\TestAndMeasurement\AD9833~1\AD9833~1\Software\DDSVCO~1\DDSVCO~1\DDSVCO~1\ARDUIN~1\Debug\libArduinoCore.a(SPI.o)
                0x00800523                _ZN8SPIClass13interruptMaskE
 .bss._ZN8SPIClass13interruptModeE
                0x00800524        0x1 H:\WORKSP~1\ElectronicsProjects\TestAndMeasurement\AD9833~1\AD9833~1\Software\DDSVCO~1\DDSVCO~1\DDSVCO~1\ARDUIN~1\Debug\libArduinoCore.a(SPI.o)
                0x00800524                _ZN8SPIClass13interruptModeE
 .bss._ZN8SPIClass11initializedE
                0x00800525        0x1 H:\WORKSP~1\ElectronicsProjects\TestAndMeasurement\AD9833~1\AD9833~1\Software\DDSVCO~1\DDSVCO~1\DDSVCO~1\ARDUIN~1\Debug\libArduinoCore.a(SPI.o)
                0x00800525                _ZN8SPIClass11initializedE
 .bss._ZN8TimerOne11isrCallbackE
                0x00800526        0x2 H:\WORKSP~1\ElectronicsProjects\TestAndMeasurement\AD9833~1\AD9833~1\Software\DDSVCO~1\DDSVCO~1\DDSVCO~1\ARDUIN~1\Debug\libArduinoCore.a(TimerOne.o)
                0x00800526                _ZN8TimerOne11isrCallbackE
 .bss._ZN8TimerOne15clockSelectBitsE
                0x00800528        0x1 H:\WORKSP~1\ElectronicsProjects\TestAndMeasurement\AD9833~1\AD9833~1\Software\DDSVCO~1\DDSVCO~1\DDSVCO~1\ARDUIN~1\Debug\libArduinoCore.a(TimerOne.o)
                0x00800528                _ZN8TimerOne15clockSelectBitsE
 .bss._ZN8TimerOne9pwmPeriodE
                0x00800529        0x2 H:\WORKSP~1\ElectronicsProjects\TestAndMeasurement\AD9833~1\AD9833~1\Software\DDSVCO~1\DDSVCO~1\DDSVCO~1\ARDUIN~1\Debug\libArduinoCore.a(TimerOne.o)
                0x00800529                _ZN8TimerOne9pwmPeriodE
 .bss.Wire      0x0080052b        0xc H:\WORKSP~1\ElectronicsProjects\TestAndMeasurement\AD9833~1\AD9833~1\Software\DDSVCO~1\DDSVCO~1\DDSVCO~1\ARDUIN~1\Debug\libArduinoCore.a(Wire.o)
                0x0080052b                Wire
 .bss._ZN7TwoWire12transmittingE
                0x00800537        0x1 H:\WORKSP~1\ElectronicsProjects\TestAndMeasurement\AD9833~1\AD9833~1\Software\DDSVCO~1\DDSVCO~1\DDSVCO~1\ARDUIN~1\Debug\libArduinoCore.a(Wire.o)
                0x00800537                _ZN7TwoWire12transmittingE
 .bss._ZN7TwoWire14txBufferLengthE
                0x00800538        0x1 H:\WORKSP~1\ElectronicsProjects\TestAndMeasurement\AD9833~1\AD9833~1\Software\DDSVCO~1\DDSVCO~1\DDSVCO~1\ARDUIN~1\Debug\libArduinoCore.a(Wire.o)
                0x00800538                _ZN7TwoWire14txBufferLengthE
 .bss._ZN7TwoWire13txBufferIndexE
                0x00800539        0x1 H:\WORKSP~1\ElectronicsProjects\TestAndMeasurement\AD9833~1\AD9833~1\Software\DDSVCO~1\DDSVCO~1\DDSVCO~1\ARDUIN~1\Debug\libArduinoCore.a(Wire.o)
                0x00800539                _ZN7TwoWire13txBufferIndexE
 .bss._ZN7TwoWire8txBufferE
                0x0080053a       0x20 H:\WORKSP~1\ElectronicsProjects\TestAndMeasurement\AD9833~1\AD9833~1\Software\DDSVCO~1\DDSVCO~1\DDSVCO~1\ARDUIN~1\Debug\libArduinoCore.a(Wire.o)
                0x0080053a                _ZN7TwoWire8txBufferE
 .bss._ZN7TwoWire9txAddressE
                0x0080055a        0x1 H:\WORKSP~1\ElectronicsProjects\TestAndMeasurement\AD9833~1\AD9833~1\Software\DDSVCO~1\DDSVCO~1\DDSVCO~1\ARDUIN~1\Debug\libArduinoCore.a(Wire.o)
                0x0080055a                _ZN7TwoWire9txAddressE
 .bss._ZN7TwoWire14rxBufferLengthE
                0x0080055b        0x1 H:\WORKSP~1\ElectronicsProjects\TestAndMeasurement\AD9833~1\AD9833~1\Software\DDSVCO~1\DDSVCO~1\DDSVCO~1\ARDUIN~1\Debug\libArduinoCore.a(Wire.o)
                0x0080055b                _ZN7TwoWire14rxBufferLengthE
 .bss._ZN7TwoWire13rxBufferIndexE
                0x0080055c        0x1 H:\WORKSP~1\ElectronicsProjects\TestAndMeasurement\AD9833~1\AD9833~1\Software\DDSVCO~1\DDSVCO~1\DDSVCO~1\ARDUIN~1\Debug\libArduinoCore.a(Wire.o)
                0x0080055c                _ZN7TwoWire13rxBufferIndexE
 .bss._ZN7TwoWire8rxBufferE
                0x0080055d       0x20 H:\WORKSP~1\ElectronicsProjects\TestAndMeasurement\AD9833~1\AD9833~1\Software\DDSVCO~1\DDSVCO~1\DDSVCO~1\ARDUIN~1\Debug\libArduinoCore.a(Wire.o)
                0x0080055d                _ZN7TwoWire8rxBufferE
 .bss.twi_error
                0x0080057d        0x1 H:\WORKSP~1\ElectronicsProjects\TestAndMeasurement\AD9833~1\AD9833~1\Software\DDSVCO~1\DDSVCO~1\DDSVCO~1\ARDUIN~1\Debug\libArduinoCore.a(twi.o)
 .bss.twi_rxBufferIndex
                0x0080057e        0x1 H:\WORKSP~1\ElectronicsProjects\TestAndMeasurement\AD9833~1\AD9833~1\Software\DDSVCO~1\DDSVCO~1\DDSVCO~1\ARDUIN~1\Debug\libArduinoCore.a(twi.o)
 .bss.twi_rxBuffer
                0x0080057f       0x20 H:\WORKSP~1\ElectronicsProjects\TestAndMeasurement\AD9833~1\AD9833~1\Software\DDSVCO~1\DDSVCO~1\DDSVCO~1\ARDUIN~1\Debug\libArduinoCore.a(twi.o)
 .bss.twi_txBufferLength
                0x0080059f        0x1 H:\WORKSP~1\ElectronicsProjects\TestAndMeasurement\AD9833~1\AD9833~1\Software\DDSVCO~1\DDSVCO~1\DDSVCO~1\ARDUIN~1\Debug\libArduinoCore.a(twi.o)
 .bss.twi_txBufferIndex
                0x008005a0        0x1 H:\WORKSP~1\ElectronicsProjects\TestAndMeasurement\AD9833~1\AD9833~1\Software\DDSVCO~1\DDSVCO~1\DDSVCO~1\ARDUIN~1\Debug\libArduinoCore.a(twi.o)
 .bss.twi_txBuffer
                0x008005a1       0x20 H:\WORKSP~1\ElectronicsProjects\TestAndMeasurement\AD9833~1\AD9833~1\Software\DDSVCO~1\DDSVCO~1\DDSVCO~1\ARDUIN~1\Debug\libArduinoCore.a(twi.o)
 .bss.twi_masterBufferLength
                0x008005c1        0x1 H:\WORKSP~1\ElectronicsProjects\TestAndMeasurement\AD9833~1\AD9833~1\Software\DDSVCO~1\DDSVCO~1\DDSVCO~1\ARDUIN~1\Debug\libArduinoCore.a(twi.o)
 .bss.twi_masterBufferIndex
                0x008005c2        0x1 H:\WORKSP~1\ElectronicsProjects\TestAndMeasurement\AD9833~1\AD9833~1\Software\DDSVCO~1\DDSVCO~1\DDSVCO~1\ARDUIN~1\Debug\libArduinoCore.a(twi.o)
 .bss.twi_masterBuffer
                0x008005c3       0x20 H:\WORKSP~1\ElectronicsProjects\TestAndMeasurement\AD9833~1\AD9833~1\Software\DDSVCO~1\DDSVCO~1\DDSVCO~1\ARDUIN~1\Debug\libArduinoCore.a(twi.o)
 .bss.twi_onSlaveReceive
                0x008005e3        0x2 H:\WORKSP~1\ElectronicsProjects\TestAndMeasurement\AD9833~1\AD9833~1\Software\DDSVCO~1\DDSVCO~1\DDSVCO~1\ARDUIN~1\Debug\libArduinoCore.a(twi.o)
 .bss.twi_onSlaveTransmit
                0x008005e5        0x2 H:\WORKSP~1\ElectronicsProjects\TestAndMeasurement\AD9833~1\AD9833~1\Software\DDSVCO~1\DDSVCO~1\DDSVCO~1\ARDUIN~1\Debug\libArduinoCore.a(twi.o)
 .bss.twi_inRepStart
                0x008005e7        0x1 H:\WORKSP~1\ElectronicsProjects\TestAndMeasurement\AD9833~1\AD9833~1\Software\DDSVCO~1\DDSVCO~1\DDSVCO~1\ARDUIN~1\Debug\libArduinoCore.a(twi.o)
 .bss.twi_sendStop
                0x008005e8        0x1 H:\WORKSP~1\ElectronicsProjects\TestAndMeasurement\AD9833~1\AD9833~1\Software\DDSVCO~1\DDSVCO~1\DDSVCO~1\ARDUIN~1\Debug\libArduinoCore.a(twi.o)
 .bss.twi_slarw
                0x008005e9        0x1 H:\WORKSP~1\ElectronicsProjects\TestAndMeasurement\AD9833~1\AD9833~1\Software\DDSVCO~1\DDSVCO~1\DDSVCO~1\ARDUIN~1\Debug\libArduinoCore.a(twi.o)
 .bss.twi_state
                0x008005ea        0x1 H:\WORKSP~1\ElectronicsProjects\TestAndMeasurement\AD9833~1\AD9833~1\Software\DDSVCO~1\DDSVCO~1\DDSVCO~1\ARDUIN~1\Debug\libArduinoCore.a(twi.o)
 *(COMMON)
                0x008005eb                PROVIDE (__bss_end, .)
                0x0000461e                __data_load_start = LOADADDR (.data)
                0x000048fe                __data_load_end = (__data_load_start + SIZEOF (.data))

.noinit         0x008005eb        0x0
                [!provide]                PROVIDE (__noinit_start, .)
 *(.noinit*)
                [!provide]                PROVIDE (__noinit_end, .)
                0x008005eb                _end = .
                0x008005eb                PROVIDE (__heap_start, .)

.eeprom         0x00810000        0x0
 *(.eeprom*)
                0x00810000                __eeprom_end = .

.fuse
 *(.fuse)
 *(.lfuse)
 *(.hfuse)
 *(.efuse)

.lock
 *(.lock*)

.signature
 *(.signature*)

.user_signatures
 *(.user_signatures*)

.stab
 *(.stab)

.stabstr
 *(.stabstr)

.stab.excl
 *(.stab.excl)

.stab.exclstr
 *(.stab.exclstr)

.stab.index
 *(.stab.index)

.stab.indexstr
 *(.stab.indexstr)

.comment        0x00000000       0x30
 *(.comment)
 .comment       0x00000000       0x30 Sketch.o
                                 0x31 (size before relaxing)
 .comment       0x00000030       0x31 H:\WORKSP~1\ElectronicsProjects\TestAndMeasurement\AD9833~1\AD9833~1\Software\DDSVCO~1\DDSVCO~1\DDSVCO~1\ARDUIN~1\Debug\libArduinoCore.a(HardwareSerial.o)
 .comment       0x00000030       0x31 H:\WORKSP~1\ElectronicsProjects\TestAndMeasurement\AD9833~1\AD9833~1\Software\DDSVCO~1\DDSVCO~1\DDSVCO~1\ARDUIN~1\Debug\libArduinoCore.a(HardwareSerial0.o)
 .comment       0x00000030       0x31 H:\WORKSP~1\ElectronicsProjects\TestAndMeasurement\AD9833~1\AD9833~1\Software\DDSVCO~1\DDSVCO~1\DDSVCO~1\ARDUIN~1\Debug\libArduinoCore.a(main.o)
 .comment       0x00000030       0x31 H:\WORKSP~1\ElectronicsProjects\TestAndMeasurement\AD9833~1\AD9833~1\Software\DDSVCO~1\DDSVCO~1\DDSVCO~1\ARDUIN~1\Debug\libArduinoCore.a(Print.o)
 .comment       0x00000030       0x31 H:\WORKSP~1\ElectronicsProjects\TestAndMeasurement\AD9833~1\AD9833~1\Software\DDSVCO~1\DDSVCO~1\DDSVCO~1\ARDUIN~1\Debug\libArduinoCore.a(wiring.o)
 .comment       0x00000030       0x31 H:\WORKSP~1\ElectronicsProjects\TestAndMeasurement\AD9833~1\AD9833~1\Software\DDSVCO~1\DDSVCO~1\DDSVCO~1\ARDUIN~1\Debug\libArduinoCore.a(wiring_digital.o)
 .comment       0x00000030       0x31 H:\WORKSP~1\ElectronicsProjects\TestAndMeasurement\AD9833~1\AD9833~1\Software\DDSVCO~1\DDSVCO~1\DDSVCO~1\ARDUIN~1\Debug\libArduinoCore.a(WMath.o)
 .comment       0x00000030       0x31 H:\WORKSP~1\ElectronicsProjects\TestAndMeasurement\AD9833~1\AD9833~1\Software\DDSVCO~1\DDSVCO~1\DDSVCO~1\ARDUIN~1\Debug\libArduinoCore.a(Adafruit_GFX.o)
 .comment       0x00000030       0x31 H:\WORKSP~1\ElectronicsProjects\TestAndMeasurement\AD9833~1\AD9833~1\Software\DDSVCO~1\DDSVCO~1\DDSVCO~1\ARDUIN~1\Debug\libArduinoCore.a(Adafruit_SSD1306.o)
 .comment       0x00000030       0x31 H:\WORKSP~1\ElectronicsProjects\TestAndMeasurement\AD9833~1\AD9833~1\Software\DDSVCO~1\DDSVCO~1\DDSVCO~1\ARDUIN~1\Debug\libArduinoCore.a(SPI.o)
 .comment       0x00000030       0x31 H:\WORKSP~1\ElectronicsProjects\TestAndMeasurement\AD9833~1\AD9833~1\Software\DDSVCO~1\DDSVCO~1\DDSVCO~1\ARDUIN~1\Debug\libArduinoCore.a(TimerOne.o)
 .comment       0x00000030       0x31 H:\WORKSP~1\ElectronicsProjects\TestAndMeasurement\AD9833~1\AD9833~1\Software\DDSVCO~1\DDSVCO~1\DDSVCO~1\ARDUIN~1\Debug\libArduinoCore.a(Wire.o)
 .comment       0x00000030       0x31 H:\WORKSP~1\ElectronicsProjects\TestAndMeasurement\AD9833~1\AD9833~1\Software\DDSVCO~1\DDSVCO~1\DDSVCO~1\ARDUIN~1\Debug\libArduinoCore.a(abi.o)
 .comment       0x00000030       0x31 H:\WORKSP~1\ElectronicsProjects\TestAndMeasurement\AD9833~1\AD9833~1\Software\DDSVCO~1\DDSVCO~1\DDSVCO~1\ARDUIN~1\Debug\libArduinoCore.a(hooks.o)
 .comment       0x00000030       0x31 H:\WORKSP~1\ElectronicsProjects\TestAndMeasurement\AD9833~1\AD9833~1\Software\DDSVCO~1\DDSVCO~1\DDSVCO~1\ARDUIN~1\Debug\libArduinoCore.a(twi.o)

.note.gnu.avr.deviceinfo
                0x00000000       0x40
 .note.gnu.avr.deviceinfo
                0x00000000       0x40 H:/Programs/Atmel/Studio/7.0/Packs/Atmel/ATmega_DFP/1.2.272/gcc/dev/atmega328p/avr5/crtatmega328p.o

.note.gnu.build-id
 *(.note.gnu.build-id)

.debug
 *(.debug)

.line
 *(.line)

.debug_srcinfo
 *(.debug_srcinfo)

.debug_sfnames
 *(.debug_sfnames)

.debug_aranges  0x00000000      0x960
 *(.debug_aranges)
 .debug_aranges
                0x00000000      0x150 Sketch.o
 .debug_aranges
                0x00000150       0x68 H:\WORKSP~1\ElectronicsProjects\TestAndMeasurement\AD9833~1\AD9833~1\Software\DDSVCO~1\DDSVCO~1\DDSVCO~1\ARDUIN~1\Debug\libArduinoCore.a(HardwareSerial.o)
 .debug_aranges
                0x000001b8       0x48 H:\WORKSP~1\ElectronicsProjects\TestAndMeasurement\AD9833~1\AD9833~1\Software\DDSVCO~1\DDSVCO~1\DDSVCO~1\ARDUIN~1\Debug\libArduinoCore.a(HardwareSerial0.o)
 .debug_aranges
                0x00000200       0x30 H:\WORKSP~1\ElectronicsProjects\TestAndMeasurement\AD9833~1\AD9833~1\Software\DDSVCO~1\DDSVCO~1\DDSVCO~1\ARDUIN~1\Debug\libArduinoCore.a(main.o)
 .debug_aranges
                0x00000230      0x100 H:\WORKSP~1\ElectronicsProjects\TestAndMeasurement\AD9833~1\AD9833~1\Software\DDSVCO~1\DDSVCO~1\DDSVCO~1\ARDUIN~1\Debug\libArduinoCore.a(Print.o)
 .debug_aranges
                0x00000330       0x48 H:\WORKSP~1\ElectronicsProjects\TestAndMeasurement\AD9833~1\AD9833~1\Software\DDSVCO~1\DDSVCO~1\DDSVCO~1\ARDUIN~1\Debug\libArduinoCore.a(wiring.o)
 .debug_aranges
                0x00000378       0x38 H:\WORKSP~1\ElectronicsProjects\TestAndMeasurement\AD9833~1\AD9833~1\Software\DDSVCO~1\DDSVCO~1\DDSVCO~1\ARDUIN~1\Debug\libArduinoCore.a(wiring_digital.o)
 .debug_aranges
                0x000003b0       0x48 H:\WORKSP~1\ElectronicsProjects\TestAndMeasurement\AD9833~1\AD9833~1\Software\DDSVCO~1\DDSVCO~1\DDSVCO~1\ARDUIN~1\Debug\libArduinoCore.a(WMath.o)
 .debug_aranges
                0x000003f8      0x2a0 H:\WORKSP~1\ElectronicsProjects\TestAndMeasurement\AD9833~1\AD9833~1\Software\DDSVCO~1\DDSVCO~1\DDSVCO~1\ARDUIN~1\Debug\libArduinoCore.a(Adafruit_GFX.o)
 .debug_aranges
                0x00000698       0xb8 H:\WORKSP~1\ElectronicsProjects\TestAndMeasurement\AD9833~1\AD9833~1\Software\DDSVCO~1\DDSVCO~1\DDSVCO~1\ARDUIN~1\Debug\libArduinoCore.a(Adafruit_SSD1306.o)
 .debug_aranges
                0x00000750       0x38 H:\WORKSP~1\ElectronicsProjects\TestAndMeasurement\AD9833~1\AD9833~1\Software\DDSVCO~1\DDSVCO~1\DDSVCO~1\ARDUIN~1\Debug\libArduinoCore.a(SPI.o)
 .debug_aranges
                0x00000788       0x20 H:\WORKSP~1\ElectronicsProjects\TestAndMeasurement\AD9833~1\AD9833~1\Software\DDSVCO~1\DDSVCO~1\DDSVCO~1\ARDUIN~1\Debug\libArduinoCore.a(TimerOne.o)
 .debug_aranges
                0x000007a8       0xf8 H:\WORKSP~1\ElectronicsProjects\TestAndMeasurement\AD9833~1\AD9833~1\Software\DDSVCO~1\DDSVCO~1\DDSVCO~1\ARDUIN~1\Debug\libArduinoCore.a(Wire.o)
 .debug_aranges
                0x000008a0       0x20 H:\WORKSP~1\ElectronicsProjects\TestAndMeasurement\AD9833~1\AD9833~1\Software\DDSVCO~1\DDSVCO~1\DDSVCO~1\ARDUIN~1\Debug\libArduinoCore.a(abi.o)
 .debug_aranges
                0x000008c0       0x20 H:\WORKSP~1\ElectronicsProjects\TestAndMeasurement\AD9833~1\AD9833~1\Software\DDSVCO~1\DDSVCO~1\DDSVCO~1\ARDUIN~1\Debug\libArduinoCore.a(hooks.o)
 .debug_aranges
                0x000008e0       0x80 H:\WORKSP~1\ElectronicsProjects\TestAndMeasurement\AD9833~1\AD9833~1\Software\DDSVCO~1\DDSVCO~1\DDSVCO~1\ARDUIN~1\Debug\libArduinoCore.a(twi.o)

.debug_pubnames
 *(.debug_pubnames)

.debug_info     0x00000000    0x16c1a
 *(.debug_info .gnu.linkonce.wi.*)
 .debug_info    0x00000000      0x5f4 H:/Programs/Atmel/Studio/7.0/Packs/Atmel/ATmega_DFP/1.2.272/gcc/dev/atmega328p/avr5/crtatmega328p.o
 .debug_info    0x000005f4     0x27b6 Sketch.o
 .debug_info    0x00002daa     0x1e89 H:\WORKSP~1\ElectronicsProjects\TestAndMeasurement\AD9833~1\AD9833~1\Software\DDSVCO~1\DDSVCO~1\DDSVCO~1\ARDUIN~1\Debug\libArduinoCore.a(HardwareSerial.o)
 .debug_info    0x00004c33     0x1b16 H:\WORKSP~1\ElectronicsProjects\TestAndMeasurement\AD9833~1\AD9833~1\Software\DDSVCO~1\DDSVCO~1\DDSVCO~1\ARDUIN~1\Debug\libArduinoCore.a(HardwareSerial0.o)
 .debug_info    0x00006749      0x237 H:\WORKSP~1\ElectronicsProjects\TestAndMeasurement\AD9833~1\AD9833~1\Software\DDSVCO~1\DDSVCO~1\DDSVCO~1\ARDUIN~1\Debug\libArduinoCore.a(main.o)
 .debug_info    0x00006980     0x28ff H:\WORKSP~1\ElectronicsProjects\TestAndMeasurement\AD9833~1\AD9833~1\Software\DDSVCO~1\DDSVCO~1\DDSVCO~1\ARDUIN~1\Debug\libArduinoCore.a(Print.o)
 .debug_info    0x0000927f      0x2cb H:\WORKSP~1\ElectronicsProjects\TestAndMeasurement\AD9833~1\AD9833~1\Software\DDSVCO~1\DDSVCO~1\DDSVCO~1\ARDUIN~1\Debug\libArduinoCore.a(wiring.o)
 .debug_info    0x0000954a      0x5fe H:\WORKSP~1\ElectronicsProjects\TestAndMeasurement\AD9833~1\AD9833~1\Software\DDSVCO~1\DDSVCO~1\DDSVCO~1\ARDUIN~1\Debug\libArduinoCore.a(wiring_digital.o)
 .debug_info    0x00009b48      0x230 H:\WORKSP~1\ElectronicsProjects\TestAndMeasurement\AD9833~1\AD9833~1\Software\DDSVCO~1\DDSVCO~1\DDSVCO~1\ARDUIN~1\Debug\libArduinoCore.a(WMath.o)
 .debug_info    0x00009d78     0x72b9 H:\WORKSP~1\ElectronicsProjects\TestAndMeasurement\AD9833~1\AD9833~1\Software\DDSVCO~1\DDSVCO~1\DDSVCO~1\ARDUIN~1\Debug\libArduinoCore.a(Adafruit_GFX.o)
 .debug_info    0x00011031     0x2369 H:\WORKSP~1\ElectronicsProjects\TestAndMeasurement\AD9833~1\AD9833~1\Software\DDSVCO~1\DDSVCO~1\DDSVCO~1\ARDUIN~1\Debug\libArduinoCore.a(Adafruit_SSD1306.o)
 .debug_info    0x0001339a      0x66b H:\WORKSP~1\ElectronicsProjects\TestAndMeasurement\AD9833~1\AD9833~1\Software\DDSVCO~1\DDSVCO~1\DDSVCO~1\ARDUIN~1\Debug\libArduinoCore.a(SPI.o)
 .debug_info    0x00013a05      0x3a9 H:\WORKSP~1\ElectronicsProjects\TestAndMeasurement\AD9833~1\AD9833~1\Software\DDSVCO~1\DDSVCO~1\DDSVCO~1\ARDUIN~1\Debug\libArduinoCore.a(TimerOne.o)
 .debug_info    0x00013dae     0x27b4 H:\WORKSP~1\ElectronicsProjects\TestAndMeasurement\AD9833~1\AD9833~1\Software\DDSVCO~1\DDSVCO~1\DDSVCO~1\ARDUIN~1\Debug\libArduinoCore.a(Wire.o)
 .debug_info    0x00016562       0x76 H:\WORKSP~1\ElectronicsProjects\TestAndMeasurement\AD9833~1\AD9833~1\Software\DDSVCO~1\DDSVCO~1\DDSVCO~1\ARDUIN~1\Debug\libArduinoCore.a(abi.o)
 .debug_info    0x000165d8       0x3e H:\WORKSP~1\ElectronicsProjects\TestAndMeasurement\AD9833~1\AD9833~1\Software\DDSVCO~1\DDSVCO~1\DDSVCO~1\ARDUIN~1\Debug\libArduinoCore.a(hooks.o)
 .debug_info    0x00016616      0x604 H:\WORKSP~1\ElectronicsProjects\TestAndMeasurement\AD9833~1\AD9833~1\Software\DDSVCO~1\DDSVCO~1\DDSVCO~1\ARDUIN~1\Debug\libArduinoCore.a(twi.o)

.debug_abbrev   0x00000000     0x3616
 *(.debug_abbrev)
 .debug_abbrev  0x00000000      0x5a2 H:/Programs/Atmel/Studio/7.0/Packs/Atmel/ATmega_DFP/1.2.272/gcc/dev/atmega328p/avr5/crtatmega328p.o
 .debug_abbrev  0x000005a2      0x729 Sketch.o
 .debug_abbrev  0x00000ccb      0x432 H:\WORKSP~1\ElectronicsProjects\TestAndMeasurement\AD9833~1\AD9833~1\Software\DDSVCO~1\DDSVCO~1\DDSVCO~1\ARDUIN~1\Debug\libArduinoCore.a(HardwareSerial.o)
 .debug_abbrev  0x000010fd      0x3ce H:\WORKSP~1\ElectronicsProjects\TestAndMeasurement\AD9833~1\AD9833~1\Software\DDSVCO~1\DDSVCO~1\DDSVCO~1\ARDUIN~1\Debug\libArduinoCore.a(HardwareSerial0.o)
 .debug_abbrev  0x000014cb      0x12d H:\WORKSP~1\ElectronicsProjects\TestAndMeasurement\AD9833~1\AD9833~1\Software\DDSVCO~1\DDSVCO~1\DDSVCO~1\ARDUIN~1\Debug\libArduinoCore.a(main.o)
 .debug_abbrev  0x000015f8      0x47a H:\WORKSP~1\ElectronicsProjects\TestAndMeasurement\AD9833~1\AD9833~1\Software\DDSVCO~1\DDSVCO~1\DDSVCO~1\ARDUIN~1\Debug\libArduinoCore.a(Print.o)
 .debug_abbrev  0x00001a72      0x146 H:\WORKSP~1\ElectronicsProjects\TestAndMeasurement\AD9833~1\AD9833~1\Software\DDSVCO~1\DDSVCO~1\DDSVCO~1\ARDUIN~1\Debug\libArduinoCore.a(wiring.o)
 .debug_abbrev  0x00001bb8      0x15b H:\WORKSP~1\ElectronicsProjects\TestAndMeasurement\AD9833~1\AD9833~1\Software\DDSVCO~1\DDSVCO~1\DDSVCO~1\ARDUIN~1\Debug\libArduinoCore.a(wiring_digital.o)
 .debug_abbrev  0x00001d13      0x12b H:\WORKSP~1\ElectronicsProjects\TestAndMeasurement\AD9833~1\AD9833~1\Software\DDSVCO~1\DDSVCO~1\DDSVCO~1\ARDUIN~1\Debug\libArduinoCore.a(WMath.o)
 .debug_abbrev  0x00001e3e      0x60c H:\WORKSP~1\ElectronicsProjects\TestAndMeasurement\AD9833~1\AD9833~1\Software\DDSVCO~1\DDSVCO~1\DDSVCO~1\ARDUIN~1\Debug\libArduinoCore.a(Adafruit_GFX.o)
 .debug_abbrev  0x0000244a      0x58a H:\WORKSP~1\ElectronicsProjects\TestAndMeasurement\AD9833~1\AD9833~1\Software\DDSVCO~1\DDSVCO~1\DDSVCO~1\ARDUIN~1\Debug\libArduinoCore.a(Adafruit_SSD1306.o)
 .debug_abbrev  0x000029d4      0x283 H:\WORKSP~1\ElectronicsProjects\TestAndMeasurement\AD9833~1\AD9833~1\Software\DDSVCO~1\DDSVCO~1\DDSVCO~1\ARDUIN~1\Debug\libArduinoCore.a(SPI.o)
 .debug_abbrev  0x00002c57      0x147 H:\WORKSP~1\ElectronicsProjects\TestAndMeasurement\AD9833~1\AD9833~1\Software\DDSVCO~1\DDSVCO~1\DDSVCO~1\ARDUIN~1\Debug\libArduinoCore.a(TimerOne.o)
 .debug_abbrev  0x00002d9e      0x581 H:\WORKSP~1\ElectronicsProjects\TestAndMeasurement\AD9833~1\AD9833~1\Software\DDSVCO~1\DDSVCO~1\DDSVCO~1\ARDUIN~1\Debug\libArduinoCore.a(Wire.o)
 .debug_abbrev  0x0000331f       0x6d H:\WORKSP~1\ElectronicsProjects\TestAndMeasurement\AD9833~1\AD9833~1\Software\DDSVCO~1\DDSVCO~1\DDSVCO~1\ARDUIN~1\Debug\libArduinoCore.a(abi.o)
 .debug_abbrev  0x0000338c       0x2a H:\WORKSP~1\ElectronicsProjects\TestAndMeasurement\AD9833~1\AD9833~1\Software\DDSVCO~1\DDSVCO~1\DDSVCO~1\ARDUIN~1\Debug\libArduinoCore.a(hooks.o)
 .debug_abbrev  0x000033b6      0x260 H:\WORKSP~1\ElectronicsProjects\TestAndMeasurement\AD9833~1\AD9833~1\Software\DDSVCO~1\DDSVCO~1\DDSVCO~1\ARDUIN~1\Debug\libArduinoCore.a(twi.o)

.debug_line     0x00000000     0x6316
 *(.debug_line .debug_line.* .debug_line_end)
 .debug_line    0x00000000      0x133 H:/Programs/Atmel/Studio/7.0/Packs/Atmel/ATmega_DFP/1.2.272/gcc/dev/atmega328p/avr5/crtatmega328p.o
 .debug_line    0x00000133     0x1324 Sketch.o
 .debug_line    0x00001457      0x425 H:\WORKSP~1\ElectronicsProjects\TestAndMeasurement\AD9833~1\AD9833~1\Software\DDSVCO~1\DDSVCO~1\DDSVCO~1\ARDUIN~1\Debug\libArduinoCore.a(HardwareSerial.o)
 .debug_line    0x0000187c      0x28b H:\WORKSP~1\ElectronicsProjects\TestAndMeasurement\AD9833~1\AD9833~1\Software\DDSVCO~1\DDSVCO~1\DDSVCO~1\ARDUIN~1\Debug\libArduinoCore.a(HardwareSerial0.o)
 .debug_line    0x00001b07      0x16f H:\WORKSP~1\ElectronicsProjects\TestAndMeasurement\AD9833~1\AD9833~1\Software\DDSVCO~1\DDSVCO~1\DDSVCO~1\ARDUIN~1\Debug\libArduinoCore.a(main.o)
 .debug_line    0x00001c76      0x684 H:\WORKSP~1\ElectronicsProjects\TestAndMeasurement\AD9833~1\AD9833~1\Software\DDSVCO~1\DDSVCO~1\DDSVCO~1\ARDUIN~1\Debug\libArduinoCore.a(Print.o)
 .debug_line    0x000022fa      0x2a3 H:\WORKSP~1\ElectronicsProjects\TestAndMeasurement\AD9833~1\AD9833~1\Software\DDSVCO~1\DDSVCO~1\DDSVCO~1\ARDUIN~1\Debug\libArduinoCore.a(wiring.o)
 .debug_line    0x0000259d      0x25c H:\WORKSP~1\ElectronicsProjects\TestAndMeasurement\AD9833~1\AD9833~1\Software\DDSVCO~1\DDSVCO~1\DDSVCO~1\ARDUIN~1\Debug\libArduinoCore.a(wiring_digital.o)
 .debug_line    0x000027f9      0x138 H:\WORKSP~1\ElectronicsProjects\TestAndMeasurement\AD9833~1\AD9833~1\Software\DDSVCO~1\DDSVCO~1\DDSVCO~1\ARDUIN~1\Debug\libArduinoCore.a(WMath.o)
 .debug_line    0x00002931     0x1dee H:\WORKSP~1\ElectronicsProjects\TestAndMeasurement\AD9833~1\AD9833~1\Software\DDSVCO~1\DDSVCO~1\DDSVCO~1\ARDUIN~1\Debug\libArduinoCore.a(Adafruit_GFX.o)
 .debug_line    0x0000471f      0xc1e H:\WORKSP~1\ElectronicsProjects\TestAndMeasurement\AD9833~1\AD9833~1\Software\DDSVCO~1\DDSVCO~1\DDSVCO~1\ARDUIN~1\Debug\libArduinoCore.a(Adafruit_SSD1306.o)
 .debug_line    0x0000533d      0x2e2 H:\WORKSP~1\ElectronicsProjects\TestAndMeasurement\AD9833~1\AD9833~1\Software\DDSVCO~1\DDSVCO~1\DDSVCO~1\ARDUIN~1\Debug\libArduinoCore.a(SPI.o)
 .debug_line    0x0000561f      0x143 H:\WORKSP~1\ElectronicsProjects\TestAndMeasurement\AD9833~1\AD9833~1\Software\DDSVCO~1\DDSVCO~1\DDSVCO~1\ARDUIN~1\Debug\libArduinoCore.a(TimerOne.o)
 .debug_line    0x00005762      0x5d6 H:\WORKSP~1\ElectronicsProjects\TestAndMeasurement\AD9833~1\AD9833~1\Software\DDSVCO~1\DDSVCO~1\DDSVCO~1\ARDUIN~1\Debug\libArduinoCore.a(Wire.o)
 .debug_line    0x00005d38       0x9e H:\WORKSP~1\ElectronicsProjects\TestAndMeasurement\AD9833~1\AD9833~1\Software\DDSVCO~1\DDSVCO~1\DDSVCO~1\ARDUIN~1\Debug\libArduinoCore.a(abi.o)
 .debug_line    0x00005dd6       0x41 H:\WORKSP~1\ElectronicsProjects\TestAndMeasurement\AD9833~1\AD9833~1\Software\DDSVCO~1\DDSVCO~1\DDSVCO~1\ARDUIN~1\Debug\libArduinoCore.a(hooks.o)
 .debug_line    0x00005e17      0x4ff H:\WORKSP~1\ElectronicsProjects\TestAndMeasurement\AD9833~1\AD9833~1\Software\DDSVCO~1\DDSVCO~1\DDSVCO~1\ARDUIN~1\Debug\libArduinoCore.a(twi.o)

.debug_frame    0x00000000     0x27e8
 *(.debug_frame)
 .debug_frame   0x00000000      0x628 Sketch.o
 .debug_frame   0x00000628      0x110 H:\WORKSP~1\ElectronicsProjects\TestAndMeasurement\AD9833~1\AD9833~1\Software\DDSVCO~1\DDSVCO~1\DDSVCO~1\ARDUIN~1\Debug\libArduinoCore.a(HardwareSerial.o)
 .debug_frame   0x00000738       0xe0 H:\WORKSP~1\ElectronicsProjects\TestAndMeasurement\AD9833~1\AD9833~1\Software\DDSVCO~1\DDSVCO~1\DDSVCO~1\ARDUIN~1\Debug\libArduinoCore.a(HardwareSerial0.o)
 .debug_frame   0x00000818       0x54 H:\WORKSP~1\ElectronicsProjects\TestAndMeasurement\AD9833~1\AD9833~1\Software\DDSVCO~1\DDSVCO~1\DDSVCO~1\ARDUIN~1\Debug\libArduinoCore.a(main.o)
 .debug_frame   0x0000086c      0x3ac H:\WORKSP~1\ElectronicsProjects\TestAndMeasurement\AD9833~1\AD9833~1\Software\DDSVCO~1\DDSVCO~1\DDSVCO~1\ARDUIN~1\Debug\libArduinoCore.a(Print.o)
 .debug_frame   0x00000c18       0xc4 H:\WORKSP~1\ElectronicsProjects\TestAndMeasurement\AD9833~1\AD9833~1\Software\DDSVCO~1\DDSVCO~1\DDSVCO~1\ARDUIN~1\Debug\libArduinoCore.a(wiring.o)
 .debug_frame   0x00000cdc       0x7c H:\WORKSP~1\ElectronicsProjects\TestAndMeasurement\AD9833~1\AD9833~1\Software\DDSVCO~1\DDSVCO~1\DDSVCO~1\ARDUIN~1\Debug\libArduinoCore.a(wiring_digital.o)
 .debug_frame   0x00000d58       0xf4 H:\WORKSP~1\ElectronicsProjects\TestAndMeasurement\AD9833~1\AD9833~1\Software\DDSVCO~1\DDSVCO~1\DDSVCO~1\ARDUIN~1\Debug\libArduinoCore.a(WMath.o)
 .debug_frame   0x00000e4c     0x1218 H:\WORKSP~1\ElectronicsProjects\TestAndMeasurement\AD9833~1\AD9833~1\Software\DDSVCO~1\DDSVCO~1\DDSVCO~1\ARDUIN~1\Debug\libArduinoCore.a(Adafruit_GFX.o)
 .debug_frame   0x00002064      0x2ac H:\WORKSP~1\ElectronicsProjects\TestAndMeasurement\AD9833~1\AD9833~1\Software\DDSVCO~1\DDSVCO~1\DDSVCO~1\ARDUIN~1\Debug\libArduinoCore.a(Adafruit_SSD1306.o)
 .debug_frame   0x00002310       0x5c H:\WORKSP~1\ElectronicsProjects\TestAndMeasurement\AD9833~1\AD9833~1\Software\DDSVCO~1\DDSVCO~1\DDSVCO~1\ARDUIN~1\Debug\libArduinoCore.a(SPI.o)
 .debug_frame   0x0000236c       0x6c H:\WORKSP~1\ElectronicsProjects\TestAndMeasurement\AD9833~1\AD9833~1\Software\DDSVCO~1\DDSVCO~1\DDSVCO~1\ARDUIN~1\Debug\libArduinoCore.a(TimerOne.o)
 .debug_frame   0x000023d8      0x284 H:\WORKSP~1\ElectronicsProjects\TestAndMeasurement\AD9833~1\AD9833~1\Software\DDSVCO~1\DDSVCO~1\DDSVCO~1\ARDUIN~1\Debug\libArduinoCore.a(Wire.o)
 .debug_frame   0x0000265c       0x34 H:\WORKSP~1\ElectronicsProjects\TestAndMeasurement\AD9833~1\AD9833~1\Software\DDSVCO~1\DDSVCO~1\DDSVCO~1\ARDUIN~1\Debug\libArduinoCore.a(abi.o)
 .debug_frame   0x00002690       0x24 H:\WORKSP~1\ElectronicsProjects\TestAndMeasurement\AD9833~1\AD9833~1\Software\DDSVCO~1\DDSVCO~1\DDSVCO~1\ARDUIN~1\Debug\libArduinoCore.a(hooks.o)
 .debug_frame   0x000026b4      0x134 H:\WORKSP~1\ElectronicsProjects\TestAndMeasurement\AD9833~1\AD9833~1\Software\DDSVCO~1\DDSVCO~1\DDSVCO~1\ARDUIN~1\Debug\libArduinoCore.a(twi.o)

.debug_str      0x00000000     0x4dbf
 *(.debug_str)
 .debug_str     0x00000000      0x208 H:/Programs/Atmel/Studio/7.0/Packs/Atmel/ATmega_DFP/1.2.272/gcc/dev/atmega328p/avr5/crtatmega328p.o
 .debug_str     0x00000208     0x13d9 Sketch.o
                               0x14a6 (size before relaxing)
 .debug_str     0x000015e1     0x130a H:\WORKSP~1\ElectronicsProjects\TestAndMeasurement\AD9833~1\AD9833~1\Software\DDSVCO~1\DDSVCO~1\DDSVCO~1\ARDUIN~1\Debug\libArduinoCore.a(HardwareSerial.o)
                               0x161c (size before relaxing)
 .debug_str     0x000028eb       0x86 H:\WORKSP~1\ElectronicsProjects\TestAndMeasurement\AD9833~1\AD9833~1\Software\DDSVCO~1\DDSVCO~1\DDSVCO~1\ARDUIN~1\Debug\libArduinoCore.a(HardwareSerial0.o)
                               0x1438 (size before relaxing)
 .debug_str     0x00002971       0x37 H:\WORKSP~1\ElectronicsProjects\TestAndMeasurement\AD9833~1\AD9833~1\Software\DDSVCO~1\DDSVCO~1\DDSVCO~1\ARDUIN~1\Debug\libArduinoCore.a(main.o)
                                0x2e4 (size before relaxing)
 .debug_str     0x000029a8      0x375 H:\WORKSP~1\ElectronicsProjects\TestAndMeasurement\AD9833~1\AD9833~1\Software\DDSVCO~1\DDSVCO~1\DDSVCO~1\ARDUIN~1\Debug\libArduinoCore.a(Print.o)
                               0x1272 (size before relaxing)
 .debug_str     0x00002d1d      0x153 H:\WORKSP~1\ElectronicsProjects\TestAndMeasurement\AD9833~1\AD9833~1\Software\DDSVCO~1\DDSVCO~1\DDSVCO~1\ARDUIN~1\Debug\libArduinoCore.a(wiring.o)
                                0x27a (size before relaxing)
 .debug_str     0x00002e70       0x77 H:\WORKSP~1\ElectronicsProjects\TestAndMeasurement\AD9833~1\AD9833~1\Software\DDSVCO~1\DDSVCO~1\DDSVCO~1\ARDUIN~1\Debug\libArduinoCore.a(wiring_digital.o)
                                0x2df (size before relaxing)
 .debug_str     0x00002ee7       0xac H:\WORKSP~1\ElectronicsProjects\TestAndMeasurement\AD9833~1\AD9833~1\Software\DDSVCO~1\DDSVCO~1\DDSVCO~1\ARDUIN~1\Debug\libArduinoCore.a(WMath.o)
                                0x27d (size before relaxing)
 .debug_str     0x00002f93     0x10a2 H:\WORKSP~1\ElectronicsProjects\TestAndMeasurement\AD9833~1\AD9833~1\Software\DDSVCO~1\DDSVCO~1\DDSVCO~1\ARDUIN~1\Debug\libArduinoCore.a(Adafruit_GFX.o)
                               0x208f (size before relaxing)
 .debug_str     0x00004035      0x5b6 H:\WORKSP~1\ElectronicsProjects\TestAndMeasurement\AD9833~1\AD9833~1\Software\DDSVCO~1\DDSVCO~1\DDSVCO~1\ARDUIN~1\Debug\libArduinoCore.a(Adafruit_SSD1306.o)
                                0xe4e (size before relaxing)
 .debug_str     0x000045eb       0x9f H:\WORKSP~1\ElectronicsProjects\TestAndMeasurement\AD9833~1\AD9833~1\Software\DDSVCO~1\DDSVCO~1\DDSVCO~1\ARDUIN~1\Debug\libArduinoCore.a(SPI.o)
                                0x6dd (size before relaxing)
 .debug_str     0x0000468a       0x85 H:\WORKSP~1\ElectronicsProjects\TestAndMeasurement\AD9833~1\AD9833~1\Software\DDSVCO~1\DDSVCO~1\DDSVCO~1\ARDUIN~1\Debug\libArduinoCore.a(TimerOne.o)
                                0x4ed (size before relaxing)
 .debug_str     0x0000470f      0x513 H:\WORKSP~1\ElectronicsProjects\TestAndMeasurement\AD9833~1\AD9833~1\Software\DDSVCO~1\DDSVCO~1\DDSVCO~1\ARDUIN~1\Debug\libArduinoCore.a(Wire.o)
                               0x18f1 (size before relaxing)
 .debug_str     0x00004c22       0x30 H:\WORKSP~1\ElectronicsProjects\TestAndMeasurement\AD9833~1\AD9833~1\Software\DDSVCO~1\DDSVCO~1\DDSVCO~1\ARDUIN~1\Debug\libArduinoCore.a(abi.o)
                                0x1ce (size before relaxing)
 .debug_str     0x00004c52       0x1c H:\WORKSP~1\ElectronicsProjects\TestAndMeasurement\AD9833~1\AD9833~1\Software\DDSVCO~1\DDSVCO~1\DDSVCO~1\ARDUIN~1\Debug\libArduinoCore.a(hooks.o)
                                0x16f (size before relaxing)
 .debug_str     0x00004c6e      0x151 H:\WORKSP~1\ElectronicsProjects\TestAndMeasurement\AD9833~1\AD9833~1\Software\DDSVCO~1\DDSVCO~1\DDSVCO~1\ARDUIN~1\Debug\libArduinoCore.a(twi.o)
                                0x3fa (size before relaxing)

.debug_loc      0x00000000    0x11734
 *(.debug_loc)
 .debug_loc     0x00000000     0x1be9 Sketch.o
 .debug_loc     0x00001be9      0x482 H:\WORKSP~1\ElectronicsProjects\TestAndMeasurement\AD9833~1\AD9833~1\Software\DDSVCO~1\DDSVCO~1\DDSVCO~1\ARDUIN~1\Debug\libArduinoCore.a(HardwareSerial.o)
 .debug_loc     0x0000206b      0x1b0 H:\WORKSP~1\ElectronicsProjects\TestAndMeasurement\AD9833~1\AD9833~1\Software\DDSVCO~1\DDSVCO~1\DDSVCO~1\ARDUIN~1\Debug\libArduinoCore.a(HardwareSerial0.o)
 .debug_loc     0x0000221b     0x1c87 H:\WORKSP~1\ElectronicsProjects\TestAndMeasurement\AD9833~1\AD9833~1\Software\DDSVCO~1\DDSVCO~1\DDSVCO~1\ARDUIN~1\Debug\libArduinoCore.a(Print.o)
 .debug_loc     0x00003ea2      0x28d H:\WORKSP~1\ElectronicsProjects\TestAndMeasurement\AD9833~1\AD9833~1\Software\DDSVCO~1\DDSVCO~1\DDSVCO~1\ARDUIN~1\Debug\libArduinoCore.a(wiring.o)
 .debug_loc     0x0000412f      0x5fc H:\WORKSP~1\ElectronicsProjects\TestAndMeasurement\AD9833~1\AD9833~1\Software\DDSVCO~1\DDSVCO~1\DDSVCO~1\ARDUIN~1\Debug\libArduinoCore.a(wiring_digital.o)
 .debug_loc     0x0000472b      0x3d6 H:\WORKSP~1\ElectronicsProjects\TestAndMeasurement\AD9833~1\AD9833~1\Software\DDSVCO~1\DDSVCO~1\DDSVCO~1\ARDUIN~1\Debug\libArduinoCore.a(WMath.o)
 .debug_loc     0x00004b01     0x975a H:\WORKSP~1\ElectronicsProjects\TestAndMeasurement\AD9833~1\AD9833~1\Software\DDSVCO~1\DDSVCO~1\DDSVCO~1\ARDUIN~1\Debug\libArduinoCore.a(Adafruit_GFX.o)
 .debug_loc     0x0000e25b     0x2247 H:\WORKSP~1\ElectronicsProjects\TestAndMeasurement\AD9833~1\AD9833~1\Software\DDSVCO~1\DDSVCO~1\DDSVCO~1\ARDUIN~1\Debug\libArduinoCore.a(Adafruit_SSD1306.o)
 .debug_loc     0x000104a2      0x1e4 H:\WORKSP~1\ElectronicsProjects\TestAndMeasurement\AD9833~1\AD9833~1\Software\DDSVCO~1\DDSVCO~1\DDSVCO~1\ARDUIN~1\Debug\libArduinoCore.a(SPI.o)
 .debug_loc     0x00010686       0xcb H:\WORKSP~1\ElectronicsProjects\TestAndMeasurement\AD9833~1\AD9833~1\Software\DDSVCO~1\DDSVCO~1\DDSVCO~1\ARDUIN~1\Debug\libArduinoCore.a(TimerOne.o)
 .debug_loc     0x00010751      0xbfd H:\WORKSP~1\ElectronicsProjects\TestAndMeasurement\AD9833~1\AD9833~1\Software\DDSVCO~1\DDSVCO~1\DDSVCO~1\ARDUIN~1\Debug\libArduinoCore.a(Wire.o)
 .debug_loc     0x0001134e      0x3e6 H:\WORKSP~1\ElectronicsProjects\TestAndMeasurement\AD9833~1\AD9833~1\Software\DDSVCO~1\DDSVCO~1\DDSVCO~1\ARDUIN~1\Debug\libArduinoCore.a(twi.o)

.debug_macinfo
 *(.debug_macinfo)

.debug_weaknames
 *(.debug_weaknames)

.debug_funcnames
 *(.debug_funcnames)

.debug_typenames
 *(.debug_typenames)

.debug_varnames
 *(.debug_varnames)

.debug_pubtypes
 *(.debug_pubtypes)

.debug_ranges   0x00000000      0xb30
 *(.debug_ranges)
 .debug_ranges  0x00000000      0x1d0 Sketch.o
 .debug_ranges  0x000001d0       0x58 H:\WORKSP~1\ElectronicsProjects\TestAndMeasurement\AD9833~1\AD9833~1\Software\DDSVCO~1\DDSVCO~1\DDSVCO~1\ARDUIN~1\Debug\libArduinoCore.a(HardwareSerial.o)
 .debug_ranges  0x00000228       0x38 H:\WORKSP~1\ElectronicsProjects\TestAndMeasurement\AD9833~1\AD9833~1\Software\DDSVCO~1\DDSVCO~1\DDSVCO~1\ARDUIN~1\Debug\libArduinoCore.a(HardwareSerial0.o)
 .debug_ranges  0x00000260       0x20 H:\WORKSP~1\ElectronicsProjects\TestAndMeasurement\AD9833~1\AD9833~1\Software\DDSVCO~1\DDSVCO~1\DDSVCO~1\ARDUIN~1\Debug\libArduinoCore.a(main.o)
 .debug_ranges  0x00000280      0x120 H:\WORKSP~1\ElectronicsProjects\TestAndMeasurement\AD9833~1\AD9833~1\Software\DDSVCO~1\DDSVCO~1\DDSVCO~1\ARDUIN~1\Debug\libArduinoCore.a(Print.o)
 .debug_ranges  0x000003a0       0x38 H:\WORKSP~1\ElectronicsProjects\TestAndMeasurement\AD9833~1\AD9833~1\Software\DDSVCO~1\DDSVCO~1\DDSVCO~1\ARDUIN~1\Debug\libArduinoCore.a(wiring.o)
 .debug_ranges  0x000003d8       0x28 H:\WORKSP~1\ElectronicsProjects\TestAndMeasurement\AD9833~1\AD9833~1\Software\DDSVCO~1\DDSVCO~1\DDSVCO~1\ARDUIN~1\Debug\libArduinoCore.a(wiring_digital.o)
 .debug_ranges  0x00000400       0x38 H:\WORKSP~1\ElectronicsProjects\TestAndMeasurement\AD9833~1\AD9833~1\Software\DDSVCO~1\DDSVCO~1\DDSVCO~1\ARDUIN~1\Debug\libArduinoCore.a(WMath.o)
 .debug_ranges  0x00000438      0x458 H:\WORKSP~1\ElectronicsProjects\TestAndMeasurement\AD9833~1\AD9833~1\Software\DDSVCO~1\DDSVCO~1\DDSVCO~1\ARDUIN~1\Debug\libArduinoCore.a(Adafruit_GFX.o)
 .debug_ranges  0x00000890       0xf0 H:\WORKSP~1\ElectronicsProjects\TestAndMeasurement\AD9833~1\AD9833~1\Software\DDSVCO~1\DDSVCO~1\DDSVCO~1\ARDUIN~1\Debug\libArduinoCore.a(Adafruit_SSD1306.o)
 .debug_ranges  0x00000980       0x28 H:\WORKSP~1\ElectronicsProjects\TestAndMeasurement\AD9833~1\AD9833~1\Software\DDSVCO~1\DDSVCO~1\DDSVCO~1\ARDUIN~1\Debug\libArduinoCore.a(SPI.o)
 .debug_ranges  0x000009a8       0x10 H:\WORKSP~1\ElectronicsProjects\TestAndMeasurement\AD9833~1\AD9833~1\Software\DDSVCO~1\DDSVCO~1\DDSVCO~1\ARDUIN~1\Debug\libArduinoCore.a(TimerOne.o)
 .debug_ranges  0x000009b8       0xe8 H:\WORKSP~1\ElectronicsProjects\TestAndMeasurement\AD9833~1\AD9833~1\Software\DDSVCO~1\DDSVCO~1\DDSVCO~1\ARDUIN~1\Debug\libArduinoCore.a(Wire.o)
 .debug_ranges  0x00000aa0       0x10 H:\WORKSP~1\ElectronicsProjects\TestAndMeasurement\AD9833~1\AD9833~1\Software\DDSVCO~1\DDSVCO~1\DDSVCO~1\ARDUIN~1\Debug\libArduinoCore.a(abi.o)
 .debug_ranges  0x00000ab0       0x10 H:\WORKSP~1\ElectronicsProjects\TestAndMeasurement\AD9833~1\AD9833~1\Software\DDSVCO~1\DDSVCO~1\DDSVCO~1\ARDUIN~1\Debug\libArduinoCore.a(hooks.o)
 .debug_ranges  0x00000ac0       0x70 H:\WORKSP~1\ElectronicsProjects\TestAndMeasurement\AD9833~1\AD9833~1\Software\DDSVCO~1\DDSVCO~1\DDSVCO~1\ARDUIN~1\Debug\libArduinoCore.a(twi.o)

.debug_macro
 *(.debug_macro)
OUTPUT(AD9833FunctionGenerator.elf elf32-avr)
LOAD linker stubs