Archive member included to satisfy reference by file (symbol)

c:/program files (x86)/atmel/studio/7.0/toolchain/avr8/avr8-gnu-toolchain/bin/../lib/gcc/avr/5.4.0/../../../../avr/lib/avr5\libm.a(addsf3.o)
                              main.o (__addsf3)
c:/program files (x86)/atmel/studio/7.0/toolchain/avr8/avr8-gnu-toolchain/bin/../lib/gcc/avr/5.4.0/../../../../avr/lib/avr5\libm.a(addsf3x.o)
                              c:/program files (x86)/atmel/studio/7.0/toolchain/avr8/avr8-gnu-toolchain/bin/../lib/gcc/avr/5.4.0/../../../../avr/lib/avr5\libm.a(addsf3.o) (__addsf3x)
c:/program files (x86)/atmel/studio/7.0/toolchain/avr8/avr8-gnu-toolchain/bin/../lib/gcc/avr/5.4.0/../../../../avr/lib/avr5\libm.a(divsf3.o)
                              main.o (__divsf3)
c:/program files (x86)/atmel/studio/7.0/toolchain/avr8/avr8-gnu-toolchain/bin/../lib/gcc/avr/5.4.0/../../../../avr/lib/avr5\libm.a(divsf3x.o)
                              c:/program files (x86)/atmel/studio/7.0/toolchain/avr8/avr8-gnu-toolchain/bin/../lib/gcc/avr/5.4.0/../../../../avr/lib/avr5\libm.a(divsf3.o) (__divsf3x)
c:/program files (x86)/atmel/studio/7.0/toolchain/avr8/avr8-gnu-toolchain/bin/../lib/gcc/avr/5.4.0/../../../../avr/lib/avr5\libm.a(fixsfsi.o)
                              main.o (__fixsfsi)
c:/program files (x86)/atmel/studio/7.0/toolchain/avr8/avr8-gnu-toolchain/bin/../lib/gcc/avr/5.4.0/../../../../avr/lib/avr5\libm.a(fixunssfsi.o)
                              c:/program files (x86)/atmel/studio/7.0/toolchain/avr8/avr8-gnu-toolchain/bin/../lib/gcc/avr/5.4.0/../../../../avr/lib/avr5\libm.a(fixsfsi.o) (__fixunssfsi)
c:/program files (x86)/atmel/studio/7.0/toolchain/avr8/avr8-gnu-toolchain/bin/../lib/gcc/avr/5.4.0/../../../../avr/lib/avr5\libm.a(floatsisf.o)
                              main.o (__floatunsisf)
c:/program files (x86)/atmel/studio/7.0/toolchain/avr8/avr8-gnu-toolchain/bin/../lib/gcc/avr/5.4.0/../../../../avr/lib/avr5\libm.a(fp_inf.o)
                              c:/program files (x86)/atmel/studio/7.0/toolchain/avr8/avr8-gnu-toolchain/bin/../lib/gcc/avr/5.4.0/../../../../avr/lib/avr5\libm.a(addsf3x.o) (__fp_inf)
c:/program files (x86)/atmel/studio/7.0/toolchain/avr8/avr8-gnu-toolchain/bin/../lib/gcc/avr/5.4.0/../../../../avr/lib/avr5\libm.a(fp_nan.o)
                              c:/program files (x86)/atmel/studio/7.0/toolchain/avr8/avr8-gnu-toolchain/bin/../lib/gcc/avr/5.4.0/../../../../avr/lib/avr5\libm.a(addsf3x.o) (__fp_nan)
c:/program files (x86)/atmel/studio/7.0/toolchain/avr8/avr8-gnu-toolchain/bin/../lib/gcc/avr/5.4.0/../../../../avr/lib/avr5\libm.a(fp_pscA.o)
                              c:/program files (x86)/atmel/studio/7.0/toolchain/avr8/avr8-gnu-toolchain/bin/../lib/gcc/avr/5.4.0/../../../../avr/lib/avr5\libm.a(addsf3x.o) (__fp_pscA)
c:/program files (x86)/atmel/studio/7.0/toolchain/avr8/avr8-gnu-toolchain/bin/../lib/gcc/avr/5.4.0/../../../../avr/lib/avr5\libm.a(fp_pscB.o)
                              c:/program files (x86)/atmel/studio/7.0/toolchain/avr8/avr8-gnu-toolchain/bin/../lib/gcc/avr/5.4.0/../../../../avr/lib/avr5\libm.a(addsf3x.o) (__fp_pscB)
c:/program files (x86)/atmel/studio/7.0/toolchain/avr8/avr8-gnu-toolchain/bin/../lib/gcc/avr/5.4.0/../../../../avr/lib/avr5\libm.a(fp_round.o)
                              c:/program files (x86)/atmel/studio/7.0/toolchain/avr8/avr8-gnu-toolchain/bin/../lib/gcc/avr/5.4.0/../../../../avr/lib/avr5\libm.a(addsf3.o) (__fp_round)
c:/program files (x86)/atmel/studio/7.0/toolchain/avr8/avr8-gnu-toolchain/bin/../lib/gcc/avr/5.4.0/../../../../avr/lib/avr5\libm.a(fp_split3.o)
                              c:/program files (x86)/atmel/studio/7.0/toolchain/avr8/avr8-gnu-toolchain/bin/../lib/gcc/avr/5.4.0/../../../../avr/lib/avr5\libm.a(addsf3x.o) (__fp_split3)
c:/program files (x86)/atmel/studio/7.0/toolchain/avr8/avr8-gnu-toolchain/bin/../lib/gcc/avr/5.4.0/../../../../avr/lib/avr5\libm.a(fp_zero.o)
                              c:/program files (x86)/atmel/studio/7.0/toolchain/avr8/avr8-gnu-toolchain/bin/../lib/gcc/avr/5.4.0/../../../../avr/lib/avr5\libm.a(addsf3x.o) (__fp_zero)
c:/program files (x86)/atmel/studio/7.0/toolchain/avr8/avr8-gnu-toolchain/bin/../lib/gcc/avr/5.4.0/../../../../avr/lib/avr5\libm.a(mulsf3.o)
                              main.o (__mulsf3)
c:/program files (x86)/atmel/studio/7.0/toolchain/avr8/avr8-gnu-toolchain/bin/../lib/gcc/avr/5.4.0/../../../../avr/lib/avr5\libm.a(mulsf3x.o)
                              c:/program files (x86)/atmel/studio/7.0/toolchain/avr8/avr8-gnu-toolchain/bin/../lib/gcc/avr/5.4.0/../../../../avr/lib/avr5\libm.a(mulsf3.o) (__mulsf3x)
F:\circuits\AD9833FunctionGenerator\Software\DDSVCO_v3\DDSVCO_v3\DDSVCO_v3\ArduinoCore\Debug\libArduinoCore.a(HardwareSerial.o)
                              main.o (_ZN14HardwareSerial5writeEh)
F:\circuits\AD9833FunctionGenerator\Software\DDSVCO_v3\DDSVCO_v3\DDSVCO_v3\ArduinoCore\Debug\libArduinoCore.a(HardwareSerial0.o)
[...]
Memory Configuration

Name             Origin             Length             Attributes
text             0x00000000         0x00020000         xr
data             0x00800060         0x0000ffa0         rw !x
eeprom           0x00810000         0x00010000         rw !x
fuse             0x00820000         0x00000003         rw !x
lock             0x00830000         0x00000400         rw !x
signature        0x00840000         0x00000400         rw !x
user_signatures  0x00850000         0x00000400         rw !x
*default*        0x00000000         0xffffffff

Linker script and memory map

Address of section .data set to 0x800100
LOAD C:/Program Files (x86)/Atmel/Studio/7.0/Packs/Atmel/ATmega_DFP/1.2.272/gcc/dev/atmega328p/avr5/crtatmega328p.o
LOAD main.o
START GROUP
LOAD c:/program files (x86)/atmel/studio/7.0/toolchain/avr8/avr8-gnu-toolchain/bin/../lib/gcc/avr/5.4.0/../../../../avr/lib/avr5\libm.a
LOAD F:\circuits\AD9833FunctionGenerator\Software\DDSVCO_v3\DDSVCO_v3\DDSVCO_v3\ArduinoCore\Debug\libArduinoCore.a
END GROUP
LOAD c:/program files (x86)/atmel/studio/7.0/toolchain/avr8/avr8-gnu-toolchain/bin/../lib/gcc/avr/5.4.0/avr5\libgcc.a
LOAD c:/program files (x86)/atmel/studio/7.0/toolchain/avr8/avr8-gnu-toolchain/bin/../lib/gcc/avr/5.4.0/../../../../avr/lib/avr5\libm.a
START GROUP
LOAD c:/program files (x86)/atmel/studio/7.0/toolchain/avr8/avr8-gnu-toolchain/bin/../lib/gcc/avr/5.4.0/avr5\libgcc.a
LOAD c:/program files (x86)/atmel/studio/7.0/toolchain/avr8/avr8-gnu-toolchain/bin/../lib/gcc/avr/5.4.0/../../../../avr/lib/avr5\libm.a
LOAD c:/program files (x86)/atmel/studio/7.0/toolchain/avr8/avr8-gnu-toolchain/bin/../lib/gcc/avr/5.4.0/../../../../avr/lib/avr5\libc.a
LOAD C:/Program Files (x86)/Atmel/Studio/7.0/Packs/Atmel/ATmega_DFP/1.2.272/gcc/dev/atmega328p/avr5\libatmega328p.a
END GROUP
                0x00020000                __TEXT_REGION_LENGTH__ = DEFINED (__TEXT_REGION_LENGTH__)?__TEXT_REGION_LENGTH__:0x20000
                0x0000ffa0                __DATA_REGION_LENGTH__ = DEFINED (__DATA_REGION_LENGTH__)?__DATA_REGION_LENGTH__:0xffa0
                0x00010000                __EEPROM_REGION_LENGTH__ = DEFINED (__EEPROM_REGION_LENGTH__)?__EEPROM_REGION_LENGTH__:0x10000
                [0x00000003]                __FUSE_REGION_LENGTH__ = DEFINED (__FUSE_REGION_LENGTH__)?__FUSE_REGION_LENGTH__:0x400
                0x00000400                __LOCK_REGION_LENGTH__ = DEFINED (__LOCK_REGION_LENGTH__)?__LOCK_REGION_LENGTH__:0x400
                0x00000400                __SIGNATURE_REGION_LENGTH__ = DEFINED (__SIGNATURE_REGION_LENGTH__)?__SIGNATURE_REGION_LENGTH__:0x400
                0x00000400                __USER_SIGNATURE_REGION_LENGTH__ = DEFINED (__USER_SIGNATURE_REGION_LENGTH__)?__USER_SIGNATURE_REGION_LENGTH__:0x400

.hash
 *(.hash)

.dynsym
 *(.dynsym)

.dynstr
 *(.dynstr)

.gnu.version
 *(.gnu.version)

.gnu.version_d
 *(.gnu.version_d)

.gnu.version_r
 *(.gnu.version_r)

.rel.init
 *(.rel.init)

.rela.init
 *(.rela.init)

.rel.text
 *(.rel.text)
 *(.rel.text.*)
 *(.rel.gnu.linkonce.t*)

.rela.text
 *(.rela.text)
 *(.rela.text.*)
 *(.rela.gnu.linkonce.t*)

.rel.fini
 *(.rel.fini)

.rela.fini
 *(.rela.fini)

.rel.rodata
 *(.rel.rodata)
 *(.rel.rodata.*)
 *(.rel.gnu.linkonce.r*)

.rela.rodata
 *(.rela.rodata)
 *(.rela.rodata.*)
 *(.rela.gnu.linkonce.r*)

.rel.data
 *(.rel.data)
 *(.rel.data.*)
 *(.rel.gnu.linkonce.d*)

.rela.data
 *(.rela.data)
 *(.rela.data.*)
 *(.rela.gnu.linkonce.d*)

.rel.ctors
 *(.rel.ctors)

.rela.ctors
 *(.rela.ctors)

.rel.dtors
 *(.rel.dtors)

.rela.dtors
 *(.rela.dtors)

.rel.got
 *(.rel.got)

.rela.got
 *(.rela.got)

.rel.bss
 *(.rel.bss)

.rela.bss
 *(.rela.bss)

.rel.plt
 *(.rel.plt)

.rela.plt
 *(.rela.plt)

.text           0x00000000     0x455e
 *(.vectors)
 .vectors       0x00000000       0x68 C:/Program Files (x86)/Atmel/Studio/7.0/Packs/Atmel/ATmega_DFP/1.2.272/gcc/dev/atmega328p/avr5/crtatmega328p.o
                0x00000000                __vector_default
                0x00000000                __vectors
 *(.vectors)
 *(.progmem.gcc*)
                0x00000068                . = ALIGN (0x2)
                0x00000068                __trampolines_start = .
 *(.trampolines)
 .trampolines   0x00000068        0x0 linker stubs
 *(.trampolines*)
                0x00000068                __trampolines_end = .
 *libprintf_flt.a:*(.progmem.data)
 *libc.a:*(.progmem.data)
 *(.progmem*)
 .progmem.data._ZL34digital_pin_to_port_bit_number_PGM
                0x00000068       0x14 main.o
 .progmem.data.digital_pin_to_timer_PGM
                0x0000007c       0x14 F:\circuits\AD9833FunctionGenerator\Software\DDSVCO_v3\DDSVCO_v3\DDSVCO_v3\ArduinoCore\Debug\libArduinoCore.a(wiring_digital.o)
                0x0000007c                digital_pin_to_timer_PGM
 .progmem.data.digital_pin_to_bit_mask_PGM
                0x00000090       0x14 F:\circuits\AD9833FunctionGenerator\Software\DDSVCO_v3\DDSVCO_v3\DDSVCO_v3\ArduinoCore\Debug\libArduinoCore.a(wiring_digital.o)
                0x00000090                digital_pin_to_bit_mask_PGM
 .progmem.data.digital_pin_to_port_PGM
                0x000000a4       0x14 F:\circuits\AD9833FunctionGenerator\Software\DDSVCO_v3\DDSVCO_v3\DDSVCO_v3\ArduinoCore\Debug\libArduinoCore.a(wiring_digital.o)
                0x000000a4                digital_pin_to_port_PGM
 .progmem.data.port_to_input_PGM
                0x000000b8        0xa F:\circuits\AD9833FunctionGenerator\Software\DDSVCO_v3\DDSVCO_v3\DDSVCO_v3\ArduinoCore\Debug\libArduinoCore.a(wiring_digital.o)
                0x000000b8                port_to_input_PGM
 .progmem.data.port_to_output_PGM
                0x000000c2        0xa F:\circuits\AD9833FunctionGenerator\Software\DDSVCO_v3\DDSVCO_v3\DDSVCO_v3\ArduinoCore\Debug\libArduinoCore.a(wiring_digital.o)
                0x000000c2                port_to_output_PGM
 .progmem.data.port_to_mode_PGM
                0x000000cc        0xa F:\circuits\AD9833FunctionGenerator\Software\DDSVCO_v3\DDSVCO_v3\DDSVCO_v3\ArduinoCore\Debug\libArduinoCore.a(wiring_digital.o)
                0x000000cc                port_to_mode_PGM
 .progmem.data._ZL4font
                0x000000d6      0x500 F:\circuits\AD9833FunctionGenerator\Software\DDSVCO_v3\DDSVCO_v3\DDSVCO_v3\ArduinoCore\Debug\libArduinoCore.a(Adafruit_GFX.o)
                0x000005d6                . = ALIGN (0x2)
 *(.jumptables)
 *(.jumptables*)
 *(.lowtext)
 *(.lowtext*)
                0x000005d6                __ctors_start = .
 *(.ctors)
 .ctors         0x000005d6        0x2 main.o
 .ctors         0x000005d8        0x2 F:\circuits\AD9833FunctionGenerator\Software\DDSVCO_v3\DDSVCO_v3\DDSVCO_v3\ArduinoCore\Debug\libArduinoCore.a(HardwareSerial0.o)
 .ctors         0x000005da        0x2 F:\circuits\AD9833FunctionGenerator\Software\DDSVCO_v3\DDSVCO_v3\DDSVCO_v3\ArduinoCore\Debug\libArduinoCore.a(Wire.o)
                0x000005dc                __ctors_end = .
                0x000005dc                __dtors_start = .
 *(.dtors)
                0x000005dc                __dtors_end = .
 SORT(*)(.ctors)
 SORT(*)(.dtors)
 *(.init0)
 .init0         0x000005dc        0x0 C:/Program Files (x86)/Atmel/Studio/7.0/Packs/Atmel/ATmega_DFP/1.2.272/gcc/dev/atmega328p/avr5/crtatmega328p.o
                0x000005dc                __init
 *(.init0)
 *(.init1)
 *(.init1)
 *(.init2)
 .init2         0x000005dc        0xc C:/Program Files (x86)/Atmel/Studio/7.0/Packs/Atmel/ATmega_DFP/1.2.272/gcc/dev/atmega328p/avr5/crtatmega328p.o
 *(.init2)
 *(.init3)
 *(.init3)
 *(.init4)
 .init4         0x000005e8       0x16 c:/program files (x86)/atmel/studio/7.0/toolchain/avr8/avr8-gnu-toolchain/bin/../lib/gcc/avr/5.4.0/avr5\libgcc.a(_copy_data.o)
                0x000005e8                __do_copy_data
 .init4         0x000005fe       0x10 c:/program files (x86)/atmel/studio/7.0/toolchain/avr8/avr8-gnu-toolchain/bin/../lib/gcc/avr/5.4.0/avr5\libgcc.a(_clear_bss.o)
                0x000005fe                __do_clear_bss
 *(.init4)
 *(.init5)
 *(.init5)
 *(.init6)
 .init6         0x0000060e       0x16 c:/program files (x86)/atmel/studio/7.0/toolchain/avr8/avr8-gnu-toolchain/bin/../lib/gcc/avr/5.4.0/avr5\libgcc.a(_ctors.o)
                0x0000060e                __do_global_ctors
 *(.init6)
 *(.init7)
 *(.init7)
 *(.init8)
 *(.init8)
 *(.init9)
 .init9         0x00000624        0x8 C:/Program Files (x86)/Atmel/Studio/7.0/Packs/Atmel/ATmega_DFP/1.2.272/gcc/dev/atmega328p/avr5/crtatmega328p.o
 *(.init9)
 *(.text)
 .text          0x0000062c        0x4 C:/Program Files (x86)/Atmel/Studio/7.0/Packs/Atmel/ATmega_DFP/1.2.272/gcc/dev/atmega328p/avr5/crtatmega328p.o
                0x0000062c                __vector_22
                0x0000062c                __vector_12
                0x0000062c                __bad_interrupt
                0x0000062c                __vector_6
                0x0000062c                __vector_23
                0x0000062c                __vector_25
                0x0000062c                __vector_11
                0x0000062c                __vector_17
                0x0000062c                __vector_7
                0x0000062c                __vector_9
                0x0000062c                __vector_15
                0x0000062c                __vector_8
                0x0000062c                __vector_14
                0x0000062c                __vector_10
                0x0000062c                __vector_20
                0x00000630                . = ALIGN (0x2)
 *(.text.*)
 .text._Z8doPD2Intv
                0x00000630       0x90 main.o
                0x00000630                _Z8doPD2Intv
 .text._Z8doPD5Intv
                0x000006c0       0xd2 main.o
                0x000006c0                _Z8doPD5Intv
 .text._Z8doPD6Intv
                0x00000792       0x16 main.o
                0x00000792                _Z8doPD6Intv
 .text._ZN8SPIClass14endTransactionEv.part.0
                0x000007a8       0x1a main.o
 .text._Z9adc_setupv
                0x000007c2       0x2c main.o
                0x000007c2                _Z9adc_setupv
 .text.__vector_21
                0x000007ee      0x11e main.o
                0x000007ee                __vector_21
 .text._ZN8SPIClass16beginTransactionE11SPISettings
                0x0000090c       0x34 main.o
                0x0000090c                _ZN8SPIClass16beginTransactionE11SPISettings
 .text._ZN8SPIClass8transferEh
                0x00000940        0xe main.o
                0x00000940                _ZN8SPIClass8transferEh
 .text._ZN8SPIClass10transfer16Ej
                0x0000094e       0x3a main.o
                0x0000094e                _ZN8SPIClass10transfer16Ej
 .text._Z17digipot_write_spiiih
                0x00000988       0x42 main.o
                0x00000988                _Z17digipot_write_spiiih
 .text._Z8doPD3Intv
                0x000009ca       0xda main.o
                0x000009ca                _Z8doPD3Intv
 .text._Z13write_dds_spiv
                0x00000aa4       0x56 main.o
                0x00000aa4                _Z13write_dds_spiv
 .text._Z15setDDSFrequencyl
                0x00000afa       0xfc main.o
                0x00000afa                _Z15setDDSFrequencyl
 .text._Z17dds_callback_funcv
                0x00000bf6      0x374 main.o
                0x00000bf6                _Z17dds_callback_funcv
 .text._Z11doTimer1Intv
                0x00000f6a        0x4 main.o
                0x00000f6a                _Z11doTimer1Intv
 .text._Z15enableInterrupthPFvvEh
                0x00000f6e      0x1a0 main.o
                0x00000f6e                _Z15enableInterrupthPFvvEh
 .text.__vector_1
                0x0000110e       0x4e main.o
                0x0000110e                __vector_1
 .text.__vector_2
                0x0000115c       0x4e main.o
                0x0000115c                __vector_2
 .text.__vector_3
                0x000011aa       0xc6 main.o
                0x000011aa                __vector_3
 .text.__vector_4
                0x00001270       0xc6 main.o
                0x00001270                __vector_4
 .text.__vector_5
                0x00001336       0xe2 main.o
                0x00001336                __vector_5
 .text._Z11setup_pcintv
                0x00001418       0x30 main.o
                0x00001418                _Z11setup_pcintv
 .text._Z10oled_setupv
                0x00001448       0x1e main.o
                0x00001448                _Z10oled_setupv
 .text._Z13oled_set_textii
                0x00001466       0x1e main.o
                0x00001466                _Z13oled_set_textii
 .text._Z10oled_resetv
                0x00001484       0x18 main.o
                0x00001484                _Z10oled_resetv
 .text._Z16printCurrentFreqv
                0x0000149c       0x78 main.o
                0x0000149c                _Z16printCurrentFreqv
 .text._Z14printLowerFreqv
                0x00001514       0x78 main.o
                0x00001514                _Z14printLowerFreqv
 .text._Z14printUpperFreqv
                0x0000158c       0x78 main.o
                0x0000158c                _Z14printUpperFreqv
 .text._Z9oled_drawv
                0x00001604      0x116 main.o
                0x00001604                _Z9oled_drawv
 .text.setup    0x0000171a      0x188 main.o
                0x0000171a                setup
 .text.startup.main
                0x000018a2        0xa main.o
                0x000018a2                main
 .text.startup._GLOBAL__sub_I__Z17printBinaryNIBBLEh
                0x000018ac       0x1a main.o
 .text.avr-libc.fplib
                0x000018c6        0xe c:/program files (x86)/atmel/studio/7.0/toolchain/avr8/avr8-gnu-toolchain/bin/../lib/gcc/avr/5.4.0/../../../../avr/lib/avr5\libm.a(addsf3.o)
                0x000018c6                __subsf3
                0x000018c8                __addsf3
 .text.avr-libc.fplib
                0x000018d4       0xcc c:/program files (x86)/atmel/studio/7.0/toolchain/avr8/avr8-gnu-toolchain/bin/../lib/gcc/avr/5.4.0/../../../../avr/lib/avr5\libm.a(addsf3x.o)
                0x000018f6                __addsf3x
 .text.avr-libc.fplib
                0x000019a0        0x8 c:/program files (x86)/atmel/studio/7.0/toolchain/avr8/avr8-gnu-toolchain/bin/../lib/gcc/avr/5.4.0/../../../../avr/lib/avr5\libm.a(divsf3.o)
                0x000019a0                __divsf3
 .text.avr-libc.fplib
                0x000019a8       0xdc c:/program files (x86)/atmel/studio/7.0/toolchain/avr8/avr8-gnu-toolchain/bin/../lib/gcc/avr/5.4.0/../../../../avr/lib/avr5\libm.a(divsf3x.o)
                0x000019c8                __divsf3x
                0x000019ce                __divsf3_pse
 .text.avr-libc.fplib
                0x00001a84        0xe c:/program files (x86)/atmel/studio/7.0/toolchain/avr8/avr8-gnu-toolchain/bin/../lib/gcc/avr/5.4.0/../../../../avr/lib/avr5\libm.a(fixsfsi.o)
                0x00001a84                __fixsfsi
 .text.avr-libc.fplib
                0x00001a92       0x5e c:/program files (x86)/atmel/studio/7.0/toolchain/avr8/avr8-gnu-toolchain/bin/../lib/gcc/avr/5.4.0/../../../../avr/lib/avr5\libm.a(fixunssfsi.o)
                0x00001a92                __fixunssfsi
 .text.avr-libc.fplib
                0x00001af0       0x7a c:/program files (x86)/atmel/studio/7.0/toolchain/avr8/avr8-gnu-toolchain/bin/../lib/gcc/avr/5.4.0/../../../../avr/lib/avr5\libm.a(floatsisf.o)
                0x00001af0                __floatunsisf
                0x00001af4                __floatsisf
 .text.avr-libc.fplib
                0x00001b6a        0xc c:/program files (x86)/atmel/studio/7.0/toolchain/avr8/avr8-gnu-toolchain/bin/../lib/gcc/avr/5.4.0/../../../../avr/lib/avr5\libm.a(fp_inf.o)
                0x00001b6a                __fp_inf
 .text.avr-libc.fplib
                0x00001b76        0x6 c:/program files (x86)/atmel/studio/7.0/toolchain/avr8/avr8-gnu-toolchain/bin/../lib/gcc/avr/5.4.0/../../../../avr/lib/avr5\libm.a(fp_nan.o)
                0x00001b76                __fp_nan
 .text.avr-libc.fplib
                0x00001b7c        0xe c:/program files (x86)/atmel/studio/7.0/toolchain/avr8/avr8-gnu-toolchain/bin/../lib/gcc/avr/5.4.0/../../../../avr/lib/avr5\libm.a(fp_pscA.o)
                0x00001b7c                __fp_pscA
 .text.avr-libc.fplib
                0x00001b8a        0xe c:/program files (x86)/atmel/studio/7.0/toolchain/avr8/avr8-gnu-toolchain/bin/../lib/gcc/avr/5.4.0/../../../../avr/lib/avr5\libm.a(fp_pscB.o)
                0x00001b8a                __fp_pscB
 .text.avr-libc.fplib
                0x00001b98       0x22 c:/program files (x86)/atmel/studio/7.0/toolchain/avr8/avr8-gnu-toolchain/bin/../lib/gcc/avr/5.4.0/../../../../avr/lib/avr5\libm.a(fp_round.o)
                0x00001b98                __fp_round
 .text.avr-libc.fplib
                0x00001bba       0x44 c:/program files (x86)/atmel/studio/7.0/toolchain/avr8/avr8-gnu-toolchain/bin/../lib/gcc/avr/5.4.0/../../../../avr/lib/avr5\libm.a(fp_split3.o)
                0x00001bba                __fp_split3
                0x00001bca                __fp_splitA
 .text.avr-libc.fplib
                0x00001bfe        0xe c:/program files (x86)/atmel/studio/7.0/toolchain/avr8/avr8-gnu-toolchain/bin/../lib/gcc/avr/5.4.0/../../../../avr/lib/avr5\libm.a(fp_zero.o)
                0x00001bfe                __fp_zero
                0x00001c00                __fp_szero
 .text.avr-libc.fplib
                0x00001c0c        0x8 c:/program files (x86)/atmel/studio/7.0/toolchain/avr8/avr8-gnu-toolchain/bin/../lib/gcc/avr/5.4.0/../../../../avr/lib/avr5\libm.a(mulsf3.o)
                0x00001c0c                __mulsf3
 .text.avr-libc.fplib
                0x00001c14       0xd2 c:/program files (x86)/atmel/studio/7.0/toolchain/avr8/avr8-gnu-toolchain/bin/../lib/gcc/avr/5.4.0/../../../../avr/lib/avr5\libm.a(mulsf3x.o)
                0x00001c32                __mulsf3x
                0x00001c38                __mulsf3_pse
 .text._ZN14HardwareSerial9availableEv
                0x00001ce6       0x18 F:\circuits\AD9833FunctionGenerator\Software\DDSVCO_v3\DDSVCO_v3\DDSVCO_v3\ArduinoCore\Debug\libArduinoCore.a(HardwareSerial.o)
                0x00001ce6                _ZN14HardwareSerial9availableEv
 .text._ZN14HardwareSerial4peekEv
                0x00001cfe       0x1c F:\circuits\AD9833FunctionGenerator\Software\DDSVCO_v3\DDSVCO_v3\DDSVCO_v3\ArduinoCore\Debug\libArduinoCore.a(HardwareSerial.o)
                0x00001cfe                _ZN14HardwareSerial4peekEv
 .text._ZN14HardwareSerial4readEv
                0x00001d1a       0x28 F:\circuits\AD9833FunctionGenerator\Software\DDSVCO_v3\DDSVCO_v3\DDSVCO_v3\ArduinoCore\Debug\libArduinoCore.a(HardwareSerial.o)
                0x00001d1a                _ZN14HardwareSerial4readEv
 .text._ZN14HardwareSerial17availableForWriteEv
                0x00001d42       0x1e F:\circuits\AD9833FunctionGenerator\Software\DDSVCO_v3\DDSVCO_v3\DDSVCO_v3\ArduinoCore\Debug\libArduinoCore.a(HardwareSerial.o)
                0x00001d42                _ZN14HardwareSerial17availableForWriteEv
 .text._ZN14HardwareSerial17_tx_udr_empty_irqEv
                0x00001d60       0x42 F:\circuits\AD9833FunctionGenerator\Software\DDSVCO_v3\DDSVCO_v3\DDSVCO_v3\ArduinoCore\Debug\libArduinoCore.a(HardwareSerial.o)
                0x00001d60                _ZN14HardwareSerial17_tx_udr_empty_irqEv
 .text._ZN14HardwareSerial5writeEh
                0x00001da2       0x8e F:\circuits\AD9833FunctionGenerator\Software\DDSVCO_v3\DDSVCO_v3\DDSVCO_v3\ArduinoCore\Debug\libArduinoCore.a(HardwareSerial.o)
                0x00001da2                _ZN14HardwareSerial5writeEh
 .text._ZN14HardwareSerial5flushEv
                0x00001e30       0x44 F:\circuits\AD9833FunctionGenerator\Software\DDSVCO_v3\DDSVCO_v3\DDSVCO_v3\ArduinoCore\Debug\libArduinoCore.a(HardwareSerial.o)
                0x00001e30                _ZN14HardwareSerial5flushEv
 .text._ZN14HardwareSerial5beginEmh
                0x00001e74       0xca F:\circuits\AD9833FunctionGenerator\Software\DDSVCO_v3\DDSVCO_v3\DDSVCO_v3\ArduinoCore\Debug\libArduinoCore.a(HardwareSerial.o)
                0x00001e74                _ZN14HardwareSerial5beginEmh
 .text._ZN5Print17availableForWriteEv
                0x00001f3e        0x6 F:\circuits\AD9833FunctionGenerator\Software\DDSVCO_v3\DDSVCO_v3\DDSVCO_v3\ArduinoCore\Debug\libArduinoCore.a(HardwareSerial0.o)
                0x00001f3e                _ZN5Print17availableForWriteEv
 .text._ZN5Print5flushEv
                0x00001f44        0x2 F:\circuits\AD9833FunctionGenerator\Software\DDSVCO_v3\DDSVCO_v3\DDSVCO_v3\ArduinoCore\Debug\libArduinoCore.a(HardwareSerial0.o)
                0x00001f44                _ZN5Print5flushEv
 .text.__vector_18
                0x00001f46       0x64 F:\circuits\AD9833FunctionGenerator\Software\DDSVCO_v3\DDSVCO_v3\DDSVCO_v3\ArduinoCore\Debug\libArduinoCore.a(HardwareSerial0.o)
                0x00001f46                __vector_18
 .text.__vector_19
                0x00001faa       0x4c F:\circuits\AD9833FunctionGenerator\Software\DDSVCO_v3\DDSVCO_v3\DDSVCO_v3\ArduinoCore\Debug\libArduinoCore.a(HardwareSerial0.o)
                0x00001faa                __vector_19
 .text.startup._GLOBAL__sub_I___vector_18
                0x00001ff6       0x5a F:\circuits\AD9833FunctionGenerator\Software\DDSVCO_v3\DDSVCO_v3\DDSVCO_v3\ArduinoCore\Debug\libArduinoCore.a(HardwareSerial0.o)
 .text._ZN5Print5writeEPKhj
                0x00002050       0x54 F:\circuits\AD9833FunctionGenerator\Software\DDSVCO_v3\DDSVCO_v3\DDSVCO_v3\ArduinoCore\Debug\libArduinoCore.a(Print.o)
                0x00002050                _ZN5Print5writeEPKhj
 .text._ZN5Print5writeEPKc
                0x000020a4       0x2a F:\circuits\AD9833FunctionGenerator\Software\DDSVCO_v3\DDSVCO_v3\DDSVCO_v3\ArduinoCore\Debug\libArduinoCore.a(Print.o)
                0x000020a4                _ZN5Print5writeEPKc
 .text._ZN5Print5printEPKc
                0x000020ce        0x4 F:\circuits\AD9833FunctionGenerator\Software\DDSVCO_v3\DDSVCO_v3\DDSVCO_v3\ArduinoCore\Debug\libArduinoCore.a(Print.o)
                0x000020ce                _ZN5Print5printEPKc
 .text._ZN5Print5printEc
                0x000020d2        0xe F:\circuits\AD9833FunctionGenerator\Software\DDSVCO_v3\DDSVCO_v3\DDSVCO_v3\ArduinoCore\Debug\libArduinoCore.a(Print.o)
                0x000020d2                _ZN5Print5printEc
 .text._ZN5Print11printNumberEmh
                0x000020e0       0x92 F:\circuits\AD9833FunctionGenerator\Software\DDSVCO_v3\DDSVCO_v3\DDSVCO_v3\ArduinoCore\Debug\libArduinoCore.a(Print.o)
                0x000020e0                _ZN5Print11printNumberEmh
 .text._ZN5Print5printEmi
                0x00002172       0x1a F:\circuits\AD9833FunctionGenerator\Software\DDSVCO_v3\DDSVCO_v3\DDSVCO_v3\ArduinoCore\Debug\libArduinoCore.a(Print.o)
                0x00002172                _ZN5Print5printEmi
 .text._ZN5Print5printEji
                0x0000218c        0xc F:\circuits\AD9833FunctionGenerator\Software\DDSVCO_v3\DDSVCO_v3\DDSVCO_v3\ArduinoCore\Debug\libArduinoCore.a(Print.o)
                0x0000218c                _ZN5Print5printEji
 .text._ZN5Print5printEli
                0x00002198       0x90 F:\circuits\AD9833FunctionGenerator\Software\DDSVCO_v3\DDSVCO_v3\DDSVCO_v3\ArduinoCore\Debug\libArduinoCore.a(Print.o)
                0x00002198                _ZN5Print5printEli
 .text._ZN5Print5printEii
                0x00002228        0xe F:\circuits\AD9833FunctionGenerator\Software\DDSVCO_v3\DDSVCO_v3\DDSVCO_v3\ArduinoCore\Debug\libArduinoCore.a(Print.o)
                0x00002228                _ZN5Print5printEii
 .text._ZN5Print10printFloatEdh
                0x00002236      0x1b6 F:\circuits\AD9833FunctionGenerator\Software\DDSVCO_v3\DDSVCO_v3\DDSVCO_v3\ArduinoCore\Debug\libArduinoCore.a(Print.o)
                0x00002236                _ZN5Print10printFloatEdh
 .text._ZN5Print5printEdi
                0x000023ec        0x4 F:\circuits\AD9833FunctionGenerator\Software\DDSVCO_v3\DDSVCO_v3\DDSVCO_v3\ArduinoCore\Debug\libArduinoCore.a(Print.o)
                0x000023ec                _ZN5Print5printEdi
 .text.__vector_16
                0x000023f0       0x94 F:\circuits\AD9833FunctionGenerator\Software\DDSVCO_v3\DDSVCO_v3\DDSVCO_v3\ArduinoCore\Debug\libArduinoCore.a(wiring.o)
                0x000023f0                __vector_16
 .text.millis   0x00002484       0x18 F:\circuits\AD9833FunctionGenerator\Software\DDSVCO_v3\DDSVCO_v3\DDSVCO_v3\ArduinoCore\Debug\libArduinoCore.a(wiring.o)
                0x00002484                millis
 .text.micros   0x0000249c       0x4a F:\circuits\AD9833FunctionGenerator\Software\DDSVCO_v3\DDSVCO_v3\DDSVCO_v3\ArduinoCore\Debug\libArduinoCore.a(wiring.o)
                0x0000249c                micros
 .text.delay    0x000024e6       0x78 F:\circuits\AD9833FunctionGenerator\Software\DDSVCO_v3\DDSVCO_v3\DDSVCO_v3\ArduinoCore\Debug\libArduinoCore.a(wiring.o)
                0x000024e6                delay
 .text.turnOffPWM
                0x0000255e       0x52 F:\circuits\AD9833FunctionGenerator\Software\DDSVCO_v3\DDSVCO_v3\DDSVCO_v3\ArduinoCore\Debug\libArduinoCore.a(wiring_digital.o)
 .text.pinMode  0x000025b0       0x78 F:\circuits\AD9833FunctionGenerator\Software\DDSVCO_v3\DDSVCO_v3\DDSVCO_v3\ArduinoCore\Debug\libArduinoCore.a(wiring_digital.o)
                0x000025b0                pinMode
 .text.digitalWrite
                0x00002628       0x5e F:\circuits\AD9833FunctionGenerator\Software\DDSVCO_v3\DDSVCO_v3\DDSVCO_v3\ArduinoCore\Debug\libArduinoCore.a(wiring_digital.o)
                0x00002628                digitalWrite
 .text._Z3maplllll
                0x00002686       0x82 F:\circuits\AD9833FunctionGenerator\Software\DDSVCO_v3\DDSVCO_v3\DDSVCO_v3\ArduinoCore\Debug\libArduinoCore.a(WMath.o)
                0x00002686                _Z3maplllll
 .text._ZN12Adafruit_GFX9writeLineEiiiij
                0x00002708      0x164 F:\circuits\AD9833FunctionGenerator\Software\DDSVCO_v3\DDSVCO_v3\DDSVCO_v3\ArduinoCore\Debug\libArduinoCore.a(Adafruit_GFX.o)
                0x00002708                _ZN12Adafruit_GFX9writeLineEiiiij
 .text._ZN12Adafruit_GFX10writePixelEiij
                0x0000286c        0xe F:\circuits\AD9833FunctionGenerator\Software\DDSVCO_v3\DDSVCO_v3\DDSVCO_v3\ArduinoCore\Debug\libArduinoCore.a(Adafruit_GFX.o)
                0x0000286c                _ZN12Adafruit_GFX10writePixelEiij
 .text._ZN12Adafruit_GFX14writeFastVLineEiiij
                0x0000287a       0x18 F:\circuits\AD9833FunctionGenerator\Software\DDSVCO_v3\DDSVCO_v3\DDSVCO_v3\ArduinoCore\Debug\libArduinoCore.a(Adafruit_GFX.o)
                0x0000287a                _ZN12Adafruit_GFX14writeFastVLineEiiij
 .text._ZN12Adafruit_GFX14writeFastHLineEiiij
                0x00002892       0x18 F:\circuits\AD9833FunctionGenerator\Software\DDSVCO_v3\DDSVCO_v3\DDSVCO_v3\ArduinoCore\Debug\libArduinoCore.a(Adafruit_GFX.o)
                0x00002892                _ZN12Adafruit_GFX14writeFastHLineEiiij
 .text._ZN12Adafruit_GFX13writeFillRectEiiiij
                0x000028aa       0x20 F:\circuits\AD9833FunctionGenerator\Software\DDSVCO_v3\DDSVCO_v3\DDSVCO_v3\ArduinoCore\Debug\libArduinoCore.a(Adafruit_GFX.o)
                0x000028aa                _ZN12Adafruit_GFX13writeFillRectEiiiij
 .text._ZN12Adafruit_GFX8endWriteEv
                0x000028ca        0x2 F:\circuits\AD9833FunctionGenerator\Software\DDSVCO_v3\DDSVCO_v3\DDSVCO_v3\ArduinoCore\Debug\libArduinoCore.a(Adafruit_GFX.o)
                0x000028ca                _ZN12Adafruit_GFX10startWriteEv
                0x000028ca                _ZN12Adafruit_GFX8endWriteEv
 .text._ZN12Adafruit_GFX13drawFastVLineEiiij
                0x000028cc       0x72 F:\circuits\AD9833FunctionGenerator\Software\DDSVCO_v3\DDSVCO_v3\DDSVCO_v3\ArduinoCore\Debug\libArduinoCore.a(Adafruit_GFX.o)
                0x000028cc                _ZN12Adafruit_GFX13drawFastVLineEiiij
 .text._ZN12Adafruit_GFX13drawFastHLineEiiij
                0x0000293e       0x72 F:\circuits\AD9833FunctionGenerator\Software\DDSVCO_v3\DDSVCO_v3\DDSVCO_v3\ArduinoCore\Debug\libArduinoCore.a(Adafruit_GFX.o)
                0x0000293e                _ZN12Adafruit_GFX13drawFastHLineEiiij
 .text._ZN12Adafruit_GFX8fillRectEiiiij
                0x000029b0       0x8a F:\circuits\AD9833FunctionGenerator\Software\DDSVCO_v3\DDSVCO_v3\DDSVCO_v3\ArduinoCore\Debug\libArduinoCore.a(Adafruit_GFX.o)
                0x000029b0                _ZN12Adafruit_GFX8fillRectEiiiij
 .text._ZN12Adafruit_GFX10fillScreenEj
                0x00002a3a       0x3a F:\circuits\AD9833FunctionGenerator\Software\DDSVCO_v3\DDSVCO_v3\DDSVCO_v3\ArduinoCore\Debug\libArduinoCore.a(Adafruit_GFX.o)
                0x00002a3a                _ZN12Adafruit_GFX10fillScreenEj
 .text._ZN12Adafruit_GFX8drawLineEiiiij
                0x00002a74       0xda F:\circuits\AD9833FunctionGenerator\Software\DDSVCO_v3\DDSVCO_v3\DDSVCO_v3\ArduinoCore\Debug\libArduinoCore.a(Adafruit_GFX.o)
                0x00002a74                _ZN12Adafruit_GFX8drawLineEiiiij
 .text._ZN12Adafruit_GFX8drawRectEiiiij
                0x00002b4e       0xbe F:\circuits\AD9833FunctionGenerator\Software\DDSVCO_v3\DDSVCO_v3\DDSVCO_v3\ArduinoCore\Debug\libArduinoCore.a(Adafruit_GFX.o)
                0x00002b4e                _ZN12Adafruit_GFX8drawRectEiiiij
 .text._ZN12Adafruit_GFX13invertDisplayEb
                0x00002c0c        0x2 F:\circuits\AD9833FunctionGenerator\Software\DDSVCO_v3\DDSVCO_v3\DDSVCO_v3\ArduinoCore\Debug\libArduinoCore.a(Adafruit_GFX.o)
                0x00002c0c                _ZN12Adafruit_GFX13invertDisplayEb
 .text._ZN12Adafruit_GFX11setRotationEh
                0x00002c0e       0x2a F:\circuits\AD9833FunctionGenerator\Software\DDSVCO_v3\DDSVCO_v3\DDSVCO_v3\ArduinoCore\Debug\libArduinoCore.a(Adafruit_GFX.o)
                0x00002c0e                _ZN12Adafruit_GFX11setRotationEh
 .text._ZN12Adafruit_GFXC2Eii
                0x00002c38       0x42 F:\circuits\AD9833FunctionGenerator\Software\DDSVCO_v3\DDSVCO_v3\DDSVCO_v3\ArduinoCore\Debug\libArduinoCore.a(Adafruit_GFX.o)
                0x00002c38                _ZN12Adafruit_GFXC2Eii
                0x00002c38                _ZN12Adafruit_GFXC1Eii
 .text._ZN12Adafruit_GFX8drawCharEiihjjh
                0x00002c7a      0x434 F:\circuits\AD9833FunctionGenerator\Software\DDSVCO_v3\DDSVCO_v3\DDSVCO_v3\ArduinoCore\Debug\libArduinoCore.a(Adafruit_GFX.o)
                0x00002c7a                _ZN12Adafruit_GFX8drawCharEiihjjh
 .text._ZN12Adafruit_GFX5writeEh
                0x000030ae      0x1ac F:\circuits\AD9833FunctionGenerator\Software\DDSVCO_v3\DDSVCO_v3\DDSVCO_v3\ArduinoCore\Debug\libArduinoCore.a(Adafruit_GFX.o)
                0x000030ae                _ZN12Adafruit_GFX5writeEh
 .text._ZN12Adafruit_GFX9setCursorEii
                0x0000325a        0xc F:\circuits\AD9833FunctionGenerator\Software\DDSVCO_v3\DDSVCO_v3\DDSVCO_v3\ArduinoCore\Debug\libArduinoCore.a(Adafruit_GFX.o)
                0x0000325a                _ZN12Adafruit_GFX9setCursorEii
 .text._ZN12Adafruit_GFX11setTextSizeEh
                0x00003266        0xc F:\circuits\AD9833FunctionGenerator\Software\DDSVCO_v3\DDSVCO_v3\DDSVCO_v3\ArduinoCore\Debug\libArduinoCore.a(Adafruit_GFX.o)
                0x00003266                _ZN12Adafruit_GFX11setTextSizeEh
 .text._ZN12Adafruit_GFX12setTextColorEj
                0x00003272        0xc F:\circuits\AD9833FunctionGenerator\Software\DDSVCO_v3\DDSVCO_v3\DDSVCO_v3\ArduinoCore\Debug\libArduinoCore.a(Adafruit_GFX.o)
                0x00003272                _ZN12Adafruit_GFX12setTextColorEj
 .text._ZNK12Adafruit_GFX11getRotationEv
                0x0000327e        0x6 F:\circuits\AD9833FunctionGenerator\Software\DDSVCO_v3\DDSVCO_v3\DDSVCO_v3\ArduinoCore\Debug\libArduinoCore.a(Adafruit_GFX.o)
                0x0000327e                _ZNK12Adafruit_GFX11getRotationEv
 .text._ZNK12Adafruit_GFX5widthEv
                0x00003284        0x8 F:\circuits\AD9833FunctionGenerator\Software\DDSVCO_v3\DDSVCO_v3\DDSVCO_v3\ArduinoCore\Debug\libArduinoCore.a(Adafruit_GFX.o)
                0x00003284                _ZNK12Adafruit_GFX5widthEv
 .text._ZNK12Adafruit_GFX6heightEv
                0x0000328c        0x8 F:\circuits\AD9833FunctionGenerator\Software\DDSVCO_v3\DDSVCO_v3\DDSVCO_v3\ArduinoCore\Debug\libArduinoCore.a(Adafruit_GFX.o)
                0x0000328c                _ZNK12Adafruit_GFX6heightEv
 .text._ZN16Adafruit_SSD130613drawFastHLineEiiij
                0x00003294      0x2b6 F:\circuits\AD9833FunctionGenerator\Software\DDSVCO_v3\DDSVCO_v3\DDSVCO_v3\ArduinoCore\Debug\libArduinoCore.a(Adafruit_SSD1306.o)
                0x00003294                _ZN16Adafruit_SSD130613drawFastHLineEiiij
 .text._ZN16Adafruit_SSD130613drawFastVLineEiiij
                0x0000354a      0x2b4 F:\circuits\AD9833FunctionGenerator\Software\DDSVCO_v3\DDSVCO_v3\DDSVCO_v3\ArduinoCore\Debug\libArduinoCore.a(Adafruit_SSD1306.o)
                0x0000354a                _ZN16Adafruit_SSD130613drawFastVLineEiiij
 .text._ZN16Adafruit_SSD13069drawPixelEiij
                0x000037fe      0x16e F:\circuits\AD9833FunctionGenerator\Software\DDSVCO_v3\DDSVCO_v3\DDSVCO_v3\ArduinoCore\Debug\libArduinoCore.a(Adafruit_SSD1306.o)
                0x000037fe                _ZN16Adafruit_SSD13069drawPixelEiij
 .text._ZN16Adafruit_SSD1306C2Ea
                0x0000396c       0x32 F:\circuits\AD9833FunctionGenerator\Software\DDSVCO_v3\DDSVCO_v3\DDSVCO_v3\ArduinoCore\Debug\libArduinoCore.a(Adafruit_SSD1306.o)
                0x0000396c                _ZN16Adafruit_SSD1306C2Ea
                0x0000396c                _ZN16Adafruit_SSD1306C1Ea
 .text._ZN16Adafruit_SSD130612clearDisplayEv
                0x0000399e       0x16 F:\circuits\AD9833FunctionGenerator\Software\DDSVCO_v3\DDSVCO_v3\DDSVCO_v3\ArduinoCore\Debug\libArduinoCore.a(Adafruit_SSD1306.o)
                0x0000399e                _ZN16Adafruit_SSD130612clearDisplayEv
 .text._ZN16Adafruit_SSD130612fastSPIwriteEh
                0x000039b4       0x5a F:\circuits\AD9833FunctionGenerator\Software\DDSVCO_v3\DDSVCO_v3\DDSVCO_v3\ArduinoCore\Debug\libArduinoCore.a(Adafruit_SSD1306.o)
                0x000039b4                _ZN16Adafruit_SSD130612fastSPIwriteEh
 .text._ZN16Adafruit_SSD130615ssd1306_commandEh
                0x00003a0e       0x84 F:\circuits\AD9833FunctionGenerator\Software\DDSVCO_v3\DDSVCO_v3\DDSVCO_v3\ArduinoCore\Debug\libArduinoCore.a(Adafruit_SSD1306.o)
                0x00003a0e                _ZN16Adafruit_SSD130615ssd1306_commandEh
 .text._ZN16Adafruit_SSD13065beginEhhb
                0x00003a92      0x262 F:\circuits\AD9833FunctionGenerator\Software\DDSVCO_v3\DDSVCO_v3\DDSVCO_v3\ArduinoCore\Debug\libArduinoCore.a(Adafruit_SSD1306.o)
                0x00003a92                _ZN16Adafruit_SSD13065beginEhhb
 .text._ZN16Adafruit_SSD13067displayEv
                0x00003cf4      0x112 F:\circuits\AD9833FunctionGenerator\Software\DDSVCO_v3\DDSVCO_v3\DDSVCO_v3\ArduinoCore\Debug\libArduinoCore.a(Adafruit_SSD1306.o)
                0x00003cf4                _ZN16Adafruit_SSD13067displayEv
 .text._ZN8SPIClass5beginEv
                0x00003e06       0x6c F:\circuits\AD9833FunctionGenerator\Software\DDSVCO_v3\DDSVCO_v3\DDSVCO_v3\ArduinoCore\Debug\libArduinoCore.a(SPI.o)
                0x00003e06                _ZN8SPIClass5beginEv
 .text.__vector_13
                0x00003e72       0x4e F:\circuits\AD9833FunctionGenerator\Software\DDSVCO_v3\DDSVCO_v3\DDSVCO_v3\ArduinoCore\Debug\libArduinoCore.a(TimerOne.o)
                0x00003e72                __vector_13
 .text._ZN7TwoWire9availableEv
                0x00003ec0       0x10 F:\circuits\AD9833FunctionGenerator\Software\DDSVCO_v3\DDSVCO_v3\DDSVCO_v3\ArduinoCore\Debug\libArduinoCore.a(Wire.o)
                0x00003ec0                _ZN7TwoWire9availableEv
 .text._ZN7TwoWire4readEv
                0x00003ed0       0x28 F:\circuits\AD9833FunctionGenerator\Software\DDSVCO_v3\DDSVCO_v3\DDSVCO_v3\ArduinoCore\Debug\libArduinoCore.a(Wire.o)
                0x00003ed0                _ZN7TwoWire4readEv
 .text._ZN7TwoWire4peekEv
                0x00003ef8       0x1e F:\circuits\AD9833FunctionGenerator\Software\DDSVCO_v3\DDSVCO_v3\DDSVCO_v3\ArduinoCore\Debug\libArduinoCore.a(Wire.o)
                0x00003ef8                _ZN7TwoWire4peekEv
 .text._ZN7TwoWire5flushEv
                0x00003f16        0x2 F:\circuits\AD9833FunctionGenerator\Software\DDSVCO_v3\DDSVCO_v3\DDSVCO_v3\ArduinoCore\Debug\libArduinoCore.a(Wire.o)
                0x00003f16                _ZN7TwoWire5flushEv
 .text._ZN7TwoWire5writeEPKhj
                0x00003f18       0x5a F:\circuits\AD9833FunctionGenerator\Software\DDSVCO_v3\DDSVCO_v3\DDSVCO_v3\ArduinoCore\Debug\libArduinoCore.a(Wire.o)
                0x00003f18                _ZN7TwoWire5writeEPKhj
 .text._ZN7TwoWire5writeEh
                0x00003f72       0x5e F:\circuits\AD9833FunctionGenerator\Software\DDSVCO_v3\DDSVCO_v3\DDSVCO_v3\ArduinoCore\Debug\libArduinoCore.a(Wire.o)
                0x00003f72                _ZN7TwoWire5writeEh
 .text._ZN7TwoWireC2Ev
                0x00003fd0       0x20 F:\circuits\AD9833FunctionGenerator\Software\DDSVCO_v3\DDSVCO_v3\DDSVCO_v3\ArduinoCore\Debug\libArduinoCore.a(Wire.o)
                0x00003fd0                _ZN7TwoWireC1Ev
                0x00003fd0                _ZN7TwoWireC2Ev
 .text._ZN7TwoWire5beginEv
                0x00003ff0       0x14 F:\circuits\AD9833FunctionGenerator\Software\DDSVCO_v3\DDSVCO_v3\DDSVCO_v3\ArduinoCore\Debug\libArduinoCore.a(Wire.o)
                0x00003ff0                _ZN7TwoWire5beginEv
 .text._ZN7TwoWire17beginTransmissionEh
                0x00004004       0x14 F:\circuits\AD9833FunctionGenerator\Software\DDSVCO_v3\DDSVCO_v3\DDSVCO_v3\ArduinoCore\Debug\libArduinoCore.a(Wire.o)
                0x00004004                _ZN7TwoWire17beginTransmissionEh
 .text._ZN7TwoWire17beginTransmissionEi
                0x00004018        0x4 F:\circuits\AD9833FunctionGenerator\Software\DDSVCO_v3\DDSVCO_v3\DDSVCO_v3\ArduinoCore\Debug\libArduinoCore.a(Wire.o)
                0x00004018                _ZN7TwoWire17beginTransmissionEi
 .text._ZN7TwoWire15endTransmissionEh
                0x0000401c       0x26 F:\circuits\AD9833FunctionGenerator\Software\DDSVCO_v3\DDSVCO_v3\DDSVCO_v3\ArduinoCore\Debug\libArduinoCore.a(Wire.o)
                0x0000401c                _ZN7TwoWire15endTransmissionEh
 .text._ZN7TwoWire15endTransmissionEv
                0x00004042        0x6 F:\circuits\AD9833FunctionGenerator\Software\DDSVCO_v3\DDSVCO_v3\DDSVCO_v3\ArduinoCore\Debug\libArduinoCore.a(Wire.o)
                0x00004042                _ZN7TwoWire15endTransmissionEv
 .text.startup._GLOBAL__sub_I__ZN7TwoWire8rxBufferE
                0x00004048        0x8 F:\circuits\AD9833FunctionGenerator\Software\DDSVCO_v3\DDSVCO_v3\DDSVCO_v3\ArduinoCore\Debug\libArduinoCore.a(Wire.o)
 .text.__cxa_pure_virtual
                0x00004050        0x4 F:\circuits\AD9833FunctionGenerator\Software\DDSVCO_v3\DDSVCO_v3\DDSVCO_v3\ArduinoCore\Debug\libArduinoCore.a(abi.o)
                0x00004050                __cxa_pure_virtual
 .text.__empty  0x00004054        0x2 F:\circuits\AD9833FunctionGenerator\Software\DDSVCO_v3\DDSVCO_v3\DDSVCO_v3\ArduinoCore\Debug\libArduinoCore.a(hooks.o)
                0x00004054                yield
 .text.twi_init
                0x00004056       0x3c F:\circuits\AD9833FunctionGenerator\Software\DDSVCO_v3\DDSVCO_v3\DDSVCO_v3\ArduinoCore\Debug\libArduinoCore.a(twi.o)
                0x00004056                twi_init
 .text.twi_writeTo
                0x00004092       0xac F:\circuits\AD9833FunctionGenerator\Software\DDSVCO_v3\DDSVCO_v3\DDSVCO_v3\ArduinoCore\Debug\libArduinoCore.a(twi.o)
                0x00004092                twi_writeTo
 .text.twi_transmit
                0x0000413e       0x50 F:\circuits\AD9833FunctionGenerator\Software\DDSVCO_v3\DDSVCO_v3\DDSVCO_v3\ArduinoCore\Debug\libArduinoCore.a(twi.o)
                0x0000413e                twi_transmit
 .text.twi_stop
                0x0000418e       0x14 F:\circuits\AD9833FunctionGenerator\Software\DDSVCO_v3\DDSVCO_v3\DDSVCO_v3\ArduinoCore\Debug\libArduinoCore.a(twi.o)
                0x0000418e                twi_stop
 .text.twi_releaseBus
                0x000041a2        0xc F:\circuits\AD9833FunctionGenerator\Software\DDSVCO_v3\DDSVCO_v3\DDSVCO_v3\ArduinoCore\Debug\libArduinoCore.a(twi.o)
                0x000041a2                twi_releaseBus
 .text.__vector_24
                0x000041ae      0x25a F:\circuits\AD9833FunctionGenerator\Software\DDSVCO_v3\DDSVCO_v3\DDSVCO_v3\ArduinoCore\Debug\libArduinoCore.a(twi.o)
                0x000041ae                __vector_24
 .text.avr-libc.fplib
                0x00004408        0xa c:/program files (x86)/atmel/studio/7.0/toolchain/avr8/avr8-gnu-toolchain/bin/../lib/gcc/avr/5.4.0/../../../../avr/lib/avr5\libm.a(cmpsf2.o)
                0x00004408                __nesf2
                0x00004408                __eqsf2
                0x00004408                __cmpsf2
                0x00004408                __ltsf2
                0x00004408                __lesf2
 .text.avr-libc.fplib
                0x00004412       0x48 c:/program files (x86)/atmel/studio/7.0/toolchain/avr8/avr8-gnu-toolchain/bin/../lib/gcc/avr/5.4.0/../../../../avr/lib/avr5\libm.a(fp_cmp.o)
                0x00004412                __fp_cmp
 .text.avr-libc.fplib
                0x0000445a        0xa c:/program files (x86)/atmel/studio/7.0/toolchain/avr8/avr8-gnu-toolchain/bin/../lib/gcc/avr/5.4.0/../../../../avr/lib/avr5\libm.a(gesf2.o)
                0x0000445a                __gesf2
                0x0000445a                __gtsf2
 .text.avr-libc.fplib
                0x00004464        0xa c:/program files (x86)/atmel/studio/7.0/toolchain/avr8/avr8-gnu-toolchain/bin/../lib/gcc/avr/5.4.0/../../../../avr/lib/avr5\libm.a(unordsf2.o)
                0x00004464                __unordsf2
 .text.libgcc.mul
                0x0000446e       0x20 c:/program files (x86)/atmel/studio/7.0/toolchain/avr8/avr8-gnu-toolchain/bin/../lib/gcc/avr/5.4.0/avr5\libgcc.a(_mulsi3.o)
                0x0000446e                __mulsi3
 .text.libgcc.div
                0x0000448e       0x44 c:/program files (x86)/atmel/studio/7.0/toolchain/avr8/avr8-gnu-toolchain/bin/../lib/gcc/avr/5.4.0/avr5\libgcc.a(_udivmodsi4.o)
                0x0000448e                __udivmodsi4
 .text.libgcc.div
                0x000044d2       0x2e c:/program files (x86)/atmel/studio/7.0/toolchain/avr8/avr8-gnu-toolchain/bin/../lib/gcc/avr/5.4.0/avr5\libgcc.a(_divmodsi4.o)
                0x000044d2                __divmodsi4
 .text.libgcc.div
                0x00004500       0x10 c:/program files (x86)/atmel/studio/7.0/toolchain/avr8/avr8-gnu-toolchain/bin/../lib/gcc/avr/5.4.0/avr5\libgcc.a(_negsi2.o)
                0x00004500                __negsi2
 .text.libgcc.mul
                0x00004510       0x16 c:/program files (x86)/atmel/studio/7.0/toolchain/avr8/avr8-gnu-toolchain/bin/../lib/gcc/avr/5.4.0/avr5\libgcc.a(_muluhisi3.o)
                0x00004510                __muluhisi3
 .text.libgcc   0x00004526        0xc c:/program files (x86)/atmel/studio/7.0/toolchain/avr8/avr8-gnu-toolchain/bin/../lib/gcc/avr/5.4.0/avr5\libgcc.a(_tablejump2.o)
                0x00004526                __tablejump2__
 .text.libgcc.mul
                0x00004532       0x1e c:/program files (x86)/atmel/studio/7.0/toolchain/avr8/avr8-gnu-toolchain/bin/../lib/gcc/avr/5.4.0/avr5\libgcc.a(_umulhisi3.o)
                0x00004532                __umulhisi3
 .text.avr-libc
                0x00004550        0xa c:/program files (x86)/atmel/studio/7.0/toolchain/avr8/avr8-gnu-toolchain/bin/../lib/gcc/avr/5.4.0/../../../../avr/lib/avr5\libc.a(abort.o)
                0x00004550                abort
                0x0000455a                . = ALIGN (0x2)
 *(.fini9)
 .fini9         0x0000455a        0x0 c:/program files (x86)/atmel/studio/7.0/toolchain/avr8/avr8-gnu-toolchain/bin/../lib/gcc/avr/5.4.0/avr5\libgcc.a(_exit.o)
                0x0000455a                _exit
                0x0000455a                exit
 *(.fini9)
 *(.fini8)
 *(.fini8)
 *(.fini7)
 *(.fini7)
 *(.fini6)
 *(.fini6)
 *(.fini5)
 *(.fini5)
 *(.fini4)
 *(.fini4)
 *(.fini3)
 *(.fini3)
 *(.fini2)
 *(.fini2)
 *(.fini1)
 *(.fini1)
 *(.fini0)
 .fini0         0x0000455a        0x4 c:/program files (x86)/atmel/studio/7.0/toolchain/avr8/avr8-gnu-toolchain/bin/../lib/gcc/avr/5.4.0/avr5\libgcc.a(_exit.o)
 *(.fini0)
                0x0000455e                _etext = .

.data           0x00800100      0x2e0 load address 0x0000455e
                0x00800100                PROVIDE (__data_start, .)
 *(.data)
 *(.data*)
 .data.linespace
                0x00800100        0x2 main.o
                0x00800100                linespace
 .data.gainCompensation
                0x00800102        0x4 main.o
                0x00800102                gainCompensation
 .data.maxFreq  0x00800106        0x4 main.o
                0x00800106                maxFreq
 .data.PHASE0   0x0080010a        0x2 main.o
                0x0080010a                PHASE0
 .data.clkspeed
                0x0080010c        0x4 main.o
                0x0080010c                clkspeed
 .data.maxclkspeed
                0x00800110        0x4 main.o
                0x00800110                maxclkspeed
 .data.FREQZEROREG
                0x00800114        0x2 main.o
                0x00800114                FREQZEROREG
 .data._ZZN16Adafruit_SSD130621drawFastVLineInternalEiiijE8postmask
                0x00800116        0x8 F:\circuits\AD9833FunctionGenerator\Software\DDSVCO_v3\DDSVCO_v3\DDSVCO_v3\ArduinoCore\Debug\libArduinoCore.a(Adafruit_SSD1306.o)
                0x00800116                _ZZN16Adafruit_SSD130621drawFastVLineInternalEiiijE8postmask
 .data._ZZN16Adafruit_SSD130621drawFastVLineInternalEiiijE7premask
                0x0080011e        0x8 F:\circuits\AD9833FunctionGenerator\Software\DDSVCO_v3\DDSVCO_v3\DDSVCO_v3\ArduinoCore\Debug\libArduinoCore.a(Adafruit_SSD1306.o)
                0x0080011e                _ZZN16Adafruit_SSD130621drawFastVLineInternalEiiijE7premask
 .data._ZL6buffer
                0x00800126      0x200 F:\circuits\AD9833FunctionGenerator\Software\DDSVCO_v3\DDSVCO_v3\DDSVCO_v3\ArduinoCore\Debug\libArduinoCore.a(Adafruit_SSD1306.o)
 *(.gnu.linkonce.d*)
 *(.rodata)
 *(.rodata*)
 .rodata.str1.1
                0x00800326       0x2f main.o
                                 0x34 (size before relaxing)
 .rodata._ZTV14HardwareSerial
                0x00800355       0x12 F:\circuits\AD9833FunctionGenerator\Software\DDSVCO_v3\DDSVCO_v3\DDSVCO_v3\ArduinoCore\Debug\libArduinoCore.a(HardwareSerial.o)
                0x00800355                _ZTV14HardwareSerial
 .rodata.str1.1
                0x00800367        0xf F:\circuits\AD9833FunctionGenerator\Software\DDSVCO_v3\DDSVCO_v3\DDSVCO_v3\ArduinoCore\Debug\libArduinoCore.a(Print.o)
 .rodata._ZTV12Adafruit_GFX
                0x00800376       0x2c F:\circuits\AD9833FunctionGenerator\Software\DDSVCO_v3\DDSVCO_v3\DDSVCO_v3\ArduinoCore\Debug\libArduinoCore.a(Adafruit_GFX.o)
                0x00800376                _ZTV12Adafruit_GFX
 .rodata._ZTV16Adafruit_SSD1306
                0x008003a2       0x2c F:\circuits\AD9833FunctionGenerator\Software\DDSVCO_v3\DDSVCO_v3\DDSVCO_v3\ArduinoCore\Debug\libArduinoCore.a(Adafruit_SSD1306.o)
                0x008003a2                _ZTV16Adafruit_SSD1306
 .rodata._ZTV7TwoWire
                0x008003ce       0x12 F:\circuits\AD9833FunctionGenerator\Software\DDSVCO_v3\DDSVCO_v3\DDSVCO_v3\ArduinoCore\Debug\libArduinoCore.a(Wire.o)
                0x008003ce                _ZTV7TwoWire
 *(.gnu.linkonce.r*)
                0x008003e0                . = ALIGN (0x2)
                0x008003e0                _edata = .
                0x008003e0                PROVIDE (__data_end, .)

.bss            0x008003e0      0x20b
                0x008003e0                PROVIDE (__bss_start, .)
 *(.bss)
 *(.bss*)
 .bss.display   0x008003e0       0x2e main.o
                0x008003e0                display
 .bss.pd5_last_interrupt_time
                0x0080040e        0x4 main.o
                0x0080040e                pd5_last_interrupt_time
 .bss.pd6_last_interrupt_time
                0x00800412        0x4 main.o
                0x00800412                pd6_last_interrupt_time
 .bss.pd3_last_interrupt_time
                0x00800416        0x4 main.o
                0x00800416                pd3_last_interrupt_time
 .bss.pd2_last_interrupt_time
                0x0080041a        0x4 main.o
                0x0080041a                pd2_last_interrupt_time
 .bss._ZL13portSnapshotD
                0x0080041e        0x1 main.o
 .bss.fallingPinsPORTD
                0x0080041f        0x1 main.o
                0x0080041f                fallingPinsPORTD
 .bss.risingPinsPORTD
                0x00800420        0x1 main.o
                0x00800420                risingPinsPORTD
 .bss._ZL13portSnapshotC
                0x00800421        0x1 main.o
 .bss.fallingPinsPORTC
                0x00800422        0x1 main.o
                0x00800422                fallingPinsPORTC
 .bss.risingPinsPORTC
                0x00800423        0x1 main.o
                0x00800423                risingPinsPORTC
 .bss._ZL13portSnapshotB
                0x00800424        0x1 main.o
 .bss.fallingPinsPORTB
                0x00800425        0x1 main.o
                0x00800425                fallingPinsPORTB
 .bss.risingPinsPORTB
                0x00800426        0x1 main.o
                0x00800426                risingPinsPORTB
 .bss.portDFunctions
                0x00800427       0x10 main.o
                0x00800427                portDFunctions
 .bss.portCFunctions
                0x00800437        0xc main.o
                0x00800437                portCFunctions
 .bss.portBFunctions
                0x00800443        0xc main.o
                0x00800443                portBFunctions
 .bss.functionPointerArrayEXTERNAL
                0x0080044f        0x4 main.o
                0x0080044f                functionPointerArrayEXTERNAL
 .bss.pcmsk     0x00800453        0x2 main.o
                0x00800453                pcmsk
 .bss.currentFreq
                0x00800455        0x4 main.o
                0x00800455                currentFreq
 .bss.selectedLowerFreq
                0x00800459        0x4 main.o
                0x00800459                selectedLowerFreq
 .bss.selectedUpperFreq
                0x0080045d        0x4 main.o
                0x0080045d                selectedUpperFreq
 .bss.current_phase
                0x00800461        0x2 main.o
                0x00800461                current_phase
 .bss.mode      0x00800463        0x1 main.o
                0x00800463                mode
 .bss.sweepcounter
                0x00800464        0x4 main.o
                0x00800464                sweepcounter
 .bss.sweep_direction
                0x00800468        0x1 main.o
                0x00800468                sweep_direction
 .bss.func      0x00800469        0x1 main.o
                0x00800469                func
 .bss.dds_out_data
                0x0080046a        0x4 main.o
                0x0080046a                dds_out_data
 .bss.ADCInput6
                0x0080046e        0x2 main.o
                0x0080046e                ADCInput6
 .bss.ADCInput3
                0x00800470        0x2 main.o
                0x00800470                ADCInput3
 .bss.ADCInput2
                0x00800472        0x2 main.o
                0x00800472                ADCInput2
 .bss.ADCInput1
                0x00800474        0x2 main.o
                0x00800474                ADCInput1
 .bss.ADCInput  0x00800476        0x2 main.o
                0x00800476                ADCInput
 .bss.rawAdcValue
                0x00800478        0x4 main.o
                0x00800478                rawAdcValue
 .bss.Serial    0x0080047c       0x9d F:\circuits\AD9833FunctionGenerator\Software\DDSVCO_v3\DDSVCO_v3\DDSVCO_v3\ArduinoCore\Debug\libArduinoCore.a(HardwareSerial0.o)
                0x0080047c                Serial
 .bss.timer0_fract
                0x00800519        0x1 F:\circuits\AD9833FunctionGenerator\Software\DDSVCO_v3\DDSVCO_v3\DDSVCO_v3\ArduinoCore\Debug\libArduinoCore.a(wiring.o)
 .bss.timer0_millis
                0x0080051a        0x4 F:\circuits\AD9833FunctionGenerator\Software\DDSVCO_v3\DDSVCO_v3\DDSVCO_v3\ArduinoCore\Debug\libArduinoCore.a(wiring.o)
                0x0080051a                timer0_millis
 .bss.timer0_overflow_count
                0x0080051e        0x4 F:\circuits\AD9833FunctionGenerator\Software\DDSVCO_v3\DDSVCO_v3\DDSVCO_v3\ArduinoCore\Debug\libArduinoCore.a(wiring.o)
                0x0080051e                timer0_overflow_count
 .bss._ZN8SPIClass13interruptSaveE
                0x00800522        0x1 F:\circuits\AD9833FunctionGenerator\Software\DDSVCO_v3\DDSVCO_v3\DDSVCO_v3\ArduinoCore\Debug\libArduinoCore.a(SPI.o)
                0x00800522                _ZN8SPIClass13interruptSaveE
 .bss._ZN8SPIClass13interruptMaskE
                0x00800523        0x1 F:\circuits\AD9833FunctionGenerator\Software\DDSVCO_v3\DDSVCO_v3\DDSVCO_v3\ArduinoCore\Debug\libArduinoCore.a(SPI.o)
                0x00800523                _ZN8SPIClass13interruptMaskE
 .bss._ZN8SPIClass13interruptModeE
                0x00800524        0x1 F:\circuits\AD9833FunctionGenerator\Software\DDSVCO_v3\DDSVCO_v3\DDSVCO_v3\ArduinoCore\Debug\libArduinoCore.a(SPI.o)
                0x00800524                _ZN8SPIClass13interruptModeE
 .bss._ZN8SPIClass11initializedE
                0x00800525        0x1 F:\circuits\AD9833FunctionGenerator\Software\DDSVCO_v3\DDSVCO_v3\DDSVCO_v3\ArduinoCore\Debug\libArduinoCore.a(SPI.o)
                0x00800525                _ZN8SPIClass11initializedE
 .bss._ZN8TimerOne11isrCallbackE
                0x00800526        0x2 F:\circuits\AD9833FunctionGenerator\Software\DDSVCO_v3\DDSVCO_v3\DDSVCO_v3\ArduinoCore\Debug\libArduinoCore.a(TimerOne.o)
                0x00800526                _ZN8TimerOne11isrCallbackE
 .bss._ZN8TimerOne15clockSelectBitsE
                0x00800528        0x1 F:\circuits\AD9833FunctionGenerator\Software\DDSVCO_v3\DDSVCO_v3\DDSVCO_v3\ArduinoCore\Debug\libArduinoCore.a(TimerOne.o)
                0x00800528                _ZN8TimerOne15clockSelectBitsE
 .bss._ZN8TimerOne9pwmPeriodE
                0x00800529        0x2 F:\circuits\AD9833FunctionGenerator\Software\DDSVCO_v3\DDSVCO_v3\DDSVCO_v3\ArduinoCore\Debug\libArduinoCore.a(TimerOne.o)
                0x00800529                _ZN8TimerOne9pwmPeriodE
 .bss.Wire      0x0080052b        0xc F:\circuits\AD9833FunctionGenerator\Software\DDSVCO_v3\DDSVCO_v3\DDSVCO_v3\ArduinoCore\Debug\libArduinoCore.a(Wire.o)
                0x0080052b                Wire
 .bss._ZN7TwoWire12transmittingE
                0x00800537        0x1 F:\circuits\AD9833FunctionGenerator\Software\DDSVCO_v3\DDSVCO_v3\DDSVCO_v3\ArduinoCore\Debug\libArduinoCore.a(Wire.o)
                0x00800537                _ZN7TwoWire12transmittingE
 .bss._ZN7TwoWire14txBufferLengthE
                0x00800538        0x1 F:\circuits\AD9833FunctionGenerator\Software\DDSVCO_v3\DDSVCO_v3\DDSVCO_v3\ArduinoCore\Debug\libArduinoCore.a(Wire.o)
                0x00800538                _ZN7TwoWire14txBufferLengthE
 .bss._ZN7TwoWire13txBufferIndexE
                0x00800539        0x1 F:\circuits\AD9833FunctionGenerator\Software\DDSVCO_v3\DDSVCO_v3\DDSVCO_v3\ArduinoCore\Debug\libArduinoCore.a(Wire.o)
                0x00800539                _ZN7TwoWire13txBufferIndexE
 .bss._ZN7TwoWire8txBufferE
                0x0080053a       0x20 F:\circuits\AD9833FunctionGenerator\Software\DDSVCO_v3\DDSVCO_v3\DDSVCO_v3\ArduinoCore\Debug\libArduinoCore.a(Wire.o)
                0x0080053a                _ZN7TwoWire8txBufferE
 .bss._ZN7TwoWire9txAddressE
                0x0080055a        0x1 F:\circuits\AD9833FunctionGenerator\Software\DDSVCO_v3\DDSVCO_v3\DDSVCO_v3\ArduinoCore\Debug\libArduinoCore.a(Wire.o)
                0x0080055a                _ZN7TwoWire9txAddressE
 .bss._ZN7TwoWire14rxBufferLengthE
                0x0080055b        0x1 F:\circuits\AD9833FunctionGenerator\Software\DDSVCO_v3\DDSVCO_v3\DDSVCO_v3\ArduinoCore\Debug\libArduinoCore.a(Wire.o)
                0x0080055b                _ZN7TwoWire14rxBufferLengthE
 .bss._ZN7TwoWire13rxBufferIndexE
                0x0080055c        0x1 F:\circuits\AD9833FunctionGenerator\Software\DDSVCO_v3\DDSVCO_v3\DDSVCO_v3\ArduinoCore\Debug\libArduinoCore.a(Wire.o)
                0x0080055c                _ZN7TwoWire13rxBufferIndexE
 .bss._ZN7TwoWire8rxBufferE
                0x0080055d       0x20 F:\circuits\AD9833FunctionGenerator\Software\DDSVCO_v3\DDSVCO_v3\DDSVCO_v3\ArduinoCore\Debug\libArduinoCore.a(Wire.o)
                0x0080055d                _ZN7TwoWire8rxBufferE
 .bss.twi_error
                0x0080057d        0x1 F:\circuits\AD9833FunctionGenerator\Software\DDSVCO_v3\DDSVCO_v3\DDSVCO_v3\ArduinoCore\Debug\libArduinoCore.a(twi.o)
 .bss.twi_rxBufferIndex
                0x0080057e        0x1 F:\circuits\AD9833FunctionGenerator\Software\DDSVCO_v3\DDSVCO_v3\DDSVCO_v3\ArduinoCore\Debug\libArduinoCore.a(twi.o)
 .bss.twi_rxBuffer
                0x0080057f       0x20 F:\circuits\AD9833FunctionGenerator\Software\DDSVCO_v3\DDSVCO_v3\DDSVCO_v3\ArduinoCore\Debug\libArduinoCore.a(twi.o)
 .bss.twi_txBufferLength
                0x0080059f        0x1 F:\circuits\AD9833FunctionGenerator\Software\DDSVCO_v3\DDSVCO_v3\DDSVCO_v3\ArduinoCore\Debug\libArduinoCore.a(twi.o)
 .bss.twi_txBufferIndex
                0x008005a0        0x1 F:\circuits\AD9833FunctionGenerator\Software\DDSVCO_v3\DDSVCO_v3\DDSVCO_v3\ArduinoCore\Debug\libArduinoCore.a(twi.o)
 .bss.twi_txBuffer
                0x008005a1       0x20 F:\circuits\AD9833FunctionGenerator\Software\DDSVCO_v3\DDSVCO_v3\DDSVCO_v3\ArduinoCore\Debug\libArduinoCore.a(twi.o)
 .bss.twi_masterBufferLength
                0x008005c1        0x1 F:\circuits\AD9833FunctionGenerator\Software\DDSVCO_v3\DDSVCO_v3\DDSVCO_v3\ArduinoCore\Debug\libArduinoCore.a(twi.o)
 .bss.twi_masterBufferIndex
                0x008005c2        0x1 F:\circuits\AD9833FunctionGenerator\Software\DDSVCO_v3\DDSVCO_v3\DDSVCO_v3\ArduinoCore\Debug\libArduinoCore.a(twi.o)
 .bss.twi_masterBuffer
                0x008005c3       0x20 F:\circuits\AD9833FunctionGenerator\Software\DDSVCO_v3\DDSVCO_v3\DDSVCO_v3\ArduinoCore\Debug\libArduinoCore.a(twi.o)
 .bss.twi_onSlaveReceive
                0x008005e3        0x2 F:\circuits\AD9833FunctionGenerator\Software\DDSVCO_v3\DDSVCO_v3\DDSVCO_v3\ArduinoCore\Debug\libArduinoCore.a(twi.o)
 .bss.twi_onSlaveTransmit
                0x008005e5        0x2 F:\circuits\AD9833FunctionGenerator\Software\DDSVCO_v3\DDSVCO_v3\DDSVCO_v3\ArduinoCore\Debug\libArduinoCore.a(twi.o)
 .bss.twi_inRepStart
                0x008005e7        0x1 F:\circuits\AD9833FunctionGenerator\Software\DDSVCO_v3\DDSVCO_v3\DDSVCO_v3\ArduinoCore\Debug\libArduinoCore.a(twi.o)
 .bss.twi_sendStop
                0x008005e8        0x1 F:\circuits\AD9833FunctionGenerator\Software\DDSVCO_v3\DDSVCO_v3\DDSVCO_v3\ArduinoCore\Debug\libArduinoCore.a(twi.o)
 .bss.twi_slarw
                0x008005e9        0x1 F:\circuits\AD9833FunctionGenerator\Software\DDSVCO_v3\DDSVCO_v3\DDSVCO_v3\ArduinoCore\Debug\libArduinoCore.a(twi.o)
 .bss.twi_state
                0x008005ea        0x1 F:\circuits\AD9833FunctionGenerator\Software\DDSVCO_v3\DDSVCO_v3\DDSVCO_v3\ArduinoCore\Debug\libArduinoCore.a(twi.o)
 *(COMMON)
                0x008005eb                PROVIDE (__bss_end, .)
                0x0000455e                __data_load_start = LOADADDR (.data)
                0x0000483e                __data_load_end = (__data_load_start + SIZEOF (.data))

.noinit         0x008005eb        0x0
                [!provide]                PROVIDE (__noinit_start, .)
 *(.noinit*)
                [!provide]                PROVIDE (__noinit_end, .)
                0x008005eb                _end = .
                0x008005eb                PROVIDE (__heap_start, .)

.eeprom         0x00810000        0x0
 *(.eeprom*)
                0x00810000                __eeprom_end = .

.fuse
 *(.fuse)
 *(.lfuse)
 *(.hfuse)
 *(.efuse)

.lock
 *(.lock*)

.signature
 *(.signature*)

.user_signatures
 *(.user_signatures*)

.stab
 *(.stab)

.stabstr
 *(.stabstr)

.stab.excl
 *(.stab.excl)

.stab.exclstr
 *(.stab.exclstr)

.stab.index
 *(.stab.index)

.stab.indexstr
 *(.stab.indexstr)

.comment        0x00000000       0x30
 *(.comment)
 .comment       0x00000000       0x30 main.o
                                 0x31 (size before relaxing)
 .comment       0x00000030       0x31 F:\circuits\AD9833FunctionGenerator\Software\DDSVCO_v3\DDSVCO_v3\DDSVCO_v3\ArduinoCore\Debug\libArduinoCore.a(HardwareSerial.o)
 .comment       0x00000030       0x31 F:\circuits\AD9833FunctionGenerator\Software\DDSVCO_v3\DDSVCO_v3\DDSVCO_v3\ArduinoCore\Debug\libArduinoCore.a(HardwareSerial0.o)
 .comment       0x00000030       0x31 F:\circuits\AD9833FunctionGenerator\Software\DDSVCO_v3\DDSVCO_v3\DDSVCO_v3\ArduinoCore\Debug\libArduinoCore.a(Print.o)
 .comment       0x00000030       0x31 F:\circuits\AD9833FunctionGenerator\Software\DDSVCO_v3\DDSVCO_v3\DDSVCO_v3\ArduinoCore\Debug\libArduinoCore.a(wiring.o)
 .comment       0x00000030       0x31 F:\circuits\AD9833FunctionGenerator\Software\DDSVCO_v3\DDSVCO_v3\DDSVCO_v3\ArduinoCore\Debug\libArduinoCore.a(wiring_digital.o)
 .comment       0x00000030       0x31 F:\circuits\AD9833FunctionGenerator\Software\DDSVCO_v3\DDSVCO_v3\DDSVCO_v3\ArduinoCore\Debug\libArduinoCore.a(WMath.o)
 .comment       0x00000030       0x31 F:\circuits\AD9833FunctionGenerator\Software\DDSVCO_v3\DDSVCO_v3\DDSVCO_v3\ArduinoCore\Debug\libArduinoCore.a(Adafruit_GFX.o)
 .comment       0x00000030       0x31 F:\circuits\AD9833FunctionGenerator\Software\DDSVCO_v3\DDSVCO_v3\DDSVCO_v3\ArduinoCore\Debug\libArduinoCore.a(Adafruit_SSD1306.o)
 .comment       0x00000030       0x31 F:\circuits\AD9833FunctionGenerator\Software\DDSVCO_v3\DDSVCO_v3\DDSVCO_v3\ArduinoCore\Debug\libArduinoCore.a(SPI.o)
 .comment       0x00000030       0x31 F:\circuits\AD9833FunctionGenerator\Software\DDSVCO_v3\DDSVCO_v3\DDSVCO_v3\ArduinoCore\Debug\libArduinoCore.a(TimerOne.o)
 .comment       0x00000030       0x31 F:\circuits\AD9833FunctionGenerator\Software\DDSVCO_v3\DDSVCO_v3\DDSVCO_v3\ArduinoCore\Debug\libArduinoCore.a(Wire.o)
 .comment       0x00000030       0x31 F:\circuits\AD9833FunctionGenerator\Software\DDSVCO_v3\DDSVCO_v3\DDSVCO_v3\ArduinoCore\Debug\libArduinoCore.a(abi.o)
 .comment       0x00000030       0x31 F:\circuits\AD9833FunctionGenerator\Software\DDSVCO_v3\DDSVCO_v3\DDSVCO_v3\ArduinoCore\Debug\libArduinoCore.a(hooks.o)
 .comment       0x00000030       0x31 F:\circuits\AD9833FunctionGenerator\Software\DDSVCO_v3\DDSVCO_v3\DDSVCO_v3\ArduinoCore\Debug\libArduinoCore.a(twi.o)

.note.gnu.avr.deviceinfo
                0x00000000       0x40
 .note.gnu.avr.deviceinfo
                0x00000000       0x40 C:/Program Files (x86)/Atmel/Studio/7.0/Packs/Atmel/ATmega_DFP/1.2.272/gcc/dev/atmega328p/avr5/crtatmega328p.o

.note.gnu.build-id
 *(.note.gnu.build-id)

.debug
 *(.debug)

.line
 *(.line)

.debug_srcinfo
 *(.debug_srcinfo)

.debug_sfnames
 *(.debug_sfnames)

.debug_aranges  0x00000000      0x930
 *(.debug_aranges)
 .debug_aranges
                0x00000000      0x150 main.o
 .debug_aranges
                0x00000150       0x68 F:\circuits\AD9833FunctionGenerator\Software\DDSVCO_v3\DDSVCO_v3\DDSVCO_v3\ArduinoCore\Debug\libArduinoCore.a(HardwareSerial.o)
 .debug_aranges
                0x000001b8       0x48 F:\circuits\AD9833FunctionGenerator\Software\DDSVCO_v3\DDSVCO_v3\DDSVCO_v3\ArduinoCore\Debug\libArduinoCore.a(HardwareSerial0.o)
 .debug_aranges
                0x00000200      0x100 F:\circuits\AD9833FunctionGenerator\Software\DDSVCO_v3\DDSVCO_v3\DDSVCO_v3\ArduinoCore\Debug\libArduinoCore.a(Print.o)
 .debug_aranges
                0x00000300       0x48 F:\circuits\AD9833FunctionGenerator\Software\DDSVCO_v3\DDSVCO_v3\DDSVCO_v3\ArduinoCore\Debug\libArduinoCore.a(wiring.o)
 .debug_aranges
                0x00000348       0x38 F:\circuits\AD9833FunctionGenerator\Software\DDSVCO_v3\DDSVCO_v3\DDSVCO_v3\ArduinoCore\Debug\libArduinoCore.a(wiring_digital.o)
 .debug_aranges
                0x00000380       0x48 F:\circuits\AD9833FunctionGenerator\Software\DDSVCO_v3\DDSVCO_v3\DDSVCO_v3\ArduinoCore\Debug\libArduinoCore.a(WMath.o)
 .debug_aranges
                0x000003c8      0x2a0 F:\circuits\AD9833FunctionGenerator\Software\DDSVCO_v3\DDSVCO_v3\DDSVCO_v3\ArduinoCore\Debug\libArduinoCore.a(Adafruit_GFX.o)
 .debug_aranges
                0x00000668       0xb8 F:\circuits\AD9833FunctionGenerator\Software\DDSVCO_v3\DDSVCO_v3\DDSVCO_v3\ArduinoCore\Debug\libArduinoCore.a(Adafruit_SSD1306.o)
 .debug_aranges
                0x00000720       0x38 F:\circuits\AD9833FunctionGenerator\Software\DDSVCO_v3\DDSVCO_v3\DDSVCO_v3\ArduinoCore\Debug\libArduinoCore.a(SPI.o)
 .debug_aranges
                0x00000758       0x20 F:\circuits\AD9833FunctionGenerator\Software\DDSVCO_v3\DDSVCO_v3\DDSVCO_v3\ArduinoCore\Debug\libArduinoCore.a(TimerOne.o)
 .debug_aranges
                0x00000778       0xf8 F:\circuits\AD9833FunctionGenerator\Software\DDSVCO_v3\DDSVCO_v3\DDSVCO_v3\ArduinoCore\Debug\libArduinoCore.a(Wire.o)
 .debug_aranges
                0x00000870       0x20 F:\circuits\AD9833FunctionGenerator\Software\DDSVCO_v3\DDSVCO_v3\DDSVCO_v3\ArduinoCore\Debug\libArduinoCore.a(abi.o)
 .debug_aranges
                0x00000890       0x20 F:\circuits\AD9833FunctionGenerator\Software\DDSVCO_v3\DDSVCO_v3\DDSVCO_v3\ArduinoCore\Debug\libArduinoCore.a(hooks.o)
 .debug_aranges
                0x000008b0       0x80 F:\circuits\AD9833FunctionGenerator\Software\DDSVCO_v3\DDSVCO_v3\DDSVCO_v3\ArduinoCore\Debug\libArduinoCore.a(twi.o)

.debug_pubnames
 *(.debug_pubnames)

.debug_info     0x00000000    0x169f0
 *(.debug_info .gnu.linkonce.wi.*)
 .debug_info    0x00000000      0x5f4 C:/Program Files (x86)/Atmel/Studio/7.0/Packs/Atmel/ATmega_DFP/1.2.272/gcc/dev/atmega328p/avr5/crtatmega328p.o
 .debug_info    0x000005f4     0x27c3 main.o
 .debug_info    0x00002db7     0x1e89 F:\circuits\AD9833FunctionGenerator\Software\DDSVCO_v3\DDSVCO_v3\DDSVCO_v3\ArduinoCore\Debug\libArduinoCore.a(HardwareSerial.o)
 .debug_info    0x00004c40     0x1b16 F:\circuits\AD9833FunctionGenerator\Software\DDSVCO_v3\DDSVCO_v3\DDSVCO_v3\ArduinoCore\Debug\libArduinoCore.a(HardwareSerial0.o)
 .debug_info    0x00006756     0x28ff F:\circuits\AD9833FunctionGenerator\Software\DDSVCO_v3\DDSVCO_v3\DDSVCO_v3\ArduinoCore\Debug\libArduinoCore.a(Print.o)
 .debug_info    0x00009055      0x2cb F:\circuits\AD9833FunctionGenerator\Software\DDSVCO_v3\DDSVCO_v3\DDSVCO_v3\ArduinoCore\Debug\libArduinoCore.a(wiring.o)
 .debug_info    0x00009320      0x5fe F:\circuits\AD9833FunctionGenerator\Software\DDSVCO_v3\DDSVCO_v3\DDSVCO_v3\ArduinoCore\Debug\libArduinoCore.a(wiring_digital.o)
 .debug_info    0x0000991e      0x230 F:\circuits\AD9833FunctionGenerator\Software\DDSVCO_v3\DDSVCO_v3\DDSVCO_v3\ArduinoCore\Debug\libArduinoCore.a(WMath.o)
 .debug_info    0x00009b4e     0x72b9 F:\circuits\AD9833FunctionGenerator\Software\DDSVCO_v3\DDSVCO_v3\DDSVCO_v3\ArduinoCore\Debug\libArduinoCore.a(Adafruit_GFX.o)
 .debug_info    0x00010e07     0x2369 F:\circuits\AD9833FunctionGenerator\Software\DDSVCO_v3\DDSVCO_v3\DDSVCO_v3\ArduinoCore\Debug\libArduinoCore.a(Adafruit_SSD1306.o)
 .debug_info    0x00013170      0x66b F:\circuits\AD9833FunctionGenerator\Software\DDSVCO_v3\DDSVCO_v3\DDSVCO_v3\ArduinoCore\Debug\libArduinoCore.a(SPI.o)
 .debug_info    0x000137db      0x3a9 F:\circuits\AD9833FunctionGenerator\Software\DDSVCO_v3\DDSVCO_v3\DDSVCO_v3\ArduinoCore\Debug\libArduinoCore.a(TimerOne.o)
 .debug_info    0x00013b84     0x27b4 F:\circuits\AD9833FunctionGenerator\Software\DDSVCO_v3\DDSVCO_v3\DDSVCO_v3\ArduinoCore\Debug\libArduinoCore.a(Wire.o)
 .debug_info    0x00016338       0x76 F:\circuits\AD9833FunctionGenerator\Software\DDSVCO_v3\DDSVCO_v3\DDSVCO_v3\ArduinoCore\Debug\libArduinoCore.a(abi.o)
 .debug_info    0x000163ae       0x3e F:\circuits\AD9833FunctionGenerator\Software\DDSVCO_v3\DDSVCO_v3\DDSVCO_v3\ArduinoCore\Debug\libArduinoCore.a(hooks.o)
 .debug_info    0x000163ec      0x604 F:\circuits\AD9833FunctionGenerator\Software\DDSVCO_v3\DDSVCO_v3\DDSVCO_v3\ArduinoCore\Debug\libArduinoCore.a(twi.o)

.debug_abbrev   0x00000000     0x3506
 *(.debug_abbrev)
 .debug_abbrev  0x00000000      0x5a2 C:/Program Files (x86)/Atmel/Studio/7.0/Packs/Atmel/ATmega_DFP/1.2.272/gcc/dev/atmega328p/avr5/crtatmega328p.o
 .debug_abbrev  0x000005a2      0x746 main.o
 .debug_abbrev  0x00000ce8      0x432 F:\circuits\AD9833FunctionGenerator\Software\DDSVCO_v3\DDSVCO_v3\DDSVCO_v3\ArduinoCore\Debug\libArduinoCore.a(HardwareSerial.o)
 .debug_abbrev  0x0000111a      0x3ce F:\circuits\AD9833FunctionGenerator\Software\DDSVCO_v3\DDSVCO_v3\DDSVCO_v3\ArduinoCore\Debug\libArduinoCore.a(HardwareSerial0.o)
 .debug_abbrev  0x000014e8      0x47a F:\circuits\AD9833FunctionGenerator\Software\DDSVCO_v3\DDSVCO_v3\DDSVCO_v3\ArduinoCore\Debug\libArduinoCore.a(Print.o)
 .debug_abbrev  0x00001962      0x146 F:\circuits\AD9833FunctionGenerator\Software\DDSVCO_v3\DDSVCO_v3\DDSVCO_v3\ArduinoCore\Debug\libArduinoCore.a(wiring.o)
 .debug_abbrev  0x00001aa8      0x15b F:\circuits\AD9833FunctionGenerator\Software\DDSVCO_v3\DDSVCO_v3\DDSVCO_v3\ArduinoCore\Debug\libArduinoCore.a(wiring_digital.o)
 .debug_abbrev  0x00001c03      0x12b F:\circuits\AD9833FunctionGenerator\Software\DDSVCO_v3\DDSVCO_v3\DDSVCO_v3\ArduinoCore\Debug\libArduinoCore.a(WMath.o)
 .debug_abbrev  0x00001d2e      0x60c F:\circuits\AD9833FunctionGenerator\Software\DDSVCO_v3\DDSVCO_v3\DDSVCO_v3\ArduinoCore\Debug\libArduinoCore.a(Adafruit_GFX.o)
 .debug_abbrev  0x0000233a      0x58a F:\circuits\AD9833FunctionGenerator\Software\DDSVCO_v3\DDSVCO_v3\DDSVCO_v3\ArduinoCore\Debug\libArduinoCore.a(Adafruit_SSD1306.o)
 .debug_abbrev  0x000028c4      0x283 F:\circuits\AD9833FunctionGenerator\Software\DDSVCO_v3\DDSVCO_v3\DDSVCO_v3\ArduinoCore\Debug\libArduinoCore.a(SPI.o)
 .debug_abbrev  0x00002b47      0x147 F:\circuits\AD9833FunctionGenerator\Software\DDSVCO_v3\DDSVCO_v3\DDSVCO_v3\ArduinoCore\Debug\libArduinoCore.a(TimerOne.o)
 .debug_abbrev  0x00002c8e      0x581 F:\circuits\AD9833FunctionGenerator\Software\DDSVCO_v3\DDSVCO_v3\DDSVCO_v3\ArduinoCore\Debug\libArduinoCore.a(Wire.o)
 .debug_abbrev  0x0000320f       0x6d F:\circuits\AD9833FunctionGenerator\Software\DDSVCO_v3\DDSVCO_v3\DDSVCO_v3\ArduinoCore\Debug\libArduinoCore.a(abi.o)
 .debug_abbrev  0x0000327c       0x2a F:\circuits\AD9833FunctionGenerator\Software\DDSVCO_v3\DDSVCO_v3\DDSVCO_v3\ArduinoCore\Debug\libArduinoCore.a(hooks.o)
 .debug_abbrev  0x000032a6      0x260 F:\circuits\AD9833FunctionGenerator\Software\DDSVCO_v3\DDSVCO_v3\DDSVCO_v3\ArduinoCore\Debug\libArduinoCore.a(twi.o)

.debug_line     0x00000000     0x6290
 *(.debug_line .debug_line.* .debug_line_end)
 .debug_line    0x00000000      0x133 C:/Program Files (x86)/Atmel/Studio/7.0/Packs/Atmel/ATmega_DFP/1.2.272/gcc/dev/atmega328p/avr5/crtatmega328p.o
 .debug_line    0x00000133     0x1331 main.o
 .debug_line    0x00001464      0x43b F:\circuits\AD9833FunctionGenerator\Software\DDSVCO_v3\DDSVCO_v3\DDSVCO_v3\ArduinoCore\Debug\libArduinoCore.a(HardwareSerial.o)
 .debug_line    0x0000189f      0x2a1 F:\circuits\AD9833FunctionGenerator\Software\DDSVCO_v3\DDSVCO_v3\DDSVCO_v3\ArduinoCore\Debug\libArduinoCore.a(HardwareSerial0.o)
 .debug_line    0x00001b40      0x69a F:\circuits\AD9833FunctionGenerator\Software\DDSVCO_v3\DDSVCO_v3\DDSVCO_v3\ArduinoCore\Debug\libArduinoCore.a(Print.o)
 .debug_line    0x000021da      0x2ae F:\circuits\AD9833FunctionGenerator\Software\DDSVCO_v3\DDSVCO_v3\DDSVCO_v3\ArduinoCore\Debug\libArduinoCore.a(wiring.o)
 .debug_line    0x00002488      0x267 F:\circuits\AD9833FunctionGenerator\Software\DDSVCO_v3\DDSVCO_v3\DDSVCO_v3\ArduinoCore\Debug\libArduinoCore.a(wiring_digital.o)
 .debug_line    0x000026ef      0x143 F:\circuits\AD9833FunctionGenerator\Software\DDSVCO_v3\DDSVCO_v3\DDSVCO_v3\ArduinoCore\Debug\libArduinoCore.a(WMath.o)
 .debug_line    0x00002832     0x1e04 F:\circuits\AD9833FunctionGenerator\Software\DDSVCO_v3\DDSVCO_v3\DDSVCO_v3\ArduinoCore\Debug\libArduinoCore.a(Adafruit_GFX.o)
 .debug_line    0x00004636      0xc34 F:\circuits\AD9833FunctionGenerator\Software\DDSVCO_v3\DDSVCO_v3\DDSVCO_v3\ArduinoCore\Debug\libArduinoCore.a(Adafruit_SSD1306.o)
 .debug_line    0x0000526a      0x2f8 F:\circuits\AD9833FunctionGenerator\Software\DDSVCO_v3\DDSVCO_v3\DDSVCO_v3\ArduinoCore\Debug\libArduinoCore.a(SPI.o)
 .debug_line    0x00005562      0x14e F:\circuits\AD9833FunctionGenerator\Software\DDSVCO_v3\DDSVCO_v3\DDSVCO_v3\ArduinoCore\Debug\libArduinoCore.a(TimerOne.o)
 .debug_line    0x000056b0      0x5ec F:\circuits\AD9833FunctionGenerator\Software\DDSVCO_v3\DDSVCO_v3\DDSVCO_v3\ArduinoCore\Debug\libArduinoCore.a(Wire.o)
 .debug_line    0x00005c9c       0xa9 F:\circuits\AD9833FunctionGenerator\Software\DDSVCO_v3\DDSVCO_v3\DDSVCO_v3\ArduinoCore\Debug\libArduinoCore.a(abi.o)
 .debug_line    0x00005d45       0x41 F:\circuits\AD9833FunctionGenerator\Software\DDSVCO_v3\DDSVCO_v3\DDSVCO_v3\ArduinoCore\Debug\libArduinoCore.a(hooks.o)
 .debug_line    0x00005d86      0x50a F:\circuits\AD9833FunctionGenerator\Software\DDSVCO_v3\DDSVCO_v3\DDSVCO_v3\ArduinoCore\Debug\libArduinoCore.a(twi.o)

.debug_frame    0x00000000     0x2794
 *(.debug_frame)
 .debug_frame   0x00000000      0x628 main.o
 .debug_frame   0x00000628      0x110 F:\circuits\AD9833FunctionGenerator\Software\DDSVCO_v3\DDSVCO_v3\DDSVCO_v3\ArduinoCore\Debug\libArduinoCore.a(HardwareSerial.o)
 .debug_frame   0x00000738       0xe0 F:\circuits\AD9833FunctionGenerator\Software\DDSVCO_v3\DDSVCO_v3\DDSVCO_v3\ArduinoCore\Debug\libArduinoCore.a(HardwareSerial0.o)
 .debug_frame   0x00000818      0x3ac F:\circuits\AD9833FunctionGenerator\Software\DDSVCO_v3\DDSVCO_v3\DDSVCO_v3\ArduinoCore\Debug\libArduinoCore.a(Print.o)
 .debug_frame   0x00000bc4       0xc4 F:\circuits\AD9833FunctionGenerator\Software\DDSVCO_v3\DDSVCO_v3\DDSVCO_v3\ArduinoCore\Debug\libArduinoCore.a(wiring.o)
 .debug_frame   0x00000c88       0x7c F:\circuits\AD9833FunctionGenerator\Software\DDSVCO_v3\DDSVCO_v3\DDSVCO_v3\ArduinoCore\Debug\libArduinoCore.a(wiring_digital.o)
 .debug_frame   0x00000d04       0xf4 F:\circuits\AD9833FunctionGenerator\Software\DDSVCO_v3\DDSVCO_v3\DDSVCO_v3\ArduinoCore\Debug\libArduinoCore.a(WMath.o)
 .debug_frame   0x00000df8     0x1218 F:\circuits\AD9833FunctionGenerator\Software\DDSVCO_v3\DDSVCO_v3\DDSVCO_v3\ArduinoCore\Debug\libArduinoCore.a(Adafruit_GFX.o)
 .debug_frame   0x00002010      0x2ac F:\circuits\AD9833FunctionGenerator\Software\DDSVCO_v3\DDSVCO_v3\DDSVCO_v3\ArduinoCore\Debug\libArduinoCore.a(Adafruit_SSD1306.o)
 .debug_frame   0x000022bc       0x5c F:\circuits\AD9833FunctionGenerator\Software\DDSVCO_v3\DDSVCO_v3\DDSVCO_v3\ArduinoCore\Debug\libArduinoCore.a(SPI.o)
 .debug_frame   0x00002318       0x6c F:\circuits\AD9833FunctionGenerator\Software\DDSVCO_v3\DDSVCO_v3\DDSVCO_v3\ArduinoCore\Debug\libArduinoCore.a(TimerOne.o)
 .debug_frame   0x00002384      0x284 F:\circuits\AD9833FunctionGenerator\Software\DDSVCO_v3\DDSVCO_v3\DDSVCO_v3\ArduinoCore\Debug\libArduinoCore.a(Wire.o)
 .debug_frame   0x00002608       0x34 F:\circuits\AD9833FunctionGenerator\Software\DDSVCO_v3\DDSVCO_v3\DDSVCO_v3\ArduinoCore\Debug\libArduinoCore.a(abi.o)
 .debug_frame   0x0000263c       0x24 F:\circuits\AD9833FunctionGenerator\Software\DDSVCO_v3\DDSVCO_v3\DDSVCO_v3\ArduinoCore\Debug\libArduinoCore.a(hooks.o)
 .debug_frame   0x00002660      0x134 F:\circuits\AD9833FunctionGenerator\Software\DDSVCO_v3\DDSVCO_v3\DDSVCO_v3\ArduinoCore\Debug\libArduinoCore.a(twi.o)

.debug_str      0x00000000     0x4d1e
 *(.debug_str)
 .debug_str     0x00000000      0x208 C:/Program Files (x86)/Atmel/Studio/7.0/Packs/Atmel/ATmega_DFP/1.2.272/gcc/dev/atmega328p/avr5/crtatmega328p.o
 .debug_str     0x00000208     0x1397 main.o
                               0x1464 (size before relaxing)
 .debug_str     0x0000159f     0x12e2 F:\circuits\AD9833FunctionGenerator\Software\DDSVCO_v3\DDSVCO_v3\DDSVCO_v3\ArduinoCore\Debug\libArduinoCore.a(HardwareSerial.o)
                               0x15f4 (size before relaxing)
 .debug_str     0x00002881       0x86 F:\circuits\AD9833FunctionGenerator\Software\DDSVCO_v3\DDSVCO_v3\DDSVCO_v3\ArduinoCore\Debug\libArduinoCore.a(HardwareSerial0.o)
                               0x1410 (size before relaxing)
 .debug_str     0x00002907      0x375 F:\circuits\AD9833FunctionGenerator\Software\DDSVCO_v3\DDSVCO_v3\DDSVCO_v3\ArduinoCore\Debug\libArduinoCore.a(Print.o)
                               0x124a (size before relaxing)
 .debug_str     0x00002c7c      0x153 F:\circuits\AD9833FunctionGenerator\Software\DDSVCO_v3\DDSVCO_v3\DDSVCO_v3\ArduinoCore\Debug\libArduinoCore.a(wiring.o)
                                0x252 (size before relaxing)
 .debug_str     0x00002dcf       0x77 F:\circuits\AD9833FunctionGenerator\Software\DDSVCO_v3\DDSVCO_v3\DDSVCO_v3\ArduinoCore\Debug\libArduinoCore.a(wiring_digital.o)
                                0x2b7 (size before relaxing)
 .debug_str     0x00002e46       0xac F:\circuits\AD9833FunctionGenerator\Software\DDSVCO_v3\DDSVCO_v3\DDSVCO_v3\ArduinoCore\Debug\libArduinoCore.a(WMath.o)
                                0x255 (size before relaxing)
 .debug_str     0x00002ef2     0x10a2 F:\circuits\AD9833FunctionGenerator\Software\DDSVCO_v3\DDSVCO_v3\DDSVCO_v3\ArduinoCore\Debug\libArduinoCore.a(Adafruit_GFX.o)
                               0x2067 (size before relaxing)
 .debug_str     0x00003f94      0x5b6 F:\circuits\AD9833FunctionGenerator\Software\DDSVCO_v3\DDSVCO_v3\DDSVCO_v3\ArduinoCore\Debug\libArduinoCore.a(Adafruit_SSD1306.o)
                                0xe26 (size before relaxing)
 .debug_str     0x0000454a       0x9f F:\circuits\AD9833FunctionGenerator\Software\DDSVCO_v3\DDSVCO_v3\DDSVCO_v3\ArduinoCore\Debug\libArduinoCore.a(SPI.o)
                                0x6b5 (size before relaxing)
 .debug_str     0x000045e9       0x85 F:\circuits\AD9833FunctionGenerator\Software\DDSVCO_v3\DDSVCO_v3\DDSVCO_v3\ArduinoCore\Debug\libArduinoCore.a(TimerOne.o)
                                0x4c5 (size before relaxing)
 .debug_str     0x0000466e      0x513 F:\circuits\AD9833FunctionGenerator\Software\DDSVCO_v3\DDSVCO_v3\DDSVCO_v3\ArduinoCore\Debug\libArduinoCore.a(Wire.o)
                               0x18c9 (size before relaxing)
 .debug_str     0x00004b81       0x30 F:\circuits\AD9833FunctionGenerator\Software\DDSVCO_v3\DDSVCO_v3\DDSVCO_v3\ArduinoCore\Debug\libArduinoCore.a(abi.o)
                                0x1a6 (size before relaxing)
 .debug_str     0x00004bb1       0x1c F:\circuits\AD9833FunctionGenerator\Software\DDSVCO_v3\DDSVCO_v3\DDSVCO_v3\ArduinoCore\Debug\libArduinoCore.a(hooks.o)
                                0x147 (size before relaxing)
 .debug_str     0x00004bcd      0x151 F:\circuits\AD9833FunctionGenerator\Software\DDSVCO_v3\DDSVCO_v3\DDSVCO_v3\ArduinoCore\Debug\libArduinoCore.a(twi.o)
                                0x3d2 (size before relaxing)

.debug_loc      0x00000000    0x11734
 *(.debug_loc)
 .debug_loc     0x00000000     0x1be9 main.o
 .debug_loc     0x00001be9      0x482 F:\circuits\AD9833FunctionGenerator\Software\DDSVCO_v3\DDSVCO_v3\DDSVCO_v3\ArduinoCore\Debug\libArduinoCore.a(HardwareSerial.o)
 .debug_loc     0x0000206b      0x1b0 F:\circuits\AD9833FunctionGenerator\Software\DDSVCO_v3\DDSVCO_v3\DDSVCO_v3\ArduinoCore\Debug\libArduinoCore.a(HardwareSerial0.o)
 .debug_loc     0x0000221b     0x1c87 F:\circuits\AD9833FunctionGenerator\Software\DDSVCO_v3\DDSVCO_v3\DDSVCO_v3\ArduinoCore\Debug\libArduinoCore.a(Print.o)
 .debug_loc     0x00003ea2      0x28d F:\circuits\AD9833FunctionGenerator\Software\DDSVCO_v3\DDSVCO_v3\DDSVCO_v3\ArduinoCore\Debug\libArduinoCore.a(wiring.o)
 .debug_loc     0x0000412f      0x5fc F:\circuits\AD9833FunctionGenerator\Software\DDSVCO_v3\DDSVCO_v3\DDSVCO_v3\ArduinoCore\Debug\libArduinoCore.a(wiring_digital.o)
 .debug_loc     0x0000472b      0x3d6 F:\circuits\AD9833FunctionGenerator\Software\DDSVCO_v3\DDSVCO_v3\DDSVCO_v3\ArduinoCore\Debug\libArduinoCore.a(WMath.o)
 .debug_loc     0x00004b01     0x975a F:\circuits\AD9833FunctionGenerator\Software\DDSVCO_v3\DDSVCO_v3\DDSVCO_v3\ArduinoCore\Debug\libArduinoCore.a(Adafruit_GFX.o)
 .debug_loc     0x0000e25b     0x2247 F:\circuits\AD9833FunctionGenerator\Software\DDSVCO_v3\DDSVCO_v3\DDSVCO_v3\ArduinoCore\Debug\libArduinoCore.a(Adafruit_SSD1306.o)
 .debug_loc     0x000104a2      0x1e4 F:\circuits\AD9833FunctionGenerator\Software\DDSVCO_v3\DDSVCO_v3\DDSVCO_v3\ArduinoCore\Debug\libArduinoCore.a(SPI.o)
 .debug_loc     0x00010686       0xcb F:\circuits\AD9833FunctionGenerator\Software\DDSVCO_v3\DDSVCO_v3\DDSVCO_v3\ArduinoCore\Debug\libArduinoCore.a(TimerOne.o)
 .debug_loc     0x00010751      0xbfd F:\circuits\AD9833FunctionGenerator\Software\DDSVCO_v3\DDSVCO_v3\DDSVCO_v3\ArduinoCore\Debug\libArduinoCore.a(Wire.o)
 .debug_loc     0x0001134e      0x3e6 F:\circuits\AD9833FunctionGenerator\Software\DDSVCO_v3\DDSVCO_v3\DDSVCO_v3\ArduinoCore\Debug\libArduinoCore.a(twi.o)

.debug_macinfo
 *(.debug_macinfo)

.debug_weaknames
 *(.debug_weaknames)

.debug_funcnames
 *(.debug_funcnames)

.debug_typenames
 *(.debug_typenames)

.debug_varnames
 *(.debug_varnames)

.debug_pubtypes
 *(.debug_pubtypes)

.debug_ranges   0x00000000      0xb10
 *(.debug_ranges)
 .debug_ranges  0x00000000      0x1d0 main.o
 .debug_ranges  0x000001d0       0x58 F:\circuits\AD9833FunctionGenerator\Software\DDSVCO_v3\DDSVCO_v3\DDSVCO_v3\ArduinoCore\Debug\libArduinoCore.a(HardwareSerial.o)
 .debug_ranges  0x00000228       0x38 F:\circuits\AD9833FunctionGenerator\Software\DDSVCO_v3\DDSVCO_v3\DDSVCO_v3\ArduinoCore\Debug\libArduinoCore.a(HardwareSerial0.o)
 .debug_ranges  0x00000260      0x120 F:\circuits\AD9833FunctionGenerator\Software\DDSVCO_v3\DDSVCO_v3\DDSVCO_v3\ArduinoCore\Debug\libArduinoCore.a(Print.o)
 .debug_ranges  0x00000380       0x38 F:\circuits\AD9833FunctionGenerator\Software\DDSVCO_v3\DDSVCO_v3\DDSVCO_v3\ArduinoCore\Debug\libArduinoCore.a(wiring.o)
 .debug_ranges  0x000003b8       0x28 F:\circuits\AD9833FunctionGenerator\Software\DDSVCO_v3\DDSVCO_v3\DDSVCO_v3\ArduinoCore\Debug\libArduinoCore.a(wiring_digital.o)
 .debug_ranges  0x000003e0       0x38 F:\circuits\AD9833FunctionGenerator\Software\DDSVCO_v3\DDSVCO_v3\DDSVCO_v3\ArduinoCore\Debug\libArduinoCore.a(WMath.o)
 .debug_ranges  0x00000418      0x458 F:\circuits\AD9833FunctionGenerator\Software\DDSVCO_v3\DDSVCO_v3\DDSVCO_v3\ArduinoCore\Debug\libArduinoCore.a(Adafruit_GFX.o)
 .debug_ranges  0x00000870       0xf0 F:\circuits\AD9833FunctionGenerator\Software\DDSVCO_v3\DDSVCO_v3\DDSVCO_v3\ArduinoCore\Debug\libArduinoCore.a(Adafruit_SSD1306.o)
 .debug_ranges  0x00000960       0x28 F:\circuits\AD9833FunctionGenerator\Software\DDSVCO_v3\DDSVCO_v3\DDSVCO_v3\ArduinoCore\Debug\libArduinoCore.a(SPI.o)
 .debug_ranges  0x00000988       0x10 F:\circuits\AD9833FunctionGenerator\Software\DDSVCO_v3\DDSVCO_v3\DDSVCO_v3\ArduinoCore\Debug\libArduinoCore.a(TimerOne.o)
 .debug_ranges  0x00000998       0xe8 F:\circuits\AD9833FunctionGenerator\Software\DDSVCO_v3\DDSVCO_v3\DDSVCO_v3\ArduinoCore\Debug\libArduinoCore.a(Wire.o)
 .debug_ranges  0x00000a80       0x10 F:\circuits\AD9833FunctionGenerator\Software\DDSVCO_v3\DDSVCO_v3\DDSVCO_v3\ArduinoCore\Debug\libArduinoCore.a(abi.o)
 .debug_ranges  0x00000a90       0x10 F:\circuits\AD9833FunctionGenerator\Software\DDSVCO_v3\DDSVCO_v3\DDSVCO_v3\ArduinoCore\Debug\libArduinoCore.a(hooks.o)
 .debug_ranges  0x00000aa0       0x70 F:\circuits\AD9833FunctionGenerator\Software\DDSVCO_v3\DDSVCO_v3\DDSVCO_v3\ArduinoCore\Debug\libArduinoCore.a(twi.o)

.debug_macro
 *(.debug_macro)
OUTPUT(AD9833FunctionGenerator.elf elf32-avr)
LOAD linker stubs
