Archive member included to satisfy reference by file (symbol)

h:/programs/atmel/studio/7.0/toolchain/avr8/avr8-gnu-toolchain/bin/../lib/gcc/avr/5.4.0/avr5\libgcc.a(_udivmodsi4.o)
                              2Wire.o (__udivmodsi4)
h:/programs/atmel/studio/7.0/toolchain/avr8/avr8-gnu-toolchain/bin/../lib/gcc/avr/5.4.0/avr5\libgcc.a(_exit.o)
                              H:/Programs/Atmel/Studio/7.0/Packs/Atmel/ATmega_DFP/1.2.272/gcc/dev/atmega328p/avr5/crtatmega328p.o (exit)
h:/programs/atmel/studio/7.0/toolchain/avr8/avr8-gnu-toolchain/bin/../lib/gcc/avr/5.4.0/avr5\libgcc.a(_tablejump2.o)
                              2Wire.o (__tablejump2__)
h:/programs/atmel/studio/7.0/toolchain/avr8/avr8-gnu-toolchain/bin/../lib/gcc/avr/5.4.0/avr5\libgcc.a(_copy_data.o)
                              2Wire.o (__do_copy_data)
h:/programs/atmel/studio/7.0/toolchain/avr8/avr8-gnu-toolchain/bin/../lib/gcc/avr/5.4.0/avr5\libgcc.a(_clear_bss.o)
                              2Wire.o (__do_clear_bss)

Discarded input sections

 .data          0x00000000        0x0 H:/Programs/Atmel/Studio/7.0/Packs/Atmel/ATmega_DFP/1.2.272/gcc/dev/atmega328p/avr5/crtatmega328p.o
 .bss           0x00000000        0x0 H:/Programs/Atmel/Studio/7.0/Packs/Atmel/ATmega_DFP/1.2.272/gcc/dev/atmega328p/avr5/crtatmega328p.o
 .text          0x00000000        0x0 2Wire.o
 .data          0x00000000        0x0 2Wire.o
 .bss           0x00000000        0x0 2Wire.o
 .rodata.SquareUnityLvl
                0x00000000        0x2 2Wire.o
 .rodata.SineUnityLvl
                0x00000000        0x2 2Wire.o
 .rodata.TriUnityLvl
                0x00000000        0x2 2Wire.o
 .rodata.SquareOffsetLvl
                0x00000000        0x2 2Wire.o
 .rodata.SineOffsetLvl
                0x00000000        0x2 2Wire.o
 .rodata.TriOffsetLvl
                0x00000000        0x2 2Wire.o
 .text.twowire_init
                0x00000000       0x68 2Wire.o
 .text.twowire_disable
                0x00000000       0x34 2Wire.o
 .text.twowire_setAddress
                0x00000000       0x22 2Wire.o
 .text.twowire_setFrequency
                0x00000000       0x5e 2Wire.o
 .text.twowire_readFrom
                0x00000000      0x10a 2Wire.o
 .text.twowire_transmit
                0x00000000       0x92 2Wire.o
 .text.twowire_attachSlaveRxEvent
                0x00000000       0x26 2Wire.o
 .text.twowire_attachSlaveTxEvent
                0x00000000       0x26 2Wire.o
 .text          0x00000000        0x0 main.o
 .data          0x00000000        0x0 main.o
 .bss           0x00000000        0x0 main.o
 .rodata._ZL14SquareUnityLvl
                0x00000000        0x2 main.o
 .rodata._ZL12SineUnityLvl
                0x00000000        0x2 main.o
 .rodata._ZL11TriUnityLvl
                0x00000000        0x2 main.o
 .rodata._ZL15SquareOffsetLvl
                0x00000000        0x2 main.o
 .rodata._ZL13SineOffsetLvl
                0x00000000        0x2 main.o
 .rodata._ZL12TriOffsetLvl
                0x00000000        0x2 main.o
 .bss._ZL9twi_state
                0x00000000        0x1 main.o
 .bss._ZL9twi_slarw
                0x00000000        0x1 main.o
 .bss._ZL12twi_sendStop
                0x00000000        0x1 main.o
 .bss._ZL14twi_inRepStart
                0x00000000        0x1 main.o
 .bss._ZL23twowire_onSlaveTransmit
                0x00000000        0x2 main.o
 .bss._ZL22twowire_onSlaveReceive
                0x00000000        0x2 main.o
 .bss._ZL16twi_masterBuffer
                0x00000000       0x20 main.o
 .bss._ZL21twi_masterBufferIndex
                0x00000000        0x1 main.o
 .bss._ZL22twi_masterBufferLength
                0x00000000        0x1 main.o
 .bss._ZL12twi_txBuffer
                0x00000000       0x20 main.o
 .bss._ZL17twi_txBufferIndex
                0x00000000        0x1 main.o
 .bss._ZL18twi_txBufferLength
                0x00000000        0x1 main.o
 .bss._ZL12twi_rxBuffer
                0x00000000       0x20 main.o
 .bss._ZL17twi_rxBufferIndex
                0x00000000        0x1 main.o
 .bss._ZL9twi_error
                0x00000000        0x1 main.o
 .bss.outBuffer
                0x00000000       0x20 main.o
 .text          0x00000000        0x0 h:/programs/atmel/studio/7.0/toolchain/avr8/avr8-gnu-toolchain/bin/../lib/gcc/avr/5.4.0/avr5\libgcc.a(_udivmodsi4.o)
 .data          0x00000000        0x0 h:/programs/atmel/studio/7.0/toolchain/avr8/avr8-gnu-toolchain/bin/../lib/gcc/avr/5.4.0/avr5\libgcc.a(_udivmodsi4.o)
 .bss           0x00000000        0x0 h:/programs/atmel/studio/7.0/toolchain/avr8/avr8-gnu-toolchain/bin/../lib/gcc/avr/5.4.0/avr5\libgcc.a(_udivmodsi4.o)
 .text.libgcc.mul
                0x00000000        0x0 h:/programs/atmel/studio/7.0/toolchain/avr8/avr8-gnu-toolchain/bin/../lib/gcc/avr/5.4.0/avr5\libgcc.a(_udivmodsi4.o)
 .text.libgcc.div
                0x00000000       0x44 h:/programs/atmel/studio/7.0/toolchain/avr8/avr8-gnu-toolchain/bin/../lib/gcc/avr/5.4.0/avr5\libgcc.a(_udivmodsi4.o)
 .text.libgcc   0x00000000        0x0 h:/programs/atmel/studio/7.0/toolchain/avr8/avr8-gnu-toolchain/bin/../lib/gcc/avr/5.4.0/avr5\libgcc.a(_udivmodsi4.o)
 .text.libgcc.prologue
                0x00000000        0x0 h:/programs/atmel/studio/7.0/toolchain/avr8/avr8-gnu-toolchain/bin/../lib/gcc/avr/5.4.0/avr5\libgcc.a(_udivmodsi4.o)
 .text.libgcc.builtins
                0x00000000        0x0 h:/programs/atmel/studio/7.0/toolchain/avr8/avr8-gnu-toolchain/bin/../lib/gcc/avr/5.4.0/avr5\libgcc.a(_udivmodsi4.o)
 .text.libgcc.fmul
                0x00000000        0x0 h:/programs/atmel/studio/7.0/toolchain/avr8/avr8-gnu-toolchain/bin/../lib/gcc/avr/5.4.0/avr5\libgcc.a(_udivmodsi4.o)
 .text.libgcc.fixed
                0x00000000        0x0 h:/programs/atmel/studio/7.0/toolchain/avr8/avr8-gnu-toolchain/bin/../lib/gcc/avr/5.4.0/avr5\libgcc.a(_udivmodsi4.o)
 .text          0x00000000        0x0 h:/programs/atmel/studio/7.0/toolchain/avr8/avr8-gnu-toolchain/bin/../lib/gcc/avr/5.4.0/avr5\libgcc.a(_exit.o)
 .data          0x00000000        0x0 h:/programs/atmel/studio/7.0/toolchain/avr8/avr8-gnu-toolchain/bin/../lib/gcc/avr/5.4.0/avr5\libgcc.a(_exit.o)
 .bss           0x00000000        0x0 h:/programs/atmel/studio/7.0/toolchain/avr8/avr8-gnu-toolchain/bin/../lib/gcc/avr/5.4.0/avr5\libgcc.a(_exit.o)
 .text.libgcc.mul
                0x00000000        0x0 h:/programs/atmel/studio/7.0/toolchain/avr8/avr8-gnu-toolchain/bin/../lib/gcc/avr/5.4.0/avr5\libgcc.a(_exit.o)
 .text.libgcc.div
                0x00000000        0x0 h:/programs/atmel/studio/7.0/toolchain/avr8/avr8-gnu-toolchain/bin/../lib/gcc/avr/5.4.0/avr5\libgcc.a(_exit.o)
 .text.libgcc   0x00000000        0x0 h:/programs/atmel/studio/7.0/toolchain/avr8/avr8-gnu-toolchain/bin/../lib/gcc/avr/5.4.0/avr5\libgcc.a(_exit.o)
 .text.libgcc.prologue
                0x00000000        0x0 h:/programs/atmel/studio/7.0/toolchain/avr8/avr8-gnu-toolchain/bin/../lib/gcc/avr/5.4.0/avr5\libgcc.a(_exit.o)
 .text.libgcc.builtins
                0x00000000        0x0 h:/programs/atmel/studio/7.0/toolchain/avr8/avr8-gnu-toolchain/bin/../lib/gcc/avr/5.4.0/avr5\libgcc.a(_exit.o)
 .text.libgcc.fmul
                0x00000000        0x0 h:/programs/atmel/studio/7.0/toolchain/avr8/avr8-gnu-toolchain/bin/../lib/gcc/avr/5.4.0/avr5\libgcc.a(_exit.o)
 .text.libgcc.fixed
                0x00000000        0x0 h:/programs/atmel/studio/7.0/toolchain/avr8/avr8-gnu-toolchain/bin/../lib/gcc/avr/5.4.0/avr5\libgcc.a(_exit.o)
 .text          0x00000000        0x0 h:/programs/atmel/studio/7.0/toolchain/avr8/avr8-gnu-toolchain/bin/../lib/gcc/avr/5.4.0/avr5\libgcc.a(_tablejump2.o)
 .data          0x00000000        0x0 h:/programs/atmel/studio/7.0/toolchain/avr8/avr8-gnu-toolchain/bin/../lib/gcc/avr/5.4.0/avr5\libgcc.a(_tablejump2.o)
 .bss           0x00000000        0x0 h:/programs/atmel/studio/7.0/toolchain/avr8/avr8-gnu-toolchain/bin/../lib/gcc/avr/5.4.0/avr5\libgcc.a(_tablejump2.o)
 .text.libgcc.mul
                0x00000000        0x0 h:/programs/atmel/studio/7.0/toolchain/avr8/avr8-gnu-toolchain/bin/../lib/gcc/avr/5.4.0/avr5\libgcc.a(_tablejump2.o)
 .text.libgcc.div
                0x00000000        0x0 h:/programs/atmel/studio/7.0/toolchain/avr8/avr8-gnu-toolchain/bin/../lib/gcc/avr/5.4.0/avr5\libgcc.a(_tablejump2.o)
 .text.libgcc.prologue
                0x00000000        0x0 h:/programs/atmel/studio/7.0/toolchain/avr8/avr8-gnu-toolchain/bin/../lib/gcc/avr/5.4.0/avr5\libgcc.a(_tablejump2.o)
 .text.libgcc.builtins
                0x00000000        0x0 h:/programs/atmel/studio/7.0/toolchain/avr8/avr8-gnu-toolchain/bin/../lib/gcc/avr/5.4.0/avr5\libgcc.a(_tablejump2.o)
 .text.libgcc.fmul
                0x00000000        0x0 h:/programs/atmel/studio/7.0/toolchain/avr8/avr8-gnu-toolchain/bin/../lib/gcc/avr/5.4.0/avr5\libgcc.a(_tablejump2.o)
 .text.libgcc.fixed
                0x00000000        0x0 h:/programs/atmel/studio/7.0/toolchain/avr8/avr8-gnu-toolchain/bin/../lib/gcc/avr/5.4.0/avr5\libgcc.a(_tablejump2.o)
 .text          0x00000000        0x0 h:/programs/atmel/studio/7.0/toolchain/avr8/avr8-gnu-toolchain/bin/../lib/gcc/avr/5.4.0/avr5\libgcc.a(_copy_data.o)
 .data          0x00000000        0x0 h:/programs/atmel/studio/7.0/toolchain/avr8/avr8-gnu-toolchain/bin/../lib/gcc/avr/5.4.0/avr5\libgcc.a(_copy_data.o)
 .bss           0x00000000        0x0 h:/programs/atmel/studio/7.0/toolchain/avr8/avr8-gnu-toolchain/bin/../lib/gcc/avr/5.4.0/avr5\libgcc.a(_copy_data.o)
 .text.libgcc.mul
                0x00000000        0x0 h:/programs/atmel/studio/7.0/toolchain/avr8/avr8-gnu-toolchain/bin/../lib/gcc/avr/5.4.0/avr5\libgcc.a(_copy_data.o)
 .text.libgcc.div
                0x00000000        0x0 h:/programs/atmel/studio/7.0/toolchain/avr8/avr8-gnu-toolchain/bin/../lib/gcc/avr/5.4.0/avr5\libgcc.a(_copy_data.o)
 .text.libgcc   0x00000000        0x0 h:/programs/atmel/studio/7.0/toolchain/avr8/avr8-gnu-toolchain/bin/../lib/gcc/avr/5.4.0/avr5\libgcc.a(_copy_data.o)
 .text.libgcc.prologue
                0x00000000        0x0 h:/programs/atmel/studio/7.0/toolchain/avr8/avr8-gnu-toolchain/bin/../lib/gcc/avr/5.4.0/avr5\libgcc.a(_copy_data.o)
 .text.libgcc.builtins
                0x00000000        0x0 h:/programs/atmel/studio/7.0/toolchain/avr8/avr8-gnu-toolchain/bin/../lib/gcc/avr/5.4.0/avr5\libgcc.a(_copy_data.o)
 .text.libgcc.fmul
                0x00000000        0x0 h:/programs/atmel/studio/7.0/toolchain/avr8/avr8-gnu-toolchain/bin/../lib/gcc/avr/5.4.0/avr5\libgcc.a(_copy_data.o)
 .text.libgcc.fixed
                0x00000000        0x0 h:/programs/atmel/studio/7.0/toolchain/avr8/avr8-gnu-toolchain/bin/../lib/gcc/avr/5.4.0/avr5\libgcc.a(_copy_data.o)
 .text          0x00000000        0x0 h:/programs/atmel/studio/7.0/toolchain/avr8/avr8-gnu-toolchain/bin/../lib/gcc/avr/5.4.0/avr5\libgcc.a(_clear_bss.o)
 .data          0x00000000        0x0 h:/programs/atmel/studio/7.0/toolchain/avr8/avr8-gnu-toolchain/bin/../lib/gcc/avr/5.4.0/avr5\libgcc.a(_clear_bss.o)
 .bss           0x00000000        0x0 h:/programs/atmel/studio/7.0/toolchain/avr8/avr8-gnu-toolchain/bin/../lib/gcc/avr/5.4.0/avr5\libgcc.a(_clear_bss.o)
 .text.libgcc.mul
                0x00000000        0x0 h:/programs/atmel/studio/7.0/toolchain/avr8/avr8-gnu-toolchain/bin/../lib/gcc/avr/5.4.0/avr5\libgcc.a(_clear_bss.o)
 .text.libgcc.div
                0x00000000        0x0 h:/programs/atmel/studio/7.0/toolchain/avr8/avr8-gnu-toolchain/bin/../lib/gcc/avr/5.4.0/avr5\libgcc.a(_clear_bss.o)
 .text.libgcc   0x00000000        0x0 h:/programs/atmel/studio/7.0/toolchain/avr8/avr8-gnu-toolchain/bin/../lib/gcc/avr/5.4.0/avr5\libgcc.a(_clear_bss.o)
 .text.libgcc.prologue
                0x00000000        0x0 h:/programs/atmel/studio/7.0/toolchain/avr8/avr8-gnu-toolchain/bin/../lib/gcc/avr/5.4.0/avr5\libgcc.a(_clear_bss.o)
 .text.libgcc.builtins
                0x00000000        0x0 h:/programs/atmel/studio/7.0/toolchain/avr8/avr8-gnu-toolchain/bin/../lib/gcc/avr/5.4.0/avr5\libgcc.a(_clear_bss.o)
 .text.libgcc.fmul
                0x00000000        0x0 h:/programs/atmel/studio/7.0/toolchain/avr8/avr8-gnu-toolchain/bin/../lib/gcc/avr/5.4.0/avr5\libgcc.a(_clear_bss.o)
 .text.libgcc.fixed
                0x00000000        0x0 h:/programs/atmel/studio/7.0/toolchain/avr8/avr8-gnu-toolchain/bin/../lib/gcc/avr/5.4.0/avr5\libgcc.a(_clear_bss.o)

Memory Configuration

Name             Origin             Length             Attributes
text             0x00000000         0x00020000         xr
data             0x00800060         0x0000ffa0         rw !x
eeprom           0x00810000         0x00010000         rw !x
fuse             0x00820000         0x00000003         rw !x
lock             0x00830000         0x00000400         rw !x
signature        0x00840000         0x00000400         rw !x
user_signatures  0x00850000         0x00000400         rw !x
*default*        0x00000000         0xffffffff

Linker script and memory map

Address of section .data set to 0x800100
LOAD H:/Programs/Atmel/Studio/7.0/Packs/Atmel/ATmega_DFP/1.2.272/gcc/dev/atmega328p/avr5/crtatmega328p.o
LOAD 2Wire.o
LOAD main.o
START GROUP
LOAD h:/programs/atmel/studio/7.0/toolchain/avr8/avr8-gnu-toolchain/bin/../lib/gcc/avr/5.4.0/../../../../avr/lib/avr5\libm.a
END GROUP
LOAD h:/programs/atmel/studio/7.0/toolchain/avr8/avr8-gnu-toolchain/bin/../lib/gcc/avr/5.4.0/avr5\libgcc.a
LOAD h:/programs/atmel/studio/7.0/toolchain/avr8/avr8-gnu-toolchain/bin/../lib/gcc/avr/5.4.0/../../../../avr/lib/avr5\libm.a
START GROUP
LOAD h:/programs/atmel/studio/7.0/toolchain/avr8/avr8-gnu-toolchain/bin/../lib/gcc/avr/5.4.0/avr5\libgcc.a
LOAD h:/programs/atmel/studio/7.0/toolchain/avr8/avr8-gnu-toolchain/bin/../lib/gcc/avr/5.4.0/../../../../avr/lib/avr5\libm.a
LOAD h:/programs/atmel/studio/7.0/toolchain/avr8/avr8-gnu-toolchain/bin/../lib/gcc/avr/5.4.0/../../../../avr/lib/avr5\libc.a
LOAD H:/Programs/Atmel/Studio/7.0/Packs/Atmel/ATmega_DFP/1.2.272/gcc/dev/atmega328p/avr5\libatmega328p.a
END GROUP
                0x00020000                __TEXT_REGION_LENGTH__ = DEFINED (__TEXT_REGION_LENGTH__)?__TEXT_REGION_LENGTH__:0x20000
                0x0000ffa0                __DATA_REGION_LENGTH__ = DEFINED (__DATA_REGION_LENGTH__)?__DATA_REGION_LENGTH__:0xffa0
                0x00010000                __EEPROM_REGION_LENGTH__ = DEFINED (__EEPROM_REGION_LENGTH__)?__EEPROM_REGION_LENGTH__:0x10000
                [0x00000003]                __FUSE_REGION_LENGTH__ = DEFINED (__FUSE_REGION_LENGTH__)?__FUSE_REGION_LENGTH__:0x400
                0x00000400                __LOCK_REGION_LENGTH__ = DEFINED (__LOCK_REGION_LENGTH__)?__LOCK_REGION_LENGTH__:0x400
                0x00000400                __SIGNATURE_REGION_LENGTH__ = DEFINED (__SIGNATURE_REGION_LENGTH__)?__SIGNATURE_REGION_LENGTH__:0x400
                0x00000400                __USER_SIGNATURE_REGION_LENGTH__ = DEFINED (__USER_SIGNATURE_REGION_LENGTH__)?__USER_SIGNATURE_REGION_LENGTH__:0x400

.hash
 *(.hash)

.dynsym
 *(.dynsym)

.dynstr
 *(.dynstr)

.gnu.version
 *(.gnu.version)

.gnu.version_d
 *(.gnu.version_d)

.gnu.version_r
 *(.gnu.version_r)

.rel.init
 *(.rel.init)

.rela.init
 *(.rela.init)

.rel.text
 *(.rel.text)
 *(.rel.text.*)
 *(.rel.gnu.linkonce.t*)

.rela.text
 *(.rela.text)
 *(.rela.text.*)
 *(.rela.gnu.linkonce.t*)

.rel.fini
 *(.rel.fini)

.rela.fini
 *(.rela.fini)

.rel.rodata
 *(.rel.rodata)
 *(.rel.rodata.*)
 *(.rel.gnu.linkonce.r*)

.rela.rodata
 *(.rela.rodata)
 *(.rela.rodata.*)
 *(.rela.gnu.linkonce.r*)

.rel.data
 *(.rel.data)
 *(.rel.data.*)
 *(.rel.gnu.linkonce.d*)

.rela.data
 *(.rela.data)
 *(.rela.data.*)
 *(.rela.gnu.linkonce.d*)

.rel.ctors
 *(.rel.ctors)

.rela.ctors
 *(.rela.ctors)

.rel.dtors
 *(.rel.dtors)

.rela.dtors
 *(.rela.dtors)

.rel.got
 *(.rel.got)

.rela.got
 *(.rela.got)

.rel.bss
 *(.rel.bss)

.rela.bss
 *(.rela.bss)

.rel.plt
 *(.rel.plt)

.rela.plt
 *(.rela.plt)

.text           0x00000000      0x83e
 *(.vectors)
 .vectors       0x00000000       0x68 H:/Programs/Atmel/Studio/7.0/Packs/Atmel/ATmega_DFP/1.2.272/gcc/dev/atmega328p/avr5/crtatmega328p.o
                0x00000000                __vector_default
                0x00000000                __vectors
 *(.vectors)
 *(.progmem.gcc*)
 .progmem.gcc_sw_table.__vector_24
                0x00000068      0x1f2 2Wire.o
                0x0000025a                . = ALIGN (0x2)
                0x0000025a                __trampolines_start = .
 *(.trampolines)
 .trampolines   0x0000025a        0x0 linker stubs
 *(.trampolines*)
                0x0000025a                __trampolines_end = .
 *libprintf_flt.a:*(.progmem.data)
 *libc.a:*(.progmem.data)
 *(.progmem*)
                0x0000025a                . = ALIGN (0x2)
 *(.jumptables)
 *(.jumptables*)
 *(.lowtext)
 *(.lowtext*)
                0x0000025a                __ctors_start = .
 *(.ctors)
                0x0000025a                __ctors_end = .
                0x0000025a                __dtors_start = .
 *(.dtors)
                0x0000025a                __dtors_end = .
 SORT(*)(.ctors)
 SORT(*)(.dtors)
 *(.init0)
 .init0         0x0000025a        0x0 H:/Programs/Atmel/Studio/7.0/Packs/Atmel/ATmega_DFP/1.2.272/gcc/dev/atmega328p/avr5/crtatmega328p.o
                0x0000025a                __init
 *(.init0)
 *(.init1)
 *(.init1)
 *(.init2)
 .init2         0x0000025a        0xc H:/Programs/Atmel/Studio/7.0/Packs/Atmel/ATmega_DFP/1.2.272/gcc/dev/atmega328p/avr5/crtatmega328p.o
 *(.init2)
 *(.init3)
 *(.init3)
 *(.init4)
 .init4         0x00000266       0x16 h:/programs/atmel/studio/7.0/toolchain/avr8/avr8-gnu-toolchain/bin/../lib/gcc/avr/5.4.0/avr5\libgcc.a(_copy_data.o)
                0x00000266                __do_copy_data
 .init4         0x0000027c       0x10 h:/programs/atmel/studio/7.0/toolchain/avr8/avr8-gnu-toolchain/bin/../lib/gcc/avr/5.4.0/avr5\libgcc.a(_clear_bss.o)
                0x0000027c                __do_clear_bss
 *(.init4)
 *(.init5)
 *(.init5)
 *(.init6)
 *(.init6)
 *(.init7)
 *(.init7)
 *(.init8)
 *(.init8)
 *(.init9)
 .init9         0x0000028c        0x8 H:/Programs/Atmel/Studio/7.0/Packs/Atmel/ATmega_DFP/1.2.272/gcc/dev/atmega328p/avr5/crtatmega328p.o
 *(.init9)
 *(.text)
 .text          0x00000294        0x4 H:/Programs/Atmel/Studio/7.0/Packs/Atmel/ATmega_DFP/1.2.272/gcc/dev/atmega328p/avr5/crtatmega328p.o
                0x00000294                __vector_22
                0x00000294                __vector_1
                0x00000294                __vector_12
                0x00000294                __bad_interrupt
                0x00000294                __vector_6
                0x00000294                __vector_3
                0x00000294                __vector_23
                0x00000294                __vector_25
                0x00000294                __vector_11
                0x00000294                __vector_13
                0x00000294                __vector_17
                0x00000294                __vector_19
                0x00000294                __vector_7
                0x00000294                __vector_5
                0x00000294                __vector_4
                0x00000294                __vector_9
                0x00000294                __vector_2
                0x00000294                __vector_21
                0x00000294                __vector_15
                0x00000294                __vector_8
                0x00000294                __vector_14
                0x00000294                __vector_10
                0x00000294                __vector_16
                0x00000294                __vector_18
                0x00000294                __vector_20
                0x00000298                . = ALIGN (0x2)
 *(.text.*)
 .text.twowire_writeTo
                0x00000298      0x12c 2Wire.o
                0x00000298                twowire_writeTo
 .text.twowire_reply
                0x000003c4       0x32 2Wire.o
                0x000003c4                twowire_reply
 .text.twowire_stop
                0x000003f6       0x36 2Wire.o
                0x000003f6                twowire_stop
 .text.twowire_releaseBus
                0x0000042c       0x1e 2Wire.o
                0x0000042c                twowire_releaseBus
 .text.__vector_24
                0x0000044a      0x2b0 2Wire.o
                0x0000044a                __vector_24
 .text._Z12SSD1306_initv
                0x000006fa       0x4a main.o
                0x000006fa                _Z12SSD1306_initv
 .text._Z20SSD1306_InitSequencev
                0x00000744       0xac main.o
                0x00000744                _Z20SSD1306_InitSequencev
 .text._Z15SSD1306_commandh
                0x000007f0       0x30 main.o
                0x000007f0                _Z15SSD1306_commandh
 .text.main     0x00000820        0xe main.o
                0x00000820                main
 .text.libgcc   0x0000082e        0xc h:/programs/atmel/studio/7.0/toolchain/avr8/avr8-gnu-toolchain/bin/../lib/gcc/avr/5.4.0/avr5\libgcc.a(_tablejump2.o)
                0x0000082e                __tablejump2__
                0x0000083a                . = ALIGN (0x2)
 *(.fini9)
 .fini9         0x0000083a        0x0 h:/programs/atmel/studio/7.0/toolchain/avr8/avr8-gnu-toolchain/bin/../lib/gcc/avr/5.4.0/avr5\libgcc.a(_exit.o)
                0x0000083a                _exit
                0x0000083a                exit
 *(.fini9)
 *(.fini8)
 *(.fini8)
 *(.fini7)
 *(.fini7)
 *(.fini6)
 *(.fini6)
 *(.fini5)
 *(.fini5)
 *(.fini4)
 *(.fini4)
 *(.fini3)
 *(.fini3)
 *(.fini2)
 *(.fini2)
 *(.fini1)
 *(.fini1)
 *(.fini0)
 .fini0         0x0000083a        0x4 h:/programs/atmel/studio/7.0/toolchain/avr8/avr8-gnu-toolchain/bin/../lib/gcc/avr/5.4.0/avr5\libgcc.a(_exit.o)
 *(.fini0)
                0x0000083e                _etext = .

.data           0x00800100        0x0 load address 0x0000083e
                0x00800100                PROVIDE (__data_start, .)
 *(.data)
 *(.data*)
 *(.gnu.linkonce.d*)
 *(.rodata)
 *(.rodata*)
 *(.gnu.linkonce.r*)
                0x00800100                . = ALIGN (0x2)
                0x00800100                _edata = .
                0x00800100                PROVIDE (__data_end, .)

.bss            0x00800100       0x6e
                0x00800100                PROVIDE (__bss_start, .)
 *(.bss)
 *(.bss*)
 .bss.twi_state
                0x00800100        0x1 2Wire.o
 .bss.twi_slarw
                0x00800101        0x1 2Wire.o
 .bss.twi_sendStop
                0x00800102        0x1 2Wire.o
 .bss.twi_inRepStart
                0x00800103        0x1 2Wire.o
 .bss.twowire_onSlaveTransmit
                0x00800104        0x2 2Wire.o
 .bss.twowire_onSlaveReceive
                0x00800106        0x2 2Wire.o
 .bss.twi_masterBuffer
                0x00800108       0x20 2Wire.o
 .bss.twi_masterBufferIndex
                0x00800128        0x1 2Wire.o
 .bss.twi_masterBufferLength
                0x00800129        0x1 2Wire.o
 .bss.twi_txBuffer
                0x0080012a       0x20 2Wire.o
 .bss.twi_txBufferIndex
                0x0080014a        0x1 2Wire.o
 .bss.twi_txBufferLength
                0x0080014b        0x1 2Wire.o
 .bss.twi_rxBuffer
                0x0080014c       0x20 2Wire.o
 .bss.twi_rxBufferIndex
                0x0080016c        0x1 2Wire.o
 .bss.twi_error
                0x0080016d        0x1 2Wire.o
 *(COMMON)
                0x0080016e                PROVIDE (__bss_end, .)
                0x0000083e                __data_load_start = LOADADDR (.data)
                0x0000083e                __data_load_end = (__data_load_start + SIZEOF (.data))

.noinit         0x0080016e        0x0
                [!provide]                PROVIDE (__noinit_start, .)
 *(.noinit*)
                [!provide]                PROVIDE (__noinit_end, .)
                0x0080016e                _end = .
                [!provide]                PROVIDE (__heap_start, .)

.eeprom         0x00810000        0x0
 *(.eeprom*)
                0x00810000                __eeprom_end = .

.fuse
 *(.fuse)
 *(.lfuse)
 *(.hfuse)
 *(.efuse)

.lock
 *(.lock*)

.signature
 *(.signature*)

.user_signatures
 *(.user_signatures*)

.stab
 *(.stab)

.stabstr
 *(.stabstr)

.stab.excl
 *(.stab.excl)

.stab.exclstr
 *(.stab.exclstr)

.stab.index
 *(.stab.index)

.stab.indexstr
 *(.stab.indexstr)

.comment        0x00000000       0x30
 *(.comment)
 .comment       0x00000000       0x30 2Wire.o
                                 0x31 (size before relaxing)
 .comment       0x00000030       0x31 main.o

.note.gnu.avr.deviceinfo
                0x00000000       0x40
 .note.gnu.avr.deviceinfo
                0x00000000       0x40 H:/Programs/Atmel/Studio/7.0/Packs/Atmel/ATmega_DFP/1.2.272/gcc/dev/atmega328p/avr5/crtatmega328p.o

.note.gnu.build-id
 *(.note.gnu.build-id)

.debug
 *(.debug)

.line
 *(.line)

.debug_srcinfo
 *(.debug_srcinfo)

.debug_sfnames
 *(.debug_sfnames)

.debug_aranges  0x00000000       0xb8
 *(.debug_aranges)
 .debug_aranges
                0x00000000       0x80 2Wire.o
 .debug_aranges
                0x00000080       0x38 main.o

.debug_pubnames
 *(.debug_pubnames)

.debug_info     0x00000000      0xd43
 *(.debug_info .gnu.linkonce.wi.*)
 .debug_info    0x00000000      0x5f4 H:/Programs/Atmel/Studio/7.0/Packs/Atmel/ATmega_DFP/1.2.272/gcc/dev/atmega328p/avr5/crtatmega328p.o
 .debug_info    0x000005f4      0x4a2 2Wire.o
 .debug_info    0x00000a96      0x2ad main.o

.debug_abbrev   0x00000000      0x839
 *(.debug_abbrev)
 .debug_abbrev  0x00000000      0x5a2 H:/Programs/Atmel/Studio/7.0/Packs/Atmel/ATmega_DFP/1.2.272/gcc/dev/atmega328p/avr5/crtatmega328p.o
 .debug_abbrev  0x000005a2      0x198 2Wire.o
 .debug_abbrev  0x0000073a       0xff main.o

.debug_line     0x00000000      0x905
 *(.debug_line .debug_line.* .debug_line_end)
 .debug_line    0x00000000      0x133 H:/Programs/Atmel/Studio/7.0/Packs/Atmel/ATmega_DFP/1.2.272/gcc/dev/atmega328p/avr5/crtatmega328p.o
 .debug_line    0x00000133      0x60a 2Wire.o
 .debug_line    0x0000073d      0x1c8 main.o

.debug_frame    0x00000000      0x2a8
 *(.debug_frame)
 .debug_frame   0x00000000      0x20c 2Wire.o
 .debug_frame   0x0000020c       0x9c main.o

.debug_str      0x00000000      0x759
 *(.debug_str)
 .debug_str     0x00000000      0x208 H:/Programs/Atmel/Studio/7.0/Packs/Atmel/ATmega_DFP/1.2.272/gcc/dev/atmega328p/avr5/crtatmega328p.o
 .debug_str     0x00000208      0x3e5 2Wire.o
                                0x422 (size before relaxing)
 .debug_str     0x000005ed      0x16c main.o
                                0x3ad (size before relaxing)

.debug_loc      0x00000000      0x549
 *(.debug_loc)
 .debug_loc     0x00000000      0x443 2Wire.o
 .debug_loc     0x00000443      0x106 main.o

.debug_macinfo
 *(.debug_macinfo)

.debug_weaknames
 *(.debug_weaknames)

.debug_funcnames
 *(.debug_funcnames)

.debug_typenames
 *(.debug_typenames)

.debug_varnames
 *(.debug_varnames)

.debug_pubtypes
 *(.debug_pubtypes)

.debug_ranges   0x00000000       0x98
 *(.debug_ranges)
 .debug_ranges  0x00000000       0x70 2Wire.o
 .debug_ranges  0x00000070       0x28 main.o

.debug_macro
 *(.debug_macro)
OUTPUT(DDSVCO_v2.elf elf32-avr)
LOAD linker stubs
